Component: ARM Compiler 5.06 update 6 (build 750) Tool: armlink [4d35ed]

==============================================================================

Section Cross References

    test00.o(RESET) refers to test00.o(MYCODE) for Reset_Handler
    test00.o(MYCODE) refers to anon$$obj.o(NumberInRAM) for NumberInRAM


==============================================================================

Image Symbol Table

    Local Symbols

    Symbol Name                              Value     Ov Type        Size  Object(Section)

    RESET                                    0x00000000   Section        8  test00.o(RESET)
    test00.s                                 0x00000000   Number         0  test00.o ABSOLUTE
    MYCODE                                   0x00000008   Section       60  test00.o(MYCODE)
    Reset_Handler                            0x00000009   Thumb Code     0  test00.o(MYCODE)
    NumberInROM                              0x00000030   Data          10  test00.o(MYCODE)
    MYData                                   0x2007c000   Section        0  test00.o(MYData)

    Global Symbols

    Symbol Name                              Value     Ov Type        Size  Object(Section)

    BuildAttributes$$THM_ISAv4$P$D$K$B$S$PE$A:L22UL41UL21$X:L11$S22US41US21$IEEE1$IW$USESV6$~STKCKD$USESV7$~SHL$OSPACE$EBA8$STANDARDLIB$PRES8$EABIv2 0x00000000   Number         0  anon$$obj.o ABSOLUTE
    NumberInRAM                              0x10000000   Number        12  anon$$obj.o(NumberInRAM)



==============================================================================

Memory Map of the image

  Image entry point : Not specified.

  Load Region LR_IROM1 (Base: 0x00000000, Size: 0x00000044, Max: 0x00080000, ABSOLUTE)

    Execution Region ER_IROM1 (Exec base: 0x00000000, Load base: 0x00000000, Size: 0x00000044, Max: 0x00080000, ABSOLUTE)

    Exec Addr    Load Addr    Size         Type   Attr      Idx    E Section Name        Object

    0x00000000   0x00000000   0x00000008   Data   RO            1    RESET               test00.o
    0x00000008   0x00000008   0x0000003c   Code   RO            2    MYCODE              test00.o


    Execution Region RW_IRAM1 (Exec base: 0x10000000, Load base: 0x00000044, Size: 0x0000000c, Max: 0x00008000, ABSOLUTE)

    Exec Addr    Load Addr    Size         Type   Attr      Idx    E Section Name        Object

    0x10000000        -       0x0000000c   Zero   RW            8    NumberInRAM         anon$$obj.o


    Execution Region RW_IRAM2 (Exec base: 0x2007c000, Load base: 0x00000044, Size: 0x00000000, Max: 0x00008000, ABSOLUTE)

    Exec Addr    Load Addr    Size         Type   Attr      Idx    E Section Name        Object

    0x2007c000   0x00000044   0x00000000   Data   RW            3    MYData              test00.o


==============================================================================

Image component sizes


      Code (inc. data)   RO Data    RW Data    ZI Data      Debug   Object Name

        60         20          8          0          0        268   test00.o

    ----------------------------------------------------------------------
        60         20          8          0         12        268   Object Totals
         0          0          0          0         12          0   (incl. Generated)
         0          0          0          0          0          0   (incl. Padding)

    ----------------------------------------------------------------------
         0          0          0          0          0          0   Library Totals
         0          0          0          0          0          0   (incl. Padding)

    ----------------------------------------------------------------------

==============================================================================


      Code (inc. data)   RO Data    RW Data    ZI Data      Debug   

        60         20          8          0         12        268   Grand Totals
        60         20          8          0         12        268   ELF Image Totals
        60         20          8          0          0          0   ROM Totals

==============================================================================

    Total RO  Size (Code + RO Data)                   68 (   0.07kB)
    Total RW  Size (RW Data + ZI Data)                12 (   0.01kB)
    Total ROM Size (Code + RO Data + RW Data)         68 (   0.07kB)

==============================================================================

