


ARM Macro Assembler    Page 1 


    1 00000000                 AREA             RESET , DATA , READONLY
    2 00000000 10008000        DCD              0x10008000  ;
    3 00000004 00000000        DCD              Reset_Handler ; 
    4 00000008         
    5 00000008                 AREA             MYCODE , CODE , READONLY
    6 00000000         
    7 00000000         ENTRY
    8 00000000         Reset_Handler
    9 00000000         ;    mov r0,#8
   10 00000000         
   11 00000000 F04F 0009       mov              r0,#10-1
   12 00000004 490B            ldr              r1, =NumberInROM
   13 00000006 4C0C            ldr              r4, =NumberInRAM
   14 00000008 F991 2000       ldrsb            r2 , [r1]   ; read first data f
                                                            rom flash
   15 0000000C 780B            ldrb             r3 , [r1]   ; read first data f
                                                            rom flash
   16 0000000E         
   17 0000000E         TestNextByte
   18 0000000E F101 0101       add              r1,#1
   19 00000012 F991 3000       ldrsb            r3 , [r1]   ;
   20 00000016 6023            str              r3,[r4]
   21 00000018 F104 0404       add              r4,#4
   22 0000001C 429A            cmp              r2,r3
   23 0000001E DA00            bge              NoExchange
   24 00000020 461A            mov              r2,r3
   25 00000022         
   26 00000022         NoExchange
   27 00000022 3801            subs             r0,#1
   28 00000024 D1F3            bne              TestNextByte
   29 00000026         
   30 00000026         
   31 00000026         loop
   32 00000026 E7FE            b                loop
   33 00000028         
   34 00000028 FD 2D D3 
              6F B0 1D 
              17 DE B2 
              25       NumberInROM
                               DCB              -3,45,-45,111,176,29,23,-34,-78
,0x25
   35 00000032 00 00 00000000 
              00000000         AREA             MYData , DATA , READWRITE
   36 00000000                 COMMON           NumberInRAM ,12 ,4
   37 00000000                 end
Command Line: --debug --xref --diag_suppress=9931 --cpu=Cortex-M3 --apcs=interw
ork --depend=.\objects\test00.d -o.\objects\test00.o -I.\RTE\_Target_1 -I"D:\Pr
ograms files\Keil\ARM\PACK\Keil\LPC1700_DFP\2.7.1\Device\Include" -I"D:\Program
s files\Keil\ARM\CMSIS\Include" --predefine="__UVISION_VERSION SETA 525" --pred
efine="LPC175x_6x SETA 1" --list=.\listings\test00.lst test00.s



ARM Macro Assembler    Page 1 Alphabetic symbol ordering
Relocatable symbols

RESET 00000000

Symbol: RESET
   Definitions
      At line 1 in file test00.s
   Uses
      None
Comment: RESET unused
1 symbol



ARM Macro Assembler    Page 1 Alphabetic symbol ordering
Relocatable symbols

ENTRY 00000000

Symbol: ENTRY
   Definitions
      At line 7 in file test00.s
   Uses
      None
Comment: ENTRY unused
MYCODE 00000000

Symbol: MYCODE
   Definitions
      At line 5 in file test00.s
   Uses
      None
Comment: MYCODE unused
NoExchange 00000022

Symbol: NoExchange
   Definitions
      At line 26 in file test00.s
   Uses
      At line 23 in file test00.s
Comment: NoExchange used once
NumberInROM 00000028

Symbol: NumberInROM
   Definitions
      At line 34 in file test00.s
   Uses
      At line 12 in file test00.s
Comment: NumberInROM used once
Reset_Handler 00000000

Symbol: Reset_Handler
   Definitions
      At line 8 in file test00.s
   Uses
      At line 3 in file test00.s
Comment: Reset_Handler used once
TestNextByte 0000000E

Symbol: TestNextByte
   Definitions
      At line 17 in file test00.s
   Uses
      At line 28 in file test00.s
Comment: TestNextByte used once
loop 00000026

Symbol: loop
   Definitions
      At line 31 in file test00.s
   Uses
      At line 32 in file test00.s
Comment: loop used once
7 symbols



ARM Macro Assembler    Page 1 Alphabetic symbol ordering
Relocatable symbols

MYData 00000000

Symbol: MYData
   Definitions
      At line 35 in file test00.s
   Uses
      None
Comment: MYData unused
1 symbol



ARM Macro Assembler    Page 1 Alphabetic symbol ordering
External symbols

NumberInRAM 00000000

Symbol: NumberInRAM
   Definitions
      At line 36 in file test00.s
   Uses
      At line 13 in file test00.s
Comment: NumberInRAM used once
1 symbol
344 symbols in table
