Component: ARM Compiler 5.06 update 7 (build 960) Tool: armlink [4d3601]

==============================================================================

Section Cross References

    adc_timer.o(i.TIMER0_IRQHandler) refers to adc_timer.o(.data) for i
    adc_timer.o(i.main) refers to adc_timer.o(i.InitADC) for InitADC
    adc_timer.o(i.main) refers to adc_timer.o(i.InitDAC) for InitDAC
    adc_timer.o(i.main) refers to adc_timer.o(i.init_timer0) for init_timer0
    joystick_mcb1700.o(i.Joystick_GetState) refers to gpio_lpc17xx.o(i.GPIO_PinRead) for GPIO_PinRead
    joystick_mcb1700.o(i.Joystick_GetState) refers to joystick_mcb1700.o(.constdata) for JOYSTICK_PIN
    joystick_mcb1700.o(i.Joystick_Initialize) refers to gpio_lpc17xx.o(i.GPIO_PortClock) for GPIO_PortClock
    joystick_mcb1700.o(i.Joystick_Initialize) refers to pin_lpc17xx.o(i.PIN_Configure) for PIN_Configure
    joystick_mcb1700.o(i.Joystick_Initialize) refers to gpio_lpc17xx.o(i.GPIO_SetDir) for GPIO_SetDir
    joystick_mcb1700.o(i.Joystick_Initialize) refers to joystick_mcb1700.o(.constdata) for JOYSTICK_PIN
    joystick_mcb1700.o(i.Joystick_Uninitialize) refers to pin_lpc17xx.o(i.PIN_Configure) for PIN_Configure
    joystick_mcb1700.o(i.Joystick_Uninitialize) refers to joystick_mcb1700.o(.constdata) for JOYSTICK_PIN
    rtx_conf_cm.o(.emb_text) refers to rt_cmsis.o(i.osKernelInitialize) for osKernelInitialize
    rtx_conf_cm.o(.emb_text) refers to rt_cmsis.o(i.osThreadCreate) for osThreadCreate
    rtx_conf_cm.o(.emb_text) refers to rt_cmsis.o(i.osKernelStart) for osKernelStart
    rtx_conf_cm.o(.emb_text) refers to exit.o(.text) for exit
    rtx_conf_cm.o(.emb_text) refers to rtx_conf_cm.o(.constdata) for os_thread_def_main
    rtx_conf_cm.o(i.__user_perthread_libspace) refers to rt_task.o(i.rt_tsk_self) for rt_tsk_self
    rtx_conf_cm.o(i.__user_perthread_libspace) refers to rt_cmsis.o(.data) for os_running
    rtx_conf_cm.o(i.__user_perthread_libspace) refers to rtx_conf_cm.o(.bss) for .bss
    rtx_conf_cm.o(i.__user_perthread_libspace) refers to libspace.o(.bss) for __libspace_start
    rtx_conf_cm.o(i._mutex_acquire) refers to rt_cmsis.o(.data) for os_running
    rtx_conf_cm.o(i._mutex_acquire) refers to rt_mutex.o(i.rt_mut_wait) for rt_mut_wait
    rtx_conf_cm.o(i._mutex_initialize) refers to rt_mutex.o(i.rt_mut_init) for rt_mut_init
    rtx_conf_cm.o(i._mutex_initialize) refers to rtx_conf_cm.o(.data) for .data
    rtx_conf_cm.o(i._mutex_initialize) refers to rtx_conf_cm.o(.bss) for .bss
    rtx_conf_cm.o(i._mutex_release) refers to rt_cmsis.o(.data) for os_running
    rtx_conf_cm.o(i._mutex_release) refers to rt_mutex.o(i.rt_mut_release) for rt_mut_release
    rtx_conf_cm.o(.constdata) refers to rt_cmsis.o(i.osTimerThread) for osTimerThread
    rtx_conf_cm.o(.constdata) refers to rtx_conf_cm.o(.bss) for os_messageQ_q_osTimerMessageQ
    rtx_conf_cm.o(.constdata) refers to adc_timer.o(i.main) for main
    startup_lpc17xx.o(STACK) refers (Special) to heapauxi.o(.text) for __use_two_region_memory
    startup_lpc17xx.o(HEAP) refers (Special) to heapauxi.o(.text) for __use_two_region_memory
    startup_lpc17xx.o(RESET) refers (Special) to heapauxi.o(.text) for __use_two_region_memory
    startup_lpc17xx.o(RESET) refers to startup_lpc17xx.o(STACK) for __initial_sp
    startup_lpc17xx.o(RESET) refers to startup_lpc17xx.o(.text) for Reset_Handler
    startup_lpc17xx.o(RESET) refers to hal_cm3.o(.emb_text) for SVC_Handler
    startup_lpc17xx.o(RESET) refers to adc_timer.o(i.TIMER0_IRQHandler) for TIMER0_IRQHandler
    startup_lpc17xx.o(.ARM.__at_0x02FC) refers (Special) to heapauxi.o(.text) for __use_two_region_memory
    startup_lpc17xx.o(.text) refers (Special) to heapauxi.o(.text) for __use_two_region_memory
    startup_lpc17xx.o(.text) refers to system_lpc17xx.o(i.SystemInit) for SystemInit
    startup_lpc17xx.o(.text) refers to __main.o(!!!main) for __main
    startup_lpc17xx.o(.text) refers to startup_lpc17xx.o(HEAP) for Heap_Mem
    startup_lpc17xx.o(.text) refers to startup_lpc17xx.o(STACK) for Stack_Mem
    system_lpc17xx.o(i.SystemCoreClockUpdate) refers to lludivv7m.o(.text) for __aeabi_uldivmod
    system_lpc17xx.o(i.SystemCoreClockUpdate) refers to system_lpc17xx.o(.data) for SystemCoreClock
    rt_cmsis.o(i.isrMessageGet) refers to rt_mailbox.o(i.isr_mbx_receive) for isr_mbx_receive
    rt_cmsis.o(i.isrMessagePut) refers to rt_mailbox.o(i.rt_mbx_check) for rt_mbx_check
    rt_cmsis.o(i.isrMessagePut) refers to rt_mailbox.o(i.isr_mbx_send) for isr_mbx_send
    rt_cmsis.o(i.isrSemaphoreRelease) refers to rt_cmsis.o(i.rt_id2obj) for rt_id2obj
    rt_cmsis.o(i.isrSemaphoreRelease) refers to rt_semaphore.o(i.isr_sem_send) for isr_sem_send
    rt_cmsis.o(i.isrSignalSet) refers to rt_cmsis.o(i.rt_tid2ptcb) for rt_tid2ptcb
    rt_cmsis.o(i.isrSignalSet) refers to rt_event.o(i.isr_evt_set) for isr_evt_set
    rt_cmsis.o(i.osDelay) refers to rt_cmsis.o(i.svcDelay) for svcDelay
[...]
    rt_div0.o(.text) refers to defsig_fpe_outer.o(.text) for __rt_SIGFPE
    sys_exit.o(.text) refers (Special) to use_no_semi.o(.text) for __I$use$semihosting
    sys_exit.o(.text) refers (Special) to indicate_semi.o(.text) for __semihosting_library_function
    sys_stackheap_outer.o(.text) refers to libspace.o(.text) for __user_perproc_libspace
    sys_stackheap_outer.o(.text) refers to startup_lpc17xx.o(.text) for __user_initial_stackheap
    defsig_fpe_outer.o(.text) refers to defsig_fpe_inner.o(.text) for __rt_SIGFPE_inner
    defsig_fpe_outer.o(.text) refers to defsig_exit.o(.text) for __sig_exit
    defsig_fpe_formal.o(.text) refers to rt_raise.o(.text) for __rt_raise
    libinit.o(.ARM.Collect$$libinit$$00000000) refers (Special) to libinit2.o(.ARM.Collect$$libinit$$0000002E) for __rt_lib_init_alloca_1
    libinit.o(.ARM.Collect$$libinit$$00000000) refers (Special) to libinit2.o(.ARM.Collect$$libinit$$0000002C) for __rt_lib_init_argv_1
    libinit.o(.ARM.Collect$$libinit$$00000000) refers (Special) to libinit2.o(.ARM.Collect$$libinit$$0000001B) for __rt_lib_init_atexit_1
    libinit.o(.ARM.Collect$$libinit$$00000000) refers (Special) to libinit2.o(.ARM.Collect$$libinit$$00000021) for __rt_lib_init_clock_1
    libinit.o(.ARM.Collect$$libinit$$00000000) refers (Special) to libinit2.o(.ARM.Collect$$libinit$$00000032) for __rt_lib_init_cpp_1
    libinit.o(.ARM.Collect$$libinit$$00000000) refers (Special) to libinit2.o(.ARM.Collect$$libinit$$00000030) for __rt_lib_init_exceptions_1
    libinit.o(.ARM.Collect$$libinit$$00000000) refers (Special) to libinit2.o(.ARM.Collect$$libinit$$00000002) for __rt_lib_init_fp_1
    libinit.o(.ARM.Collect$$libinit$$00000000) refers (Special) to libinit2.o(.ARM.Collect$$libinit$$0000001F) for __rt_lib_init_fp_trap_1
    libinit.o(.ARM.Collect$$libinit$$00000000) refers (Special) to libinit2.o(.ARM.Collect$$libinit$$00000023) for __rt_lib_init_getenv_1
    libinit.o(.ARM.Collect$$libinit$$00000000) refers (Special) to libinit2.o(.ARM.Collect$$libinit$$0000000A) for __rt_lib_init_heap_1
    libinit.o(.ARM.Collect$$libinit$$00000000) refers (Special) to libinit2.o(.ARM.Collect$$libinit$$00000011) for __rt_lib_init_lc_collate_1
    libinit.o(.ARM.Collect$$libinit$$00000000) refers (Special) to libinit2.o(.ARM.Collect$$libinit$$00000013) for __rt_lib_init_lc_ctype_1
    libinit.o(.ARM.Collect$$libinit$$00000000) refers (Special) to libinit2.o(.ARM.Collect$$libinit$$00000015) for __rt_lib_init_lc_monetary_1
    libinit.o(.ARM.Collect$$libinit$$00000000) refers (Special) to libinit2.o(.ARM.Collect$$libinit$$00000017) for __rt_lib_init_lc_numeric_1
    libinit.o(.ARM.Collect$$libinit$$00000000) refers (Special) to libinit2.o(.ARM.Collect$$libinit$$00000019) for __rt_lib_init_lc_time_1
    libinit.o(.ARM.Collect$$libinit$$00000000) refers (Special) to libinit2.o(.ARM.Collect$$libinit$$00000004) for __rt_lib_init_preinit_1
    libinit.o(.ARM.Collect$$libinit$$00000000) refers (Special) to libinit2.o(.ARM.Collect$$libinit$$0000000E) for __rt_lib_init_rand_1
    libinit.o(.ARM.Collect$$libinit$$00000000) refers (Special) to libinit2.o(.ARM.Collect$$libinit$$00000033) for __rt_lib_init_return
    libinit.o(.ARM.Collect$$libinit$$00000000) refers (Special) to libinit2.o(.ARM.Collect$$libinit$$0000001D) for __rt_lib_init_signal_1
    libinit.o(.ARM.Collect$$libinit$$00000000) refers (Special) to libinit2.o(.ARM.Collect$$libinit$$00000025) for __rt_lib_init_stdio_1
    libinit.o(.ARM.Collect$$libinit$$00000000) refers (Special) to libinit2.o(.ARM.Collect$$libinit$$0000000C) for __rt_lib_init_user_alloc_1
    libshutdown.o(.ARM.Collect$$libshutdown$$00000000) refers (Special) to libshutdown2.o(.ARM.Collect$$libshutdown$$00000004) for __rt_lib_shutdown_cpp_1
    libshutdown.o(.ARM.Collect$$libshutdown$$00000000) refers (Special) to libshutdown2.o(.ARM.Collect$$libshutdown$$00000002) for __rt_lib_shutdown_fini_1
    libshutdown.o(.ARM.Collect$$libshutdown$$00000000) refers (Special) to libshutdown2.o(.ARM.Collect$$libshutdown$$00000009) for __rt_lib_shutdown_fp_trap_1
    libshutdown.o(.ARM.Collect$$libshutdown$$00000000) refers (Special) to libshutdown2.o(.ARM.Collect$$libshutdown$$00000011) for __rt_lib_shutdown_heap_1
    libshutdown.o(.ARM.Collect$$libshutdown$$00000000) refers (Special) to libshutdown2.o(.ARM.Collect$$libshutdown$$00000012) for __rt_lib_shutdown_return
    libshutdown.o(.ARM.Collect$$libshutdown$$00000000) refers (Special) to libshutdown2.o(.ARM.Collect$$libshutdown$$0000000C) for __rt_lib_shutdown_signal_1
    libshutdown.o(.ARM.Collect$$libshutdown$$00000000) refers (Special) to libshutdown2.o(.ARM.Collect$$libshutdown$$00000006) for __rt_lib_shutdown_stdio_1
    libshutdown.o(.ARM.Collect$$libshutdown$$00000000) refers (Special) to libshutdown2.o(.ARM.Collect$$libshutdown$$0000000E) for __rt_lib_shutdown_user_alloc_1
    rt_raise.o(.text) refers to __raise.o(.text) for __raise
    rt_raise.o(.text) refers to sys_exit.o(.text) for _sys_exit
    defsig_exit.o(.text) refers to sys_exit.o(.text) for _sys_exit
    defsig_fpe_inner.o(.text) refers to defsig_general.o(.text) for __default_signal_display
    libinit2.o(.ARM.Collect$$libinit$$00000010) refers to libinit2.o(.ARM.Collect$$libinit$$0000000F) for .ARM.Collect$$libinit$$0000000F
    libinit2.o(.ARM.Collect$$libinit$$00000012) refers to libinit2.o(.ARM.Collect$$libinit$$0000000F) for .ARM.Collect$$libinit$$0000000F
    libinit2.o(.ARM.Collect$$libinit$$00000014) refers to libinit2.o(.ARM.Collect$$libinit$$0000000F) for .ARM.Collect$$libinit$$0000000F
    libinit2.o(.ARM.Collect$$libinit$$00000016) refers to libinit2.o(.ARM.Collect$$libinit$$0000000F) for .ARM.Collect$$libinit$$0000000F
    libinit2.o(.ARM.Collect$$libinit$$00000018) refers to libinit2.o(.ARM.Collect$$libinit$$0000000F) for .ARM.Collect$$libinit$$0000000F
    libinit2.o(.ARM.Collect$$libinit$$00000026) refers to argv_veneer.o(.emb_text) for __ARM_argv_veneer
    libinit2.o(.ARM.Collect$$libinit$$00000027) refers to argv_veneer.o(.emb_text) for __ARM_argv_veneer
    __raise.o(.text) refers to defsig.o(CL$$defsig) for __default_signal_handler
    defsig_general.o(.text) refers to sys_wrch.o(.text) for _ttywrch
    argv_veneer.o(.emb_text) refers to no_argv.o(.text) for __ARM_get_argv
    sys_wrch.o(.text) refers (Special) to use_no_semi.o(.text) for __I$use$semihosting
    sys_wrch.o(.text) refers (Special) to indicate_semi.o(.text) for __semihosting_library_function
    defsig.o(CL$$defsig) refers to defsig_fpe_inner.o(.text) for __rt_SIGFPE_inner
    defsig.o(CL$$defsig) refers to defsig_rtmem_inner.o(.text) for __rt_SIGRTMEM_inner
    _get_argv_nomalloc.o(.text) refers (Special) to hrguard.o(.text) for __heap_region$guard
    _get_argv_nomalloc.o(.text) refers to defsig_rtmem_outer.o(.text) for __rt_SIGRTMEM
    _get_argv_nomalloc.o(.text) refers to sys_command.o(.text) for _sys_command_string
    sys_command.o(.text) refers (Special) to use_no_semi.o(.text) for __I$use$semihosting
    sys_command.o(.text) refers (Special) to indicate_semi.o(.text) for __semihosting_library_function
    defsig_abrt_inner.o(.text) refers to defsig_general.o(.text) for __default_signal_display
    defsig_rtred_inner.o(.text) refers to defsig_general.o(.text) for __default_signal_display
    defsig_rtmem_inner.o(.text) refers to defsig_general.o(.text) for __default_signal_display
    defsig_rtmem_outer.o(.text) refers to defsig_rtmem_inner.o(.text) for __rt_SIGRTMEM_inner
    defsig_rtmem_outer.o(.text) refers to defsig_exit.o(.text) for __sig_exit
    defsig_rtmem_formal.o(.text) refers to rt_raise.o(.text) for __rt_raise
    defsig_stak_inner.o(.text) refers to defsig_general.o(.text) for __default_signal_display
    defsig_pvfn_inner.o(.text) refers to defsig_general.o(.text) for __default_signal_display
    defsig_cppl_inner.o(.text) refers to defsig_general.o(.text) for __default_signal_display
    defsig_segv_inner.o(.text) refers to defsig_general.o(.text) for __default_signal_display
    defsig_other.o(.text) refers to defsig_general.o(.text) for __default_signal_display


==============================================================================

Removing Unused input sections from the image.

    Removing adc_timer.o(.rev16_text), (4 bytes).
    Removing adc_timer.o(.revsh_text), (4 bytes).
    Removing adc_timer.o(.rrx_text), (6 bytes).
    Removing joystick_mcb1700.o(.rev16_text), (4 bytes).
    Removing joystick_mcb1700.o(.revsh_text), (4 bytes).
    Removing joystick_mcb1700.o(.rrx_text), (6 bytes).
    Removing joystick_mcb1700.o(i.Joystick_GetState), (92 bytes).
    Removing joystick_mcb1700.o(i.Joystick_Initialize), (72 bytes).
    Removing joystick_mcb1700.o(i.Joystick_Uninitialize), (48 bytes).
    Removing joystick_mcb1700.o(.constdata), (10 bytes).
    Removing rtx_conf_cm.o(i.__user_perthread_libspace), (44 bytes).
    Removing rtx_conf_cm.o(i._mutex_initialize), (44 bytes).
    Removing gpio_lpc17xx.o(.rev16_text), (4 bytes).
    Removing gpio_lpc17xx.o(.revsh_text), (4 bytes).
    Removing gpio_lpc17xx.o(.rrx_text), (6 bytes).
    Removing gpio_lpc17xx.o(i.GPIO_PinRead), (32 bytes).
    Removing gpio_lpc17xx.o(i.GPIO_PinWrite), (40 bytes).
    Removing gpio_lpc17xx.o(i.GPIO_PortClock), (44 bytes).
    Removing gpio_lpc17xx.o(i.GPIO_PortRead), (20 bytes).
    Removing gpio_lpc17xx.o(i.GPIO_PortWrite), (32 bytes).
    Removing gpio_lpc17xx.o(i.GPIO_SetDir), (56 bytes).
    Removing pin_lpc17xx.o(.rev16_text), (4 bytes).
    Removing pin_lpc17xx.o(.revsh_text), (4 bytes).
    Removing pin_lpc17xx.o(.rrx_text), (6 bytes).
    Removing pin_lpc17xx.o(i.PIN_Configure), (252 bytes).
    Removing pin_lpc17xx.o(i.PIN_ConfigureI2C0Pins), (32 bytes).
    Removing pin_lpc17xx.o(i.PIN_ConfigureTPIU), (40 bytes).
    Removing system_lpc17xx.o(.rev16_text), (4 bytes).
    Removing system_lpc17xx.o(.revsh_text), (4 bytes).
    Removing system_lpc17xx.o(.rrx_text), (6 bytes).
    Removing system_lpc17xx.o(i.SystemCoreClockUpdate), (424 bytes).
    Removing system_lpc17xx.o(.data), (4 bytes).
    Removing rt_cmsis.o(.rev16_text), (4 bytes).
    Removing rt_cmsis.o(.revsh_text), (4 bytes).
    Removing rt_cmsis.o(.rrx_text), (6 bytes).
    Removing rt_cmsis.o(i.isrSemaphoreRelease), (40 bytes).
    Removing rt_cmsis.o(i.isrSignalSet), (36 bytes).
    Removing rt_cmsis.o(i.osDelay), (24 bytes).
    Removing rt_cmsis.o(i.osKernelRunning), (36 bytes).
    Removing rt_cmsis.o(i.osKernelSysTick), (24 bytes).
    Removing rt_cmsis.o(i.osMailAlloc), (28 bytes).
    Removing rt_cmsis.o(i.osMailCAlloc), (48 bytes).
    Removing rt_cmsis.o(i.osMailCreate), (44 bytes).
    Removing rt_cmsis.o(i.osMailFree), (28 bytes).
    Removing rt_cmsis.o(i.osMailGet), (22 bytes).
    Removing rt_cmsis.o(i.osMailPut), (20 bytes).
    Removing rt_cmsis.o(i.osMessageCreate), (44 bytes).
    Removing rt_cmsis.o(i.osMessagePut), (24 bytes).
    Removing rt_cmsis.o(i.osMutexCreate), (44 bytes).
    Removing rt_cmsis.o(i.osMutexDelete), (24 bytes).
    Removing rt_cmsis.o(i.osMutexRelease), (24 bytes).
    Removing rt_cmsis.o(i.osMutexWait), (24 bytes).
    Removing rt_cmsis.o(i.osPoolAlloc), (32 bytes).
    Removing rt_cmsis.o(i.osPoolCAlloc), (52 bytes).
    Removing rt_cmsis.o(i.osPoolCreate), (44 bytes).
    Removing rt_cmsis.o(i.osPoolFree), (32 bytes).
    Removing rt_cmsis.o(i.osSemaphoreCreate), (44 bytes).
    Removing rt_cmsis.o(i.osSemaphoreDelete), (24 bytes).
    Removing rt_cmsis.o(i.osSemaphoreRelease), (24 bytes).
    Removing rt_cmsis.o(i.osSemaphoreWait), (24 bytes).
    Removing rt_cmsis.o(i.osSignalClear), (24 bytes).
    Removing rt_cmsis.o(i.osSignalSet), (24 bytes).
    Removing rt_cmsis.o(i.osSignalWait), (24 bytes).
    Removing rt_cmsis.o(i.osThreadGetId), (24 bytes).
    Removing rt_cmsis.o(i.osThreadGetPriority), (24 bytes).
    Removing rt_cmsis.o(i.osThreadSetPriority), (24 bytes).
    Removing rt_cmsis.o(i.osThreadTerminate), (24 bytes).
    Removing rt_cmsis.o(i.osThreadYield), (24 bytes).
    Removing rt_cmsis.o(i.osTimerCreate), (44 bytes).
    Removing rt_cmsis.o(i.osTimerDelete), (24 bytes).
    Removing rt_cmsis.o(i.osTimerStart), (24 bytes).
    Removing rt_cmsis.o(i.osTimerStop), (24 bytes).
    Removing rt_cmsis.o(i.osWait), (4 bytes).
    Removing rt_cmsis.o(i.os_resume), (12 bytes).
    Removing rt_cmsis.o(i.os_suspend), (12 bytes).
    Removing rt_cmsis.o(i.rt_clr_box), (24 bytes).
    Removing rt_cmsis.o(i.rt_timer_remove), (60 bytes).
    Removing rt_cmsis.o(i.svcDelay), (18 bytes).
    Removing rt_cmsis.o(i.svcKernelRunning), (12 bytes).
    Removing rt_cmsis.o(i.svcKernelSysTick), (56 bytes).
    Removing rt_cmsis.o(i.svcMailCreate), (66 bytes).
    Removing rt_cmsis.o(i.svcMessagePut), (54 bytes).
    Removing rt_cmsis.o(i.svcMutexCreate), (28 bytes).
    Removing rt_cmsis.o(i.svcMutexDelete), (26 bytes).
    Removing rt_cmsis.o(i.svcMutexRelease), (34 bytes).
    Removing rt_cmsis.o(i.svcMutexWait), (58 bytes).
    Removing rt_cmsis.o(i.svcPoolCreate), (40 bytes).
    Removing rt_cmsis.o(i.svcSemaphoreCreate), (36 bytes).
    Removing rt_cmsis.o(i.svcSemaphoreDelete), (26 bytes).
    Removing rt_cmsis.o(i.svcSemaphoreRelease), (40 bytes).
    Removing rt_cmsis.o(i.svcSemaphoreWait), (50 bytes).
    Removing rt_cmsis.o(i.svcSignalClear), (36 bytes).
    Removing rt_cmsis.o(i.svcSignalSet), (36 bytes).
    Removing rt_cmsis.o(i.svcSignalWait), (84 bytes).
    Removing rt_cmsis.o(i.svcThreadGetPriority), (18 bytes).
    Removing rt_cmsis.o(i.svcThreadSetPriority), (46 bytes).
    Removing rt_cmsis.o(i.svcThreadYield), (10 bytes).
    Removing rt_cmsis.o(i.svcTimerCreate), (56 bytes).
    Removing rt_cmsis.o(i.svcTimerDelete), (40 bytes).
    Removing rt_cmsis.o(i.svcTimerStart), (100 bytes).
    Removing rt_cmsis.o(i.svcTimerStop), (36 bytes).
    Removing rt_cmsis.o(i.sysMailAlloc), (88 bytes).
    Removing rt_cmsis.o(i.sysMailFree), (96 bytes).
    Removing rt_cmsis.o(i.sysPoolAlloc), (10 bytes).
    Removing rt_cmsis.o(i.sysPoolFree), (20 bytes).
    Removing rt_cmsis.o(i.sysUserTimerUpdate), (48 bytes).
    Removing rt_cmsis.o(i.sysUserTimerWakeupTime), (20 bytes).
    Removing rt_task.o(i.rt_tsk_pass), (48 bytes).
    Removing rt_mutex.o(i.rt_mut_delete), (176 bytes).
    Removing rt_mutex.o(i.rt_mut_init), (16 bytes).
    Removing rt_system.o(.emb_text), (0 bytes).
    Removing rt_system.o(i.os_tick_ovf), (16 bytes).
    Removing rt_system.o(i.os_tick_val), (20 bytes).
    Removing rt_system.o(i.rt_resume), (136 bytes).
    Removing rt_system.o(i.rt_suspend), (36 bytes).
    Removing rt_system.o(i.rt_tsk_lock), (80 bytes).
    Removing rt_system.o(i.rt_tsk_unlock), (80 bytes).
    Removing rt_event.o(i.isr_evt_set), (40 bytes).
    Removing rt_event.o(i.rt_evt_clr), (28 bytes).
    Removing rt_event.o(i.rt_evt_get), (12 bytes).
    Removing rt_event.o(i.rt_evt_set), (92 bytes).
    Removing rt_event.o(i.rt_evt_wait), (60 bytes).
    Removing rt_list.o(i.rt_get_same_rdy_prio), (36 bytes).
    Removing rt_mailbox.o(i.rt_mbx_send), (152 bytes).
    Removing rt_semaphore.o(i.isr_sem_send), (16 bytes).
    Removing rt_semaphore.o(i.rt_sem_delete), (92 bytes).
    Removing rt_semaphore.o(i.rt_sem_init), (12 bytes).
    Removing rt_semaphore.o(i.rt_sem_send), (42 bytes).
    Removing rt_semaphore.o(i.rt_sem_wait), (64 bytes).
    Removing rt_time.o(i.rt_dly_wait), (6 bytes).
    Removing rt_time.o(i.rt_itv_set), (24 bytes).
    Removing rt_time.o(i.rt_itv_wait), (40 bytes).
    Removing rt_time.o(i.rt_time_get), (12 bytes).
    Removing rt_membox.o(i._calloc_box), (30 bytes).

134 unused section(s) (total 5254 bytes) removed from the image.

==============================================================================

Image Symbol Table

    Local Symbols

    Symbol Name                              Value     Ov Type        Size  Object(Section)

    RESET                                    0x00000000   Section      204  startup_lpc17xx.o(RESET)
    ../clib/angel/boardlib.s                 0x00000000   Number         0  boardinit2.o ABSOLUTE
    ../clib/angel/boardlib.s                 0x00000000   Number         0  boardshut.o ABSOLUTE
    ../clib/angel/boardlib.s                 0x00000000   Number         0  boardinit1.o ABSOLUTE
    ../clib/angel/handlers.s                 0x00000000   Number         0  __scatter_copy.o ABSOLUTE
    ../clib/angel/handlers.s                 0x00000000   Number         0  __scatter_zi.o ABSOLUTE
    ../clib/angel/kernel.s                   0x00000000   Number         0  __rtentry4.o ABSOLUTE
    ../clib/angel/kernel.s                   0x00000000   Number         0  rtexit.o ABSOLUTE
    ../clib/angel/kernel.s                   0x00000000   Number         0  __rtentry2.o ABSOLUTE
    ../clib/angel/kernel.s                   0x00000000   Number         0  __rtentry.o ABSOLUTE
    ../clib/angel/kernel.s                   0x00000000   Number         0  rtexit2.o ABSOLUTE
    ../clib/angel/rt.s                       0x00000000   Number         0  aeabi_ldiv0.o ABSOLUTE
    ../clib/angel/rt.s                       0x00000000   Number         0  rt_raise.o ABSOLUTE
    ../clib/angel/rt.s                       0x00000000   Number         0  rt_div0.o ABSOLUTE
    ../clib/angel/rt.s                       0x00000000   Number         0  aeabi_ldiv0_sigfpe.o ABSOLUTE
    ../clib/angel/scatter.s                  0x00000000   Number         0  __scatter.o ABSOLUTE
    ../clib/angel/startup.s                  0x00000000   Number         0  __main.o ABSOLUTE
    ../clib/angel/sys.s                      0x00000000   Number         0  indicate_semi.o ABSOLUTE
    ../clib/angel/sys.s                      0x00000000   Number         0  use_no_semi.o ABSOLUTE
    ../clib/angel/sys.s                      0x00000000   Number         0  sys_stackheap_outer.o ABSOLUTE
    ../clib/angel/sys.s                      0x00000000   Number         0  libspace.o ABSOLUTE
    ../clib/angel/sysapp.c                   0x00000000   Number         0  sys_exit.o ABSOLUTE
    ../clib/angel/sysapp.c                   0x00000000   Number         0  sys_command.o ABSOLUTE
    ../clib/angel/sysapp.c                   0x00000000   Number         0  sys_wrch.o ABSOLUTE
    ../clib/armsys.c                         0x00000000   Number         0  argv_veneer.o ABSOLUTE
    ../clib/armsys.c                         0x00000000   Number         0  no_argv.o ABSOLUTE
    ../clib/armsys.c                         0x00000000   Number         0  _get_argv_nomalloc.o ABSOLUTE
    ../clib/armsys.c                         0x00000000   Number         0  argv_veneer.o ABSOLUTE
    ../clib/heapalloc.c                      0x00000000   Number         0  hrguard.o ABSOLUTE
    ../clib/heapaux.c                        0x00000000   Number         0  heapauxi.o ABSOLUTE
    ../clib/libinit.s                        0x00000000   Number         0  libshutdown.o ABSOLUTE
    ../clib/libinit.s                        0x00000000   Number         0  libinit.o ABSOLUTE
    ../clib/libinit.s                        0x00000000   Number         0  libshutdown2.o ABSOLUTE
    ../clib/libinit.s                        0x00000000   Number         0  libinit2.o ABSOLUTE
    ../clib/longlong.s                       0x00000000   Number         0  lludivv7m.o ABSOLUTE
    ../clib/signal.c                         0x00000000   Number         0  defsig_stak_inner.o ABSOLUTE
    ../clib/signal.c                         0x00000000   Number         0  defsig_pvfn_inner.o ABSOLUTE
    ../clib/signal.c                         0x00000000   Number         0  defsig_cppl_inner.o ABSOLUTE
    ../clib/signal.c                         0x00000000   Number         0  defsig_fpe_formal.o ABSOLUTE
    ../clib/signal.c                         0x00000000   Number         0  defsig_fpe_outer.o ABSOLUTE
    ../clib/signal.c                         0x00000000   Number         0  defsig_segv_inner.o ABSOLUTE
    ../clib/signal.c                         0x00000000   Number         0  defsig_rtred_inner.o ABSOLUTE
    ../clib/signal.c                         0x00000000   Number         0  defsig_rtmem_inner.o ABSOLUTE
    ../clib/signal.c                         0x00000000   Number         0  defsig_abrt_inner.o ABSOLUTE
    ../clib/signal.c                         0x00000000   Number         0  defsig_rtmem_outer.o ABSOLUTE
    ../clib/signal.c                         0x00000000   Number         0  defsig_general.o ABSOLUTE
    ../clib/signal.c                         0x00000000   Number         0  __raise.o ABSOLUTE
    ../clib/signal.c                         0x00000000   Number         0  defsig_other.o ABSOLUTE
    ../clib/signal.c                         0x00000000   Number         0  defsig_rtmem_formal.o ABSOLUTE
    ../clib/signal.c                         0x00000000   Number         0  defsig_fpe_inner.o ABSOLUTE
    ../clib/signal.c                         0x00000000   Number         0  defsig_exit.o ABSOLUTE
    ../clib/signal.s                         0x00000000   Number         0  defsig.o ABSOLUTE
    ../clib/stdlib.c                         0x00000000   Number         0  exit.o ABSOLUTE
    ../fplib/fpinit.s                        0x00000000   Number         0  fpinit.o ABSOLUTE
    ..\HAL_CM.c                              0x00000000   Number         0  hal_cm.o ABSOLUTE
    ..\\rt_CMSIS.c                           0x00000000   Number         0  rt_cmsis.o ABSOLUTE
    ..\\rt_System.c                          0x00000000   Number         0  rt_system.o ABSOLUTE
    ..\rt_CMSIS.c                            0x00000000   Number         0  rt_cmsis.o ABSOLUTE
    ..\rt_Event.c                            0x00000000   Number         0  rt_event.o ABSOLUTE
    ..\rt_List.c                             0x00000000   Number         0  rt_list.o ABSOLUTE
    ..\rt_Mailbox.c                          0x00000000   Number         0  rt_mailbox.o ABSOLUTE
    ..\rt_MemBox.c                           0x00000000   Number         0  rt_membox.o ABSOLUTE
    ..\rt_Memory.c                           0x00000000   Number         0  rt_memory.o ABSOLUTE
    ..\rt_Mutex.c                            0x00000000   Number         0  rt_mutex.o ABSOLUTE
    ..\rt_Robin.c                            0x00000000   Number         0  rt_robin.o ABSOLUTE
    ..\rt_Semaphore.c                        0x00000000   Number         0  rt_semaphore.o ABSOLUTE
    ..\rt_System.c                           0x00000000   Number         0  rt_system.o ABSOLUTE
    ..\rt_Task.c                             0x00000000   Number         0  rt_task.o ABSOLUTE
    ..\rt_Time.c                             0x00000000   Number         0  rt_time.o ABSOLUTE
    ADC_Timer.c                              0x00000000   Number         0  adc_timer.o ABSOLUTE
    ADC_Timer.c                              0x00000000   Number         0  adc_timer.o ABSOLUTE
    C:\Keil_v5\ARM\PACK\Keil\LPC1700_DFP\2.3.0\Boards\Keil\MCB1700\Common\Joystick_MCB1700.c 0x00000000   Number         0  joystick_mcb1700.o ABSOLUTE
    C:\Keil_v5\ARM\PACK\Keil\LPC1700_DFP\2.3.0\RTE_Driver\GPIO_LPC17xx.c 0x00000000   Number         0  gpio_lpc17xx.o ABSOLUTE
    C:\Keil_v5\ARM\PACK\Keil\LPC1700_DFP\2.3.0\RTE_Driver\PIN_LPC17xx.c 0x00000000   Number         0  pin_lpc17xx.o ABSOLUTE
    C:\\Keil_v5\\ARM\\PACK\\Keil\\LPC1700_DFP\\2.3.0\\Boards\\Keil\\MCB1700\\Common\\Joystick_MCB1700.c 0x00000000   Number         0  joystick_mcb1700.o ABSOLUTE
    C:\\Keil_v5\\ARM\\PACK\\Keil\\LPC1700_DFP\\2.3.0\\RTE_Driver\\GPIO_LPC17xx.c 0x00000000   Number         0  gpio_lpc17xx.o ABSOLUTE
    C:\\Keil_v5\\ARM\\PACK\\Keil\\LPC1700_DFP\\2.3.0\\RTE_Driver\\PIN_LPC17xx.c 0x00000000   Number         0  pin_lpc17xx.o ABSOLUTE
    HAL_CM3.c                                0x00000000   Number         0  hal_cm3.o ABSOLUTE
    HAL_CM3.c                                0x00000000   Number         0  hal_cm3.o ABSOLUTE
    RTE\CMSIS\RTX_Conf_CM.c                  0x00000000   Number         0  rtx_conf_cm.o ABSOLUTE
    RTE\Device\LPC1768\startup_LPC17xx.s     0x00000000   Number         0  startup_lpc17xx.o ABSOLUTE
    RTE\Device\LPC1768\system_LPC17xx.c      0x00000000   Number         0  system_lpc17xx.o ABSOLUTE
    RTE\\CMSIS\\RTX_Conf_CM.c                0x00000000   Number         0  rtx_conf_cm.o ABSOLUTE
    RTE\\Device\\LPC1768\\system_LPC17xx.c   0x00000000   Number         0  system_lpc17xx.o ABSOLUTE
    SVC_Table.s                              0x00000000   Number         0  svc_table.o ABSOLUTE
    dc.s                                     0x00000000   Number         0  dc.o ABSOLUTE
    !!!main                                  0x000000cc   Section        8  __main.o(!!!main)
    !!!scatter                               0x000000d4   Section       52  __scatter.o(!!!scatter)
    !!handler_copy                           0x00000108   Section       26  __scatter_copy.o(!!handler_copy)
    !!handler_zi                             0x00000124   Section       28  __scatter_zi.o(!!handler_zi)
    .ARM.Collect$$libinit$$00000000          0x00000140   Section        2  libinit.o(.ARM.Collect$$libinit$$00000000)
    .ARM.Collect$$libinit$$00000002          0x00000142   Section        0  libinit2.o(.ARM.Collect$$libinit$$00000002)
    .ARM.Collect$$libinit$$00000004          0x00000142   Section        0  libinit2.o(.ARM.Collect$$libinit$$00000004)
    .ARM.Collect$$libinit$$0000000A          0x00000142   Section        0  libinit2.o(.ARM.Collect$$libinit$$0000000A)
    .ARM.Collect$$libinit$$0000000C          0x00000142   Section        0  libinit2.o(.ARM.Collect$$libinit$$0000000C)
    .ARM.Collect$$libinit$$0000000E          0x00000142   Section        0  libinit2.o(.ARM.Collect$$libinit$$0000000E)
    .ARM.Collect$$libinit$$00000011          0x00000142   Section        0  libinit2.o(.ARM.Collect$$libinit$$00000011)
    .ARM.Collect$$libinit$$00000013          0x00000142   Section        0  libinit2.o(.ARM.Collect$$libinit$$00000013)
    .ARM.Collect$$libinit$$00000015          0x00000142   Section        0  libinit2.o(.ARM.Collect$$libinit$$00000015)
    .ARM.Collect$$libinit$$00000017          0x00000142   Section        0  libinit2.o(.ARM.Collect$$libinit$$00000017)
    .ARM.Collect$$libinit$$00000019          0x00000142   Section        0  libinit2.o(.ARM.Collect$$libinit$$00000019)
    .ARM.Collect$$libinit$$0000001B          0x00000142   Section        0  libinit2.o(.ARM.Collect$$libinit$$0000001B)
    .ARM.Collect$$libinit$$0000001D          0x00000142   Section        0  libinit2.o(.ARM.Collect$$libinit$$0000001D)
    .ARM.Collect$$libinit$$0000001F          0x00000142   Section        0  libinit2.o(.ARM.Collect$$libinit$$0000001F)
    .ARM.Collect$$libinit$$00000021          0x00000142   Section        0  libinit2.o(.ARM.Collect$$libinit$$00000021)
    .ARM.Collect$$libinit$$00000023          0x00000142   Section        0  libinit2.o(.ARM.Collect$$libinit$$00000023)
    .ARM.Collect$$libinit$$00000025          0x00000142   Section        0  libinit2.o(.ARM.Collect$$libinit$$00000025)
    .ARM.Collect$$libinit$$0000002C          0x00000142   Section        0  libinit2.o(.ARM.Collect$$libinit$$0000002C)
    .ARM.Collect$$libinit$$0000002E          0x00000142   Section        0  libinit2.o(.ARM.Collect$$libinit$$0000002E)
    .ARM.Collect$$libinit$$00000030          0x00000142   Section        0  libinit2.o(.ARM.Collect$$libinit$$00000030)
    .ARM.Collect$$libinit$$00000032          0x00000142   Section        0  libinit2.o(.ARM.Collect$$libinit$$00000032)
    .ARM.Collect$$libinit$$00000033          0x00000142   Section        2  libinit2.o(.ARM.Collect$$libinit$$00000033)
    .ARM.Collect$$libshutdown$$00000000      0x00000144   Section        2  libshutdown.o(.ARM.Collect$$libshutdown$$00000000)
    .ARM.Collect$$libshutdown$$00000002      0x00000146   Section        0  libshutdown2.o(.ARM.Collect$$libshutdown$$00000002)
    .ARM.Collect$$libshutdown$$00000004      0x00000146   Section        0  libshutdown2.o(.ARM.Collect$$libshutdown$$00000004)
    .ARM.Collect$$libshutdown$$00000006      0x00000146   Section        0  libshutdown2.o(.ARM.Collect$$libshutdown$$00000006)
    .ARM.Collect$$libshutdown$$00000009      0x00000146   Section        0  libshutdown2.o(.ARM.Collect$$libshutdown$$00000009)
    .ARM.Collect$$libshutdown$$0000000C      0x00000146   Section        0  libshutdown2.o(.ARM.Collect$$libshutdown$$0000000C)
    .ARM.Collect$$libshutdown$$0000000E      0x00000146   Section        0  libshutdown2.o(.ARM.Collect$$libshutdown$$0000000E)
    .ARM.Collect$$libshutdown$$00000011      0x00000146   Section        0  libshutdown2.o(.ARM.Collect$$libshutdown$$00000011)
    .ARM.Collect$$libshutdown$$00000012      0x00000146   Section        2  libshutdown2.o(.ARM.Collect$$libshutdown$$00000012)
    .ARM.Collect$$rtentry$$00000000          0x00000148   Section        0  __rtentry.o(.ARM.Collect$$rtentry$$00000000)
    .ARM.Collect$$rtentry$$00000002          0x00000148   Section        0  __rtentry2.o(.ARM.Collect$$rtentry$$00000002)
    .ARM.Collect$$rtentry$$00000004          0x00000148   Section        6  __rtentry4.o(.ARM.Collect$$rtentry$$00000004)
    .ARM.Collect$$rtentry$$00000009          0x0000014e   Section        0  __rtentry2.o(.ARM.Collect$$rtentry$$00000009)
    .ARM.Collect$$rtentry$$0000000A          0x0000014e   Section        4  __rtentry2.o(.ARM.Collect$$rtentry$$0000000A)
    .ARM.Collect$$rtentry$$0000000B          0x00000152   Section        8  __rtentry2.o(.ARM.Collect$$rtentry$$0000000B)
    .ARM.Collect$$rtentry$$0000000D          0x0000015a   Section        8  __rtentry2.o(.ARM.Collect$$rtentry$$0000000D)
    .ARM.Collect$$rtexit$$00000000           0x00000162   Section        2  rtexit.o(.ARM.Collect$$rtexit$$00000000)
    .ARM.Collect$$rtexit$$00000002           0x00000164   Section        0  rtexit2.o(.ARM.Collect$$rtexit$$00000002)
    .ARM.Collect$$rtexit$$00000003           0x00000164   Section        4  rtexit2.o(.ARM.Collect$$rtexit$$00000003)
    .ARM.Collect$$rtexit$$00000004           0x00000168   Section        6  rtexit2.o(.ARM.Collect$$rtexit$$00000004)
    .emb_text                                0x00000170   Section       28  rtx_conf_cm.o(.emb_text)
    .emb_text                                0x0000018c   Section      304  hal_cm3.o(.emb_text)
    .text                                    0x000002bc   Section       60  startup_lpc17xx.o(.text)
    .text                                    0x000002f8   Section        2  use_no_semi.o(.text)
    .text                                    0x000002fa   Section        0  indicate_semi.o(.text)
    i.os_tick_irqack                         0x000002fa   Section        0  rt_system.o(i.os_tick_irqack)
    .ARM.__at_0x02FC                         0x000002fc   Section        4  startup_lpc17xx.o(.ARM.__at_0x02FC)
    .text                                    0x00000300   Section        8  libspace.o(.text)
    .text                                    0x00000308   Section        0  exit.o(.text)
    .text                                    0x0000031a   Section        0  heapauxi.o(.text)
    .text                                    0x00000320   Section        0  sys_exit.o(.text)
    .text                                    0x0000032c   Section       74  sys_stackheap_outer.o(.text)
    SVC_TABLE                                0x00000378   Section        4  svc_table.o(SVC_TABLE)
    i.InitADC                                0x0000037c   Section        0  adc_timer.o(i.InitADC)
    i.InitDAC                                0x000003b8   Section        0  adc_timer.o(i.InitDAC)
    i.SystemInit                             0x000003cc   Section        0  system_lpc17xx.o(i.SystemInit)
    i.TIMER0_IRQHandler                      0x0000050c   Section        0  adc_timer.o(i.TIMER0_IRQHandler)
    i._init_box                              0x00000558   Section        0  rt_membox.o(i._init_box)
    i._mutex_acquire                         0x000005a0   Section        0  rtx_conf_cm.o(i._mutex_acquire)
    __tagsym$$used                           0x000005a1   Number         0  rtx_conf_cm.o(i._mutex_acquire)
    i._mutex_release                         0x000005c0   Section        0  rtx_conf_cm.o(i._mutex_release)
    __tagsym$$used                           0x000005c1   Number         0  rtx_conf_cm.o(i._mutex_release)
    i.dbg_init                               0x000005dc   Section        0  hal_cm.o(i.dbg_init)
    i.dbg_task_notify                        0x0000060c   Section        0  hal_cm.o(i.dbg_task_notify)
    i.dbg_task_switch                        0x0000062c   Section        0  hal_cm.o(i.dbg_task_switch)
    i.init_timer0                            0x0000063c   Section        0  adc_timer.o(i.init_timer0)
    i.isrMessageGet                          0x00000680   Section        0  rt_cmsis.o(i.isrMessageGet)
    i.isrMessagePut                          0x000006aa   Section        0  rt_cmsis.o(i.isrMessagePut)
    i.isr_mbx_receive                        0x000006d8   Section        0  rt_mailbox.o(i.isr_mbx_receive)
    i.isr_mbx_send                           0x0000072e   Section        0  rt_mailbox.o(i.isr_mbx_send)
    i.main                                   0x0000073c   Section        0  adc_timer.o(i.main)
    i.osKernelInitialize                     0x00000758   Section        0  rt_cmsis.o(i.osKernelInitialize)
    i.osKernelStart                          0x0000077c   Section        0  rt_cmsis.o(i.osKernelStart)
    i.osMessageGet                           0x000007e8   Section        0  rt_cmsis.o(i.osMessageGet)
    i.osThreadCreate                         0x00000800   Section        0  rt_cmsis.o(i.osThreadCreate)
    i.osThreadExit                           0x0000082c   Section        0  rt_cmsis.o(i.osThreadExit)
    i.osTimerCall                            0x00000844   Section        0  rt_cmsis.o(i.osTimerCall)
    i.osTimerThread                          0x00000850   Section        0  rt_cmsis.o(i.osTimerThread)
    i.os_error                               0x0000087c   Section        0  rtx_conf_cm.o(i.os_error)
    i.os_idle_demon                          0x0000089e   Section        0  rtx_conf_cm.o(i.os_idle_demon)
    i.os_tick_init                           0x000008a4   Section        0  rt_system.o(i.os_tick_init)
    i.rt_alloc_box                           0x000008cc   Section        0  rt_membox.o(i.rt_alloc_box)
    i.rt_alloc_mem                           0x000008e6   Section        0  rt_memory.o(i.rt_alloc_mem)
    i.rt_block                               0x00000924   Section        0  rt_task.o(i.rt_block)
    i.rt_chk_robin                           0x0000095c   Section        0  rt_robin.o(i.rt_chk_robin)
    i.rt_dec_dly                             0x000009a4   Section        0  rt_list.o(i.rt_dec_dly)
    i.rt_dispatch                            0x00000a14   Section        0  rt_task.o(i.rt_dispatch)
    i.rt_evt_psh                             0x00000a58   Section        0  rt_event.o(i.rt_evt_psh)
    i.rt_free_box                            0x00000aa8   Section        0  rt_membox.o(i.rt_free_box)
    i.rt_free_mem                            0x00000ad4   Section        0  rt_memory.o(i.rt_free_mem)
    i.rt_get_first                           0x00000afc   Section        0  rt_list.o(i.rt_get_first)
    i.rt_id2obj                              0x00000b24   Section        0  rt_cmsis.o(i.rt_id2obj)
    rt_id2obj                                0x00000b25   Thumb Code     8  rt_cmsis.o(i.rt_id2obj)
    i.rt_init_context                        0x00000b2c   Section        0  rt_task.o(i.rt_init_context)
    rt_init_context                          0x00000b2d   Thumb Code    66  rt_task.o(i.rt_init_context)
    i.rt_init_mem                            0x00000b74   Section        0  rt_memory.o(i.rt_init_mem)
    i.rt_init_robin                          0x00000b90   Section        0  rt_robin.o(i.rt_init_robin)
    i.rt_init_stack                          0x00000ba8   Section        0  hal_cm.o(i.rt_init_stack)
    i.rt_mbx_check                           0x00000c28   Section        0  rt_mailbox.o(i.rt_mbx_check)
    i.rt_mbx_init                            0x00000c30   Section        0  rt_mailbox.o(i.rt_mbx_init)
    i.rt_mbx_psh                             0x00000c4c   Section        0  rt_mailbox.o(i.rt_mbx_psh)
    i.rt_mbx_wait                            0x00000d3c   Section        0  rt_mailbox.o(i.rt_mbx_wait)
    i.rt_ms2tick                             0x00000df0   Section        0  rt_cmsis.o(i.rt_ms2tick)
    rt_ms2tick                               0x00000df1   Thumb Code    58  rt_cmsis.o(i.rt_ms2tick)
    i.rt_mut_release                         0x00000e34   Section        0  rt_mutex.o(i.rt_mut_release)
    i.rt_mut_wait                            0x00000f0c   Section        0  rt_mutex.o(i.rt_mut_wait)
    i.rt_pop_req                             0x00000f84   Section        0  rt_system.o(i.rt_pop_req)
    i.rt_psh_req                             0x00001000   Section        0  rt_system.o(i.rt_psh_req)
    i.rt_psq_enq                             0x00001020   Section        0  rt_list.o(i.rt_psq_enq)
    i.rt_put_dly                             0x0000107c   Section        0  rt_list.o(i.rt_put_dly)
    i.rt_put_prio                            0x000010c4   Section        0  rt_list.o(i.rt_put_prio)
    i.rt_put_rdy_first                       0x000010fc   Section        0  rt_list.o(i.rt_put_rdy_first)
    i.rt_resort_prio                         0x00001110   Section        0  rt_list.o(i.rt_resort_prio)
    i.rt_ret_val                             0x00001144   Section        0  hal_cm.o(i.rt_ret_val)
    i.rt_ret_val2                            0x0000114a   Section        0  hal_cm.o(i.rt_ret_val2)
    i.rt_rmv_dly                             0x00001152   Section        0  rt_list.o(i.rt_rmv_dly)
    i.rt_rmv_list                            0x0000117c   Section        0  rt_list.o(i.rt_rmv_list)
    i.rt_sem_psh                             0x000011ac   Section        0  rt_semaphore.o(i.rt_sem_psh)
    i.rt_stk_check                           0x000011e0   Section        0  rt_system.o(i.rt_stk_check)
    i.rt_switch_req                          0x00001204   Section        0  rt_task.o(i.rt_switch_req)
    i.rt_sys_init                            0x0000122c   Section        0  rt_task.o(i.rt_sys_init)
    i.rt_sys_start                           0x000012f8   Section        0  rt_task.o(i.rt_sys_start)
    i.rt_systick                             0x00001370   Section        0  rt_system.o(i.rt_systick)
    i.rt_tid2ptcb                            0x000013b0   Section        0  rt_cmsis.o(i.rt_tid2ptcb)
    rt_tid2ptcb                              0x000013b1   Thumb Code    18  rt_cmsis.o(i.rt_tid2ptcb)
    i.rt_timer_insert                        0x000013c4   Section        0  rt_cmsis.o(i.rt_timer_insert)
    rt_timer_insert                          0x000013c5   Thumb Code    48  rt_cmsis.o(i.rt_timer_insert)
    i.rt_tsk_create                          0x000013f8   Section        0  rt_task.o(i.rt_tsk_create)
    i.rt_tsk_delete                          0x00001480   Section        0  rt_task.o(i.rt_tsk_delete)
    i.rt_tsk_prio                            0x000015fc   Section        0  rt_task.o(i.rt_tsk_prio)
    i.rt_tsk_self                            0x00001678   Section        0  rt_task.o(i.rt_tsk_self)
    i.svcKernelInitialize                    0x00001688   Section        0  rt_cmsis.o(i.svcKernelInitialize)
    i.svcKernelStart                         0x000016f8   Section        0  rt_cmsis.o(i.svcKernelStart)
    i.svcMessageCreate                       0x00001740   Section        0  rt_cmsis.o(i.svcMessageCreate)
    i.svcMessageGet                          0x00001764   Section        0  rt_cmsis.o(i.svcMessageGet)
    i.svcThreadCreate                        0x000017a0   Section        0  rt_cmsis.o(i.svcThreadCreate)
    i.svcThreadGetId                         0x0000180c   Section        0  rt_cmsis.o(i.svcThreadGetId)
    i.svcThreadTerminate                     0x00001828   Section        0  rt_cmsis.o(i.svcThreadTerminate)
    i.svcTimerCall                           0x00001860   Section        0  rt_cmsis.o(i.svcTimerCall)
    i.sysTimerTick                           0x00001878   Section        0  rt_cmsis.o(i.sysTimerTick)
    .constdata                               0x000018d4   Section      104  rtx_conf_cm.o(.constdata)
    __tagsym$$used                           0x000018f0   Number         0  rtx_conf_cm.o(.constdata)
    __tagsym$$used                           0x000018f4   Number         0  rtx_conf_cm.o(.constdata)
    __tagsym$$used                           0x000018f8   Number         0  rtx_conf_cm.o(.constdata)
    __tagsym$$used                           0x000018fc   Number         0  rtx_conf_cm.o(.constdata)
    .data                                    0x10000000   Section        4  adc_timer.o(.data)
    .data                                    0x10000004   Section       20  rtx_conf_cm.o(.data)
    nr_mutex                                 0x10000014   Data           4  rtx_conf_cm.o(.data)
    .data                                    0x10000018   Section        8  rt_cmsis.o(.data)
    .data                                    0x10000020   Section        8  rt_task.o(.data)
    .data                                    0x10000028   Section        8  rt_system.o(.data)
    os_lock                                  0x10000028   Data           1  rt_system.o(.data)
    os_psh_flag                              0x10000029   Data           1  rt_system.o(.data)
    pend_flags                               0x1000002a   Data           1  rt_system.o(.data)
    .data                                    0x10000030   Section        4  rt_time.o(.data)
    .data                                    0x10000034   Section        8  rt_robin.o(.data)
    .data                                    0x1000003c   Section        1  hal_cm.o(.data)
    .bss                                     0x10000040   Section     3016  rtx_conf_cm.o(.bss)
    std_libspace                             0x100008e8   Data         672  rtx_conf_cm.o(.bss)
    std_libmutex                             0x10000b88   Data         128  rtx_conf_cm.o(.bss)
    .bss                                     0x10000c08   Section       52  rt_task.o(.bss)
    .bss                                     0x10000c3c   Section       48  rt_list.o(.bss)
    .bss                                     0x10000c6c   Section       96  libspace.o(.bss)
    HEAP                                     0x10000cd0   Section        0  startup_lpc17xx.o(HEAP)
    STACK                                    0x10000cd0   Section      512  startup_lpc17xx.o(STACK)
    Heap_Mem                                 0x10000cd0   Data           0  startup_lpc17xx.o(HEAP)
    Stack_Mem                                0x10000cd0   Data         512  startup_lpc17xx.o(STACK)
    __initial_sp                             0x10000ed0   Data           0  startup_lpc17xx.o(STACK)

    Global Symbols

    Symbol Name                              Value     Ov Type        Size  Object(Section)

    BuildAttributes$$THM_ISAv4$P$D$K$B$S$PE$A:L22UL41UL21$X:L11$S22US41US21$IEEE1$IW$USESV6$~STKCKD$USESV7$~SHL$OSPACE$ROPI$EBA8$UX$STANDARDLIB$REQ8$PRES8$EABIv2 0x00000000   Number         0  anon$$obj.o ABSOLUTE
    __ARM_use_no_argv                        0x00000000   Number         0  adc_timer.o ABSOLUTE
    __Vectors                                0x00000000   Data           4  startup_lpc17xx.o(RESET)
    __ARM_exceptions_init                     - Undefined Weak Reference
    __alloca_initialize                       - Undefined Weak Reference
    __arm_fini_                               - Undefined Weak Reference
    __arm_preinit_                            - Undefined Weak Reference
    __cpp_initialize__aeabi_                  - Undefined Weak Reference
    __cxa_finalize                            - Undefined Weak Reference
    __rt_locale                               - Undefined Weak Reference
    __sigvec_lookup                           - Undefined Weak Reference
    _atexit_init                              - Undefined Weak Reference
    _call_atexit_fns                          - Undefined Weak Reference
    _clock_init                               - Undefined Weak Reference
    _fp_trap_init                             - Undefined Weak Reference
    _fp_trap_shutdown                         - Undefined Weak Reference
    _get_lc_collate                           - Undefined Weak Reference
    _get_lc_ctype                             - Undefined Weak Reference
    _get_lc_monetary                          - Undefined Weak Reference
    _get_lc_numeric                           - Undefined Weak Reference
    _get_lc_time                              - Undefined Weak Reference
    _getenv_init                              - Undefined Weak Reference
    _handle_redirection                       - Undefined Weak Reference
    _init_alloc                               - Undefined Weak Reference
    _init_user_alloc                          - Undefined Weak Reference
    _initio                                   - Undefined Weak Reference
    _rand_init                                - Undefined Weak Reference
    _signal_finish                            - Undefined Weak Reference
    _signal_init                              - Undefined Weak Reference
    _terminate_alloc                          - Undefined Weak Reference
    _terminate_user_alloc                     - Undefined Weak Reference
    _terminateio                              - Undefined Weak Reference
    __main                                   0x000000cd   Thumb Code     8  __main.o(!!!main)
    __scatterload                            0x000000d5   Thumb Code     0  __scatter.o(!!!scatter)
    __scatterload_rt2                        0x000000d5   Thumb Code    44  __scatter.o(!!!scatter)
    __scatterload_rt2_thumb_only             0x000000d5   Thumb Code     0  __scatter.o(!!!scatter)
    __scatterload_null                       0x000000e3   Thumb Code     0  __scatter.o(!!!scatter)
    __scatterload_copy                       0x00000109   Thumb Code    26  __scatter_copy.o(!!handler_copy)
    __scatterload_zeroinit                   0x00000125   Thumb Code    28  __scatter_zi.o(!!handler_zi)
    __rt_lib_init                            0x00000141   Thumb Code     0  libinit.o(.ARM.Collect$$libinit$$00000000)
    __rt_lib_init_alloca_1                   0x00000143   Thumb Code     0  libinit2.o(.ARM.Collect$$libinit$$0000002E)
    __rt_lib_init_argv_1                     0x00000143   Thumb Code     0  libinit2.o(.ARM.Collect$$libinit$$0000002C)
    __rt_lib_init_atexit_1                   0x00000143   Thumb Code     0  libinit2.o(.ARM.Collect$$libinit$$0000001B)
    __rt_lib_init_clock_1                    0x00000143   Thumb Code     0  libinit2.o(.ARM.Collect$$libinit$$00000021)
    __rt_lib_init_cpp_1                      0x00000143   Thumb Code     0  libinit2.o(.ARM.Collect$$libinit$$00000032)
    __rt_lib_init_exceptions_1               0x00000143   Thumb Code     0  libinit2.o(.ARM.Collect$$libinit$$00000030)
    __rt_lib_init_fp_1                       0x00000143   Thumb Code     0  libinit2.o(.ARM.Collect$$libinit$$00000002)
    __rt_lib_init_fp_trap_1                  0x00000143   Thumb Code     0  libinit2.o(.ARM.Collect$$libinit$$0000001F)
    __rt_lib_init_getenv_1                   0x00000143   Thumb Code     0  libinit2.o(.ARM.Collect$$libinit$$00000023)
    __rt_lib_init_heap_1                     0x00000143   Thumb Code     0  libinit2.o(.ARM.Collect$$libinit$$0000000A)
    __rt_lib_init_lc_collate_1               0x00000143   Thumb Code     0  libinit2.o(.ARM.Collect$$libinit$$00000011)
    __rt_lib_init_lc_ctype_1                 0x00000143   Thumb Code     0  libinit2.o(.ARM.Collect$$libinit$$00000013)
    __rt_lib_init_lc_monetary_1              0x00000143   Thumb Code     0  libinit2.o(.ARM.Collect$$libinit$$00000015)
    __rt_lib_init_lc_numeric_1               0x00000143   Thumb Code     0  libinit2.o(.ARM.Collect$$libinit$$00000017)
    __rt_lib_init_lc_time_1                  0x00000143   Thumb Code     0  libinit2.o(.ARM.Collect$$libinit$$00000019)
    __rt_lib_init_preinit_1                  0x00000143   Thumb Code     0  libinit2.o(.ARM.Collect$$libinit$$00000004)
    __rt_lib_init_rand_1                     0x00000143   Thumb Code     0  libinit2.o(.ARM.Collect$$libinit$$0000000E)
    __rt_lib_init_return                     0x00000143   Thumb Code     0  libinit2.o(.ARM.Collect$$libinit$$00000033)
    __rt_lib_init_signal_1                   0x00000143   Thumb Code     0  libinit2.o(.ARM.Collect$$libinit$$0000001D)
    __rt_lib_init_stdio_1                    0x00000143   Thumb Code     0  libinit2.o(.ARM.Collect$$libinit$$00000025)
    __rt_lib_init_user_alloc_1               0x00000143   Thumb Code     0  libinit2.o(.ARM.Collect$$libinit$$0000000C)
    __rt_lib_shutdown                        0x00000145   Thumb Code     0  libshutdown.o(.ARM.Collect$$libshutdown$$00000000)
    __rt_lib_shutdown_cpp_1                  0x00000147   Thumb Code     0  libshutdown2.o(.ARM.Collect$$libshutdown$$00000004)
    __rt_lib_shutdown_fini_1                 0x00000147   Thumb Code     0  libshutdown2.o(.ARM.Collect$$libshutdown$$00000002)
    __rt_lib_shutdown_fp_trap_1              0x00000147   Thumb Code     0  libshutdown2.o(.ARM.Collect$$libshutdown$$00000009)
    __rt_lib_shutdown_heap_1                 0x00000147   Thumb Code     0  libshutdown2.o(.ARM.Collect$$libshutdown$$00000011)
    __rt_lib_shutdown_return                 0x00000147   Thumb Code     0  libshutdown2.o(.ARM.Collect$$libshutdown$$00000012)
    __rt_lib_shutdown_signal_1               0x00000147   Thumb Code     0  libshutdown2.o(.ARM.Collect$$libshutdown$$0000000C)
    __rt_lib_shutdown_stdio_1                0x00000147   Thumb Code     0  libshutdown2.o(.ARM.Collect$$libshutdown$$00000006)
    __rt_lib_shutdown_user_alloc_1           0x00000147   Thumb Code     0  libshutdown2.o(.ARM.Collect$$libshutdown$$0000000E)
    __rt_entry                               0x00000149   Thumb Code     0  __rtentry.o(.ARM.Collect$$rtentry$$00000000)
    __rt_entry_presh_1                       0x00000149   Thumb Code     0  __rtentry2.o(.ARM.Collect$$rtentry$$00000002)
    __rt_entry_sh                            0x00000149   Thumb Code     0  __rtentry4.o(.ARM.Collect$$rtentry$$00000004)
    __rt_entry_li                            0x0000014f   Thumb Code     0  __rtentry2.o(.ARM.Collect$$rtentry$$0000000A)
    __rt_entry_postsh_1                      0x0000014f   Thumb Code     0  __rtentry2.o(.ARM.Collect$$rtentry$$00000009)
    __rt_entry_postli_1                      0x00000153   Thumb Code     0  __rtentry2.o(.ARM.Collect$$rtentry$$0000000B)
    __rt_entry_main                          0x0000015b   Thumb Code     0  __rtentry2.o(.ARM.Collect$$rtentry$$0000000D)
    __rt_exit                                0x00000163   Thumb Code     0  rtexit.o(.ARM.Collect$$rtexit$$00000000)
    __rt_exit_ls                             0x00000165   Thumb Code     0  rtexit2.o(.ARM.Collect$$rtexit$$00000003)
    __rt_exit_prels_1                        0x00000165   Thumb Code     0  rtexit2.o(.ARM.Collect$$rtexit$$00000002)
    __rt_exit_exit                           0x00000169   Thumb Code     0  rtexit2.o(.ARM.Collect$$rtexit$$00000004)
    _platform_post_lib_init                  0x00000171   Thumb Code    24  rtx_conf_cm.o(.emb_text)
    rt_set_PSP                               0x0000018d   Thumb Code     6  hal_cm3.o(.emb_text)
    rt_get_PSP                               0x00000193   Thumb Code     6  hal_cm3.o(.emb_text)
    os_set_env                               0x00000199   Thumb Code    24  hal_cm3.o(.emb_text)
    _alloc_box                               0x000001b5   Thumb Code    28  hal_cm3.o(.emb_text)
    _free_box                                0x000001d5   Thumb Code    28  hal_cm3.o(.emb_text)
    SVC_Handler                              0x000001f5   Thumb Code   108  hal_cm3.o(.emb_text)
    PendSV_Handler                           0x0000026d   Thumb Code    56  hal_cm3.o(.emb_text)
    SysTick_Handler                          0x000002a9   Thumb Code     8  hal_cm3.o(.emb_text)
    OS_Tick_Handler                          0x000002b1   Thumb Code    12  hal_cm3.o(.emb_text)
    Reset_Handler                            0x000002bd   Thumb Code     8  startup_lpc17xx.o(.text)
    NMI_Handler                              0x000002c5   Thumb Code     2  startup_lpc17xx.o(.text)
    HardFault_Handler                        0x000002c7   Thumb Code     2  startup_lpc17xx.o(.text)
    MemManage_Handler                        0x000002c9   Thumb Code     2  startup_lpc17xx.o(.text)
    BusFault_Handler                         0x000002cb   Thumb Code     2  startup_lpc17xx.o(.text)
    UsageFault_Handler                       0x000002cd   Thumb Code     2  startup_lpc17xx.o(.text)
    DebugMon_Handler                         0x000002d1   Thumb Code     2  startup_lpc17xx.o(.text)
    ADC_IRQHandler                           0x000002d7   Thumb Code     0  startup_lpc17xx.o(.text)
    BOD_IRQHandler                           0x000002d7   Thumb Code     0  startup_lpc17xx.o(.text)
    CANActivity_IRQHandler                   0x000002d7   Thumb Code     0  startup_lpc17xx.o(.text)
    CAN_IRQHandler                           0x000002d7   Thumb Code     0  startup_lpc17xx.o(.text)
    DMA_IRQHandler                           0x000002d7   Thumb Code     0  startup_lpc17xx.o(.text)
    EINT0_IRQHandler                         0x000002d7   Thumb Code     0  startup_lpc17xx.o(.text)
    EINT1_IRQHandler                         0x000002d7   Thumb Code     0  startup_lpc17xx.o(.text)
    EINT2_IRQHandler                         0x000002d7   Thumb Code     0  startup_lpc17xx.o(.text)
    EINT3_IRQHandler                         0x000002d7   Thumb Code     0  startup_lpc17xx.o(.text)
    ENET_IRQHandler                          0x000002d7   Thumb Code     0  startup_lpc17xx.o(.text)
    I2C0_IRQHandler                          0x000002d7   Thumb Code     0  startup_lpc17xx.o(.text)
    I2C1_IRQHandler                          0x000002d7   Thumb Code     0  startup_lpc17xx.o(.text)
    I2C2_IRQHandler                          0x000002d7   Thumb Code     0  startup_lpc17xx.o(.text)
    I2S_IRQHandler                           0x000002d7   Thumb Code     0  startup_lpc17xx.o(.text)
    MCPWM_IRQHandler                         0x000002d7   Thumb Code     0  startup_lpc17xx.o(.text)
    PLL0_IRQHandler                          0x000002d7   Thumb Code     0  startup_lpc17xx.o(.text)
    PLL1_IRQHandler                          0x000002d7   Thumb Code     0  startup_lpc17xx.o(.text)
    PWM1_IRQHandler                          0x000002d7   Thumb Code     0  startup_lpc17xx.o(.text)
    QEI_IRQHandler                           0x000002d7   Thumb Code     0  startup_lpc17xx.o(.text)
    RIT_IRQHandler                           0x000002d7   Thumb Code     0  startup_lpc17xx.o(.text)
    RTC_IRQHandler                           0x000002d7   Thumb Code     0  startup_lpc17xx.o(.text)
    SPI_IRQHandler                           0x000002d7   Thumb Code     0  startup_lpc17xx.o(.text)
    SSP0_IRQHandler                          0x000002d7   Thumb Code     0  startup_lpc17xx.o(.text)
    SSP1_IRQHandler                          0x000002d7   Thumb Code     0  startup_lpc17xx.o(.text)
    TIMER1_IRQHandler                        0x000002d7   Thumb Code     0  startup_lpc17xx.o(.text)
    TIMER2_IRQHandler                        0x000002d7   Thumb Code     0  startup_lpc17xx.o(.text)
    TIMER3_IRQHandler                        0x000002d7   Thumb Code     0  startup_lpc17xx.o(.text)
    UART0_IRQHandler                         0x000002d7   Thumb Code     0  startup_lpc17xx.o(.text)
    UART1_IRQHandler                         0x000002d7   Thumb Code     0  startup_lpc17xx.o(.text)
    UART2_IRQHandler                         0x000002d7   Thumb Code     0  startup_lpc17xx.o(.text)
    UART3_IRQHandler                         0x000002d7   Thumb Code     0  startup_lpc17xx.o(.text)
    USBActivity_IRQHandler                   0x000002d7   Thumb Code     0  startup_lpc17xx.o(.text)
    USB_IRQHandler                           0x000002d7   Thumb Code     0  startup_lpc17xx.o(.text)
    WDT_IRQHandler                           0x000002d7   Thumb Code     0  startup_lpc17xx.o(.text)
    __user_initial_stackheap                 0x000002d9   Thumb Code     0  startup_lpc17xx.o(.text)
    __I$use$semihosting                      0x000002f9   Thumb Code     0  use_no_semi.o(.text)
    __use_no_semihosting_swi                 0x000002f9   Thumb Code     2  use_no_semi.o(.text)
    __semihosting_library_function           0x000002fb   Thumb Code     0  indicate_semi.o(.text)
    os_tick_irqack                           0x000002fb   Thumb Code     2  rt_system.o(i.os_tick_irqack)
    __user_libspace                          0x00000301   Thumb Code     8  libspace.o(.text)
    __user_perproc_libspace                  0x00000301   Thumb Code     0  libspace.o(.text)
    exit                                     0x00000309   Thumb Code    18  exit.o(.text)
    __use_two_region_memory                  0x0000031b   Thumb Code     2  heapauxi.o(.text)
    __rt_heap_escrow$2region                 0x0000031d   Thumb Code     2  heapauxi.o(.text)
    __rt_heap_expand$2region                 0x0000031f   Thumb Code     2  heapauxi.o(.text)
    _sys_exit                                0x00000321   Thumb Code     8  sys_exit.o(.text)
    __user_setup_stackheap                   0x0000032d   Thumb Code    74  sys_stackheap_outer.o(.text)
    SVC_Count                                0x00000378   Data           4  svc_table.o(SVC_TABLE)
    InitADC                                  0x0000037d   Thumb Code    42  adc_timer.o(i.InitADC)
    SVC_Table                                0x0000037c   Data           0  svc_table.o(SVC_TABLE)
    InitDAC                                  0x000003b9   Thumb Code    14  adc_timer.o(i.InitDAC)
    SystemInit                               0x000003cd   Thumb Code   302  system_lpc17xx.o(i.SystemInit)
    __RL_RTX_VER                             0x00000482   Number         0  rt_system.o ABSOLUTE
    TIMER0_IRQHandler                        0x0000050d   Thumb Code    60  adc_timer.o(i.TIMER0_IRQHandler)
    _init_box                                0x00000559   Thumb Code    70  rt_membox.o(i._init_box)
    _mutex_acquire                           0x000005a1   Thumb Code    22  rtx_conf_cm.o(i._mutex_acquire)
    _mutex_release                           0x000005c1   Thumb Code    18  rtx_conf_cm.o(i._mutex_release)
    dbg_init                                 0x000005dd   Thumb Code    34  hal_cm.o(i.dbg_init)
    dbg_task_notify                          0x0000060d   Thumb Code    32  hal_cm.o(i.dbg_task_notify)
    dbg_task_switch                          0x0000062d   Thumb Code    16  hal_cm.o(i.dbg_task_switch)
    init_timer0                              0x0000063d   Thumb Code    62  adc_timer.o(i.init_timer0)
    isrMessageGet                            0x00000681   Thumb Code    42  rt_cmsis.o(i.isrMessageGet)
    isrMessagePut                            0x000006ab   Thumb Code    44  rt_cmsis.o(i.isrMessagePut)
    isr_mbx_receive                          0x000006d9   Thumb Code    86  rt_mailbox.o(i.isr_mbx_receive)
    isr_mbx_send                             0x0000072f   Thumb Code    14  rt_mailbox.o(i.isr_mbx_send)
    main                                     0x0000073d   Thumb Code    24  adc_timer.o(i.main)
    osKernelInitialize                       0x00000759   Thumb Code    30  rt_cmsis.o(i.osKernelInitialize)
    osKernelStart                            0x0000077d   Thumb Code    98  rt_cmsis.o(i.osKernelStart)
    osMessageGet                             0x000007e9   Thumb Code    18  rt_cmsis.o(i.osMessageGet)
    osThreadCreate                           0x00000801   Thumb Code    36  rt_cmsis.o(i.osThreadCreate)
    osThreadExit                             0x0000082d   Thumb Code    14  rt_cmsis.o(i.osThreadExit)
    osTimerCall                              0x00000845   Thumb Code     8  rt_cmsis.o(i.osTimerCall)
    osTimerThread                            0x00000851   Thumb Code    38  rt_cmsis.o(i.osTimerThread)
    os_error                                 0x0000087d   Thumb Code    34  rtx_conf_cm.o(i.os_error)
    os_idle_demon                            0x0000089f   Thumb Code     4  rtx_conf_cm.o(i.os_idle_demon)
    os_tick_init                             0x000008a5   Thumb Code    32  rt_system.o(i.os_tick_init)
    rt_alloc_box                             0x000008cd   Thumb Code    26  rt_membox.o(i.rt_alloc_box)
    rt_alloc_mem                             0x000008e7   Thumb Code    62  rt_memory.o(i.rt_alloc_mem)
    rt_block                                 0x00000925   Thumb Code    48  rt_task.o(i.rt_block)
    rt_chk_robin                             0x0000095d   Thumb Code    60  rt_robin.o(i.rt_chk_robin)
    rt_dec_dly                               0x000009a5   Thumb Code   102  rt_list.o(i.rt_dec_dly)
    rt_dispatch                              0x00000a15   Thumb Code    60  rt_task.o(i.rt_dispatch)
    rt_evt_psh                               0x00000a59   Thumb Code    76  rt_event.o(i.rt_evt_psh)
    rt_free_box                              0x00000aa9   Thumb Code    44  rt_membox.o(i.rt_free_box)
    rt_free_mem                              0x00000ad5   Thumb Code    40  rt_memory.o(i.rt_free_mem)
    rt_get_first                             0x00000afd   Thumb Code    40  rt_list.o(i.rt_get_first)
    rt_init_mem                              0x00000b75   Thumb Code    26  rt_memory.o(i.rt_init_mem)
    rt_init_robin                            0x00000b91   Thumb Code    14  rt_robin.o(i.rt_init_robin)
    rt_init_stack                            0x00000ba9   Thumb Code   118  hal_cm.o(i.rt_init_stack)
    rt_mbx_check                             0x00000c29   Thumb Code     8  rt_mailbox.o(i.rt_mbx_check)
    rt_mbx_init                              0x00000c31   Thumb Code    26  rt_mailbox.o(i.rt_mbx_init)
    rt_mbx_psh                               0x00000c4d   Thumb Code   236  rt_mailbox.o(i.rt_mbx_psh)
    rt_mbx_wait                              0x00000d3d   Thumb Code   174  rt_mailbox.o(i.rt_mbx_wait)
    rt_mut_release                           0x00000e35   Thumb Code   208  rt_mutex.o(i.rt_mut_release)
    rt_mut_wait                              0x00000f0d   Thumb Code   114  rt_mutex.o(i.rt_mut_wait)
    rt_pop_req                               0x00000f85   Thumb Code   112  rt_system.o(i.rt_pop_req)
    rt_psh_req                               0x00001001   Thumb Code    22  rt_system.o(i.rt_psh_req)
    rt_psq_enq                               0x00001021   Thumb Code    88  rt_list.o(i.rt_psq_enq)
    rt_put_dly                               0x0000107d   Thumb Code    68  rt_list.o(i.rt_put_dly)
    rt_put_prio                              0x000010c5   Thumb Code    54  rt_list.o(i.rt_put_prio)
    rt_put_rdy_first                         0x000010fd   Thumb Code    14  rt_list.o(i.rt_put_rdy_first)
    rt_resort_prio                           0x00001111   Thumb Code    46  rt_list.o(i.rt_resort_prio)
    rt_ret_val                               0x00001145   Thumb Code     6  hal_cm.o(i.rt_ret_val)
    rt_ret_val2                              0x0000114b   Thumb Code     8  hal_cm.o(i.rt_ret_val2)
    rt_rmv_dly                               0x00001153   Thumb Code    40  rt_list.o(i.rt_rmv_dly)
    rt_rmv_list                              0x0000117d   Thumb Code    44  rt_list.o(i.rt_rmv_list)
    rt_sem_psh                               0x000011ad   Thumb Code    48  rt_semaphore.o(i.rt_sem_psh)
    rt_stk_check                             0x000011e1   Thumb Code    28  rt_system.o(i.rt_stk_check)
    rt_switch_req                            0x00001205   Thumb Code    30  rt_task.o(i.rt_switch_req)
    rt_sys_init                              0x0000122d   Thumb Code   138  rt_task.o(i.rt_sys_init)
    rt_sys_start                             0x000012f9   Thumb Code   110  rt_task.o(i.rt_sys_start)
    rt_systick                               0x00001371   Thumb Code    50  rt_system.o(i.rt_systick)
    rt_tsk_create                            0x000013f9   Thumb Code   118  rt_task.o(i.rt_tsk_create)
    rt_tsk_delete                            0x00001481   Thumb Code   352  rt_task.o(i.rt_tsk_delete)
    rt_tsk_prio                              0x000015fd   Thumb Code   108  rt_task.o(i.rt_tsk_prio)
    rt_tsk_self                              0x00001679   Thumb Code    12  rt_task.o(i.rt_tsk_self)
    svcKernelInitialize                      0x00001689   Thumb Code    80  rt_cmsis.o(i.svcKernelInitialize)
    svcKernelStart                           0x000016f9   Thumb Code    62  rt_cmsis.o(i.svcKernelStart)
    svcMessageCreate                         0x00001741   Thumb Code    36  rt_cmsis.o(i.svcMessageCreate)
    svcMessageGet                            0x00001765   Thumb Code    58  rt_cmsis.o(i.svcMessageGet)
    svcThreadCreate                          0x000017a1   Thumb Code    96  rt_cmsis.o(i.svcThreadCreate)
    svcThreadGetId                           0x0000180d   Thumb Code    22  rt_cmsis.o(i.svcThreadGetId)
    svcThreadTerminate                       0x00001829   Thumb Code    50  rt_cmsis.o(i.svcThreadTerminate)
    svcTimerCall                             0x00001861   Thumb Code    24  rt_cmsis.o(i.svcTimerCall)
    sysTimerTick                             0x00001879   Thumb Code    84  rt_cmsis.o(i.sysTimerTick)
    os_maxtaskrun                            0x000018d4   Data           2  rtx_conf_cm.o(.constdata)
    os_stackinfo                             0x000018d8   Data           4  rtx_conf_cm.o(.constdata)
    os_rrobin                                0x000018dc   Data           4  rtx_conf_cm.o(.constdata)
    os_tickfreq                              0x000018e0   Data           4  rtx_conf_cm.o(.constdata)
    os_tickus_i                              0x000018e4   Data           2  rtx_conf_cm.o(.constdata)
    os_tickus_f                              0x000018e6   Data           2  rtx_conf_cm.o(.constdata)
    os_trv                                   0x000018e8   Data           4  rtx_conf_cm.o(.constdata)
    os_flags                                 0x000018ec   Data           1  rtx_conf_cm.o(.constdata)
    CMSIS_RTOS_API_Version                   0x000018f0   Data           4  rtx_conf_cm.o(.constdata)
    CMSIS_RTOS_RTX_Version                   0x000018f4   Data           4  rtx_conf_cm.o(.constdata)
    os_clockrate                             0x000018f8   Data           4  rtx_conf_cm.o(.constdata)
    os_timernum                              0x000018fc   Data           4  rtx_conf_cm.o(.constdata)
    mp_tcb_size                              0x00001900   Data           2  rtx_conf_cm.o(.constdata)
    mp_stk_size                              0x00001904   Data           4  rtx_conf_cm.o(.constdata)
    os_stack_sz                              0x00001908   Data           4  rtx_conf_cm.o(.constdata)
    os_fifo_size                             0x0000190c   Data           1  rtx_conf_cm.o(.constdata)
    os_thread_def_osTimerThread              0x00001910   Data          16  rtx_conf_cm.o(.constdata)
    os_messageQ_def_osTimerMessageQ          0x00001920   Data           8  rtx_conf_cm.o(.constdata)
    mp_tmr_size                              0x00001928   Data           2  rtx_conf_cm.o(.constdata)
    os_thread_def_main                       0x0000192c   Data          16  rtx_conf_cm.o(.constdata)
    Region$$Table$$Base                      0x0000193c   Number         0  anon$$obj.o(Region$$Table)
    Region$$Table$$Limit                     0x0000195c   Number         0  anon$$obj.o(Region$$Table)
    i                                        0x10000000   Data           4  adc_timer.o(.data)
    osThreadId_osTimerThread                 0x10000004   Data           4  rtx_conf_cm.o(.data)
    osMessageQId_osTimerMessageQ             0x10000008   Data           4  rtx_conf_cm.o(.data)
    os_tmr                                   0x1000000c   Data           4  rtx_conf_cm.o(.data)
    m_tmr                                    0x10000010   Data           4  rtx_conf_cm.o(.data)
    os_initialized                           0x10000018   Data           1  rt_cmsis.o(.data)
    os_running                               0x10000019   Data           1  rt_cmsis.o(.data)
    os_timer_head                            0x1000001c   Data           4  rt_cmsis.o(.data)
    os_tsk                                   0x10000020   Data           8  rt_task.o(.data)
    os_tick_irqn                             0x1000002c   Data           4  rt_system.o(.data)
    os_time                                  0x10000030   Data           4  rt_time.o(.data)
    os_robin                                 0x10000034   Data           8  rt_robin.o(.data)
    dbg_msg                                  0x1000003c   Data           1  hal_cm.o(.data)
    mp_tcb                                   0x10000040   Data         376  rtx_conf_cm.o(.bss)
    mp_stk                                   0x100001b8   Data        1216  rtx_conf_cm.o(.bss)
    os_stack_mem                             0x10000678   Data         432  rtx_conf_cm.o(.bss)
    os_fifo                                  0x10000828   Data         132  rtx_conf_cm.o(.bss)
    os_active_TCB                            0x100008ac   Data          28  rtx_conf_cm.o(.bss)
    os_messageQ_q_osTimerMessageQ            0x100008c8   Data          32  rtx_conf_cm.o(.bss)
    os_idle_TCB                              0x10000c08   Data          52  rt_task.o(.bss)
    os_rdy                                   0x10000c3c   Data          24  rt_list.o(.bss)
    os_dly                                   0x10000c54   Data          24  rt_list.o(.bss)
    __libspace_start                         0x10000c6c   Data          96  libspace.o(.bss)
    __temporary_stack_top$libspace           0x10000ccc   Data           0  libspace.o(.bss)



==============================================================================

Memory Map of the image

  Image Entry point : 0x000000cd

  Load Region LR_IROM1 (Base: 0x00000000, Size: 0x0000199c, Max: 0x00080000, ABSOLUTE)

    Execution Region ER_IROM1 (Exec base: 0x00000000, Load base: 0x00000000, Size: 0x0000195c, Max: 0x00080000, ABSOLUTE)

    Exec Addr    Load Addr    Size         Type   Attr      Idx    E Section Name        Object

    0x00000000   0x00000000   0x000000cc   Data   RO          292    RESET               startup_lpc17xx.o
    0x000000cc   0x000000cc   0x00000008   Code   RO         1558  * !!!main             c_w.l(__main.o)
    0x000000d4   0x000000d4   0x00000034   Code   RO         1721    !!!scatter          c_w.l(__scatter.o)
    0x00000108   0x00000108   0x0000001a   Code   RO         1723    !!handler_copy      c_w.l(__scatter_copy.o)
    0x00000122   0x00000122   0x00000002   PAD
    0x00000124   0x00000124   0x0000001c   Code   RO         1725    !!handler_zi        c_w.l(__scatter_zi.o)
    0x00000140   0x00000140   0x00000002   Code   RO         1605    .ARM.Collect$$libinit$$00000000  c_w.l(libinit.o)
    0x00000142   0x00000142   0x00000000   Code   RO         1617    .ARM.Collect$$libinit$$00000002  c_w.l(libinit2.o)
    0x00000142   0x00000142   0x00000000   Code   RO         1619    .ARM.Collect$$libinit$$00000004  c_w.l(libinit2.o)
    0x00000142   0x00000142   0x00000000   Code   RO         1622    .ARM.Collect$$libinit$$0000000A  c_w.l(libinit2.o)
    0x00000142   0x00000142   0x00000000   Code   RO         1624    .ARM.Collect$$libinit$$0000000C  c_w.l(libinit2.o)
    0x00000142   0x00000142   0x00000000   Code   RO         1626    .ARM.Collect$$libinit$$0000000E  c_w.l(libinit2.o)
    0x00000142   0x00000142   0x00000000   Code   RO         1629    .ARM.Collect$$libinit$$00000011  c_w.l(libinit2.o)
    0x00000142   0x00000142   0x00000000   Code   RO         1631    .ARM.Collect$$libinit$$00000013  c_w.l(libinit2.o)
    0x00000142   0x00000142   0x00000000   Code   RO         1633    .ARM.Collect$$libinit$$00000015  c_w.l(libinit2.o)
    0x00000142   0x00000142   0x00000000   Code   RO         1635    .ARM.Collect$$libinit$$00000017  c_w.l(libinit2.o)
    0x00000142   0x00000142   0x00000000   Code   RO         1637    .ARM.Collect$$libinit$$00000019  c_w.l(libinit2.o)
    0x00000142   0x00000142   0x00000000   Code   RO         1639    .ARM.Collect$$libinit$$0000001B  c_w.l(libinit2.o)
    0x00000142   0x00000142   0x00000000   Code   RO         1641    .ARM.Collect$$libinit$$0000001D  c_w.l(libinit2.o)
    0x00000142   0x00000142   0x00000000   Code   RO         1643    .ARM.Collect$$libinit$$0000001F  c_w.l(libinit2.o)
    0x00000142   0x00000142   0x00000000   Code   RO         1645    .ARM.Collect$$libinit$$00000021  c_w.l(libinit2.o)
    0x00000142   0x00000142   0x00000000   Code   RO         1647    .ARM.Collect$$libinit$$00000023  c_w.l(libinit2.o)
    0x00000142   0x00000142   0x00000000   Code   RO         1649    .ARM.Collect$$libinit$$00000025  c_w.l(libinit2.o)
    0x00000142   0x00000142   0x00000000   Code   RO         1653    .ARM.Collect$$libinit$$0000002C  c_w.l(libinit2.o)
    0x00000142   0x00000142   0x00000000   Code   RO         1655    .ARM.Collect$$libinit$$0000002E  c_w.l(libinit2.o)
    0x00000142   0x00000142   0x00000000   Code   RO         1657    .ARM.Collect$$libinit$$00000030  c_w.l(libinit2.o)
    0x00000142   0x00000142   0x00000000   Code   RO         1659    .ARM.Collect$$libinit$$00000032  c_w.l(libinit2.o)
    0x00000142   0x00000142   0x00000002   Code   RO         1660    .ARM.Collect$$libinit$$00000033  c_w.l(libinit2.o)
    0x00000144   0x00000144   0x00000002   Code   RO         1606    .ARM.Collect$$libshutdown$$00000000  c_w.l(libshutdown.o)
    0x00000146   0x00000146   0x00000000   Code   RO         1662    .ARM.Collect$$libshutdown$$00000002  c_w.l(libshutdown2.o)
    0x00000146   0x00000146   0x00000000   Code   RO         1664    .ARM.Collect$$libshutdown$$00000004  c_w.l(libshutdown2.o)
    0x00000146   0x00000146   0x00000000   Code   RO         1666    .ARM.Collect$$libshutdown$$00000006  c_w.l(libshutdown2.o)
    0x00000146   0x00000146   0x00000000   Code   RO         1669    .ARM.Collect$$libshutdown$$00000009  c_w.l(libshutdown2.o)
    0x00000146   0x00000146   0x00000000   Code   RO         1672    .ARM.Collect$$libshutdown$$0000000C  c_w.l(libshutdown2.o)
    0x00000146   0x00000146   0x00000000   Code   RO         1674    .ARM.Collect$$libshutdown$$0000000E  c_w.l(libshutdown2.o)
    0x00000146   0x00000146   0x00000000   Code   RO         1677    .ARM.Collect$$libshutdown$$00000011  c_w.l(libshutdown2.o)
    0x00000146   0x00000146   0x00000002   Code   RO         1678    .ARM.Collect$$libshutdown$$00000012  c_w.l(libshutdown2.o)
    0x00000148   0x00000148   0x00000000   Code   RO         1560    .ARM.Collect$$rtentry$$00000000  c_w.l(__rtentry.o)
    0x00000148   0x00000148   0x00000000   Code   RO         1568    .ARM.Collect$$rtentry$$00000002  c_w.l(__rtentry2.o)
    0x00000148   0x00000148   0x00000006   Code   RO         1580    .ARM.Collect$$rtentry$$00000004  c_w.l(__rtentry4.o)
    0x0000014e   0x0000014e   0x00000000   Code   RO         1570    .ARM.Collect$$rtentry$$00000009  c_w.l(__rtentry2.o)
    0x0000014e   0x0000014e   0x00000004   Code   RO         1571    .ARM.Collect$$rtentry$$0000000A  c_w.l(__rtentry2.o)
    0x00000152   0x00000152   0x00000008   Code   RO         1572    .ARM.Collect$$rtentry$$0000000B  c_w.l(__rtentry2.o)
    0x0000015a   0x0000015a   0x00000008   Code   RO         1574    .ARM.Collect$$rtentry$$0000000D  c_w.l(__rtentry2.o)
    0x00000162   0x00000162   0x00000002   Code   RO         1561    .ARM.Collect$$rtexit$$00000000  c_w.l(rtexit.o)
    0x00000164   0x00000164   0x00000000   Code   RO         1583    .ARM.Collect$$rtexit$$00000002  c_w.l(rtexit2.o)
    0x00000164   0x00000164   0x00000004   Code   RO         1584    .ARM.Collect$$rtexit$$00000003  c_w.l(rtexit2.o)
    0x00000168   0x00000168   0x00000006   Code   RO         1585    .ARM.Collect$$rtexit$$00000004  c_w.l(rtexit2.o)
    0x0000016e   0x0000016e   0x00000002   PAD
    0x00000170   0x00000170   0x0000001c   Code   RO          139    .emb_text           rtx_conf_cm.o
    0x0000018c   0x0000018c   0x00000130   Code   RO         1534    .emb_text           RTX_CM3.lib(hal_cm3.o)
    0x000002bc   0x000002bc   0x0000003c   Code   RO          294    .text               startup_lpc17xx.o
    0x000002f8   0x000002f8   0x00000002   Code   RO         1607    .text               c_w.l(use_no_semi.o)
    0x000002fa   0x000002fa   0x00000000   Code   RO         1609    .text               c_w.l(indicate_semi.o)
    0x000002fa   0x000002fa   0x00000002   Code   RO         1081    i.os_tick_irqack    RTX_CM3.lib(rt_system.o)
    0x000002fc   0x000002fc   0x00000004   Code   RO          293    .ARM.__at_0x02FC    startup_lpc17xx.o
    0x00000300   0x00000300   0x00000008   Code   RO         1549    .text               c_w.l(libspace.o)
    0x00000308   0x00000308   0x00000012   Code   RO         1554    .text               c_w.l(exit.o)
    0x0000031a   0x0000031a   0x00000006   Code   RO         1556    .text               c_w.l(heapauxi.o)
    0x00000320   0x00000320   0x0000000c   Code   RO         1591    .text               c_w.l(sys_exit.o)
    0x0000032c   0x0000032c   0x0000004a   Code   RO         1593    .text               c_w.l(sys_stackheap_outer.o)
    0x00000376   0x00000376   0x00000002   PAD
    0x00000378   0x00000378   0x00000004   Code   RO         1544    SVC_TABLE           RTX_CM3.lib(svc_table.o)
    0x0000037c   0x0000037c   0x0000003c   Code   RO            4    i.InitADC           adc_timer.o
    0x000003b8   0x000003b8   0x00000014   Code   RO            5    i.InitDAC           adc_timer.o
    0x000003cc   0x000003cc   0x00000140   Code   RO          304    i.SystemInit        system_lpc17xx.o
    0x0000050c   0x0000050c   0x0000004c   Code   RO            6    i.TIMER0_IRQHandler  adc_timer.o
    0x00000558   0x00000558   0x00000046   Code   RO         1433    i._init_box         RTX_CM3.lib(rt_membox.o)
    0x0000059e   0x0000059e   0x00000002   PAD
    0x000005a0   0x000005a0   0x00000020   Code   RO          141    i._mutex_acquire    rtx_conf_cm.o
    0x000005c0   0x000005c0   0x0000001c   Code   RO          143    i._mutex_release    rtx_conf_cm.o
    0x000005dc   0x000005dc   0x00000030   Code   RO         1486    i.dbg_init          RTX_CM3.lib(hal_cm.o)
    0x0000060c   0x0000060c   0x00000020   Code   RO         1487    i.dbg_task_notify   RTX_CM3.lib(hal_cm.o)
    0x0000062c   0x0000062c   0x00000010   Code   RO         1488    i.dbg_task_switch   RTX_CM3.lib(hal_cm.o)
    0x0000063c   0x0000063c   0x00000044   Code   RO            7    i.init_timer0       adc_timer.o
    0x00000680   0x00000680   0x0000002a   Code   RO          339    i.isrMessageGet     RTX_CM3.lib(rt_cmsis.o)
    0x000006aa   0x000006aa   0x0000002c   Code   RO          340    i.isrMessagePut     RTX_CM3.lib(rt_cmsis.o)
    0x000006d6   0x000006d6   0x00000002   PAD
    0x000006d8   0x000006d8   0x00000056   Code   RO         1288    i.isr_mbx_receive   RTX_CM3.lib(rt_mailbox.o)
    0x0000072e   0x0000072e   0x0000000e   Code   RO         1289    i.isr_mbx_send      RTX_CM3.lib(rt_mailbox.o)
    0x0000073c   0x0000073c   0x0000001c   Code   RO            8    i.main              adc_timer.o
    0x00000758   0x00000758   0x00000024   Code   RO          344    i.osKernelInitialize  RTX_CM3.lib(rt_cmsis.o)
    0x0000077c   0x0000077c   0x0000006c   Code   RO          346    i.osKernelStart     RTX_CM3.lib(rt_cmsis.o)
    0x000007e8   0x000007e8   0x00000018   Code   RO          355    i.osMessageGet      RTX_CM3.lib(rt_cmsis.o)
    0x00000800   0x00000800   0x0000002c   Code   RO          372    i.osThreadCreate    RTX_CM3.lib(rt_cmsis.o)
    0x0000082c   0x0000082c   0x00000018   Code   RO          373    i.osThreadExit      RTX_CM3.lib(rt_cmsis.o)
    0x00000844   0x00000844   0x0000000c   Code   RO          379    i.osTimerCall       RTX_CM3.lib(rt_cmsis.o)
    0x00000850   0x00000850   0x0000002c   Code   RO          384    i.osTimerThread     RTX_CM3.lib(rt_cmsis.o)
    0x0000087c   0x0000087c   0x00000022   Code   RO          144    i.os_error          rtx_conf_cm.o
    0x0000089e   0x0000089e   0x00000004   Code   RO          145    i.os_idle_demon     rtx_conf_cm.o
    0x000008a2   0x000008a2   0x00000002   PAD
    0x000008a4   0x000008a4   0x00000028   Code   RO         1080    i.os_tick_init      RTX_CM3.lib(rt_system.o)
    0x000008cc   0x000008cc   0x0000001a   Code   RO         1434    i.rt_alloc_box      RTX_CM3.lib(rt_membox.o)
    0x000008e6   0x000008e6   0x0000003e   Code   RO         1462    i.rt_alloc_mem      RTX_CM3.lib(rt_memory.o)
    0x00000924   0x00000924   0x00000038   Code   RO          961    i.rt_block          RTX_CM3.lib(rt_task.o)
    0x0000095c   0x0000095c   0x00000048   Code   RO         1411    i.rt_chk_robin      RTX_CM3.lib(rt_robin.o)
    0x000009a4   0x000009a4   0x00000070   Code   RO         1212    i.rt_dec_dly        RTX_CM3.lib(rt_list.o)
    0x00000a14   0x00000a14   0x00000044   Code   RO          962    i.rt_dispatch       RTX_CM3.lib(rt_task.o)
    0x00000a58   0x00000a58   0x00000050   Code   RO         1173    i.rt_evt_psh        RTX_CM3.lib(rt_event.o)
    0x00000aa8   0x00000aa8   0x0000002c   Code   RO         1435    i.rt_free_box       RTX_CM3.lib(rt_membox.o)
    0x00000ad4   0x00000ad4   0x00000028   Code   RO         1463    i.rt_free_mem       RTX_CM3.lib(rt_memory.o)
    0x00000afc   0x00000afc   0x00000028   Code   RO         1213    i.rt_get_first      RTX_CM3.lib(rt_list.o)
    0x00000b24   0x00000b24   0x00000008   Code   RO          389    i.rt_id2obj         RTX_CM3.lib(rt_cmsis.o)
    0x00000b2c   0x00000b2c   0x00000048   Code   RO          963    i.rt_init_context   RTX_CM3.lib(rt_task.o)
    0x00000b74   0x00000b74   0x0000001a   Code   RO         1464    i.rt_init_mem       RTX_CM3.lib(rt_memory.o)
    0x00000b8e   0x00000b8e   0x00000002   PAD
    0x00000b90   0x00000b90   0x00000018   Code   RO         1412    i.rt_init_robin     RTX_CM3.lib(rt_robin.o)
    0x00000ba8   0x00000ba8   0x00000080   Code   RO         1489    i.rt_init_stack     RTX_CM3.lib(hal_cm.o)
    0x00000c28   0x00000c28   0x00000008   Code   RO         1290    i.rt_mbx_check      RTX_CM3.lib(rt_mailbox.o)
    0x00000c30   0x00000c30   0x0000001a   Code   RO         1291    i.rt_mbx_init       RTX_CM3.lib(rt_mailbox.o)
    0x00000c4a   0x00000c4a   0x00000002   PAD
    0x00000c4c   0x00000c4c   0x000000f0   Code   RO         1292    i.rt_mbx_psh        RTX_CM3.lib(rt_mailbox.o)
    0x00000d3c   0x00000d3c   0x000000b4   Code   RO         1294    i.rt_mbx_wait       RTX_CM3.lib(rt_mailbox.o)
    0x00000df0   0x00000df0   0x00000044   Code   RO          390    i.rt_ms2tick        RTX_CM3.lib(rt_cmsis.o)
    0x00000e34   0x00000e34   0x000000d8   Code   RO         1047    i.rt_mut_release    RTX_CM3.lib(rt_mutex.o)
    0x00000f0c   0x00000f0c   0x00000078   Code   RO         1048    i.rt_mut_wait       RTX_CM3.lib(rt_mutex.o)
    0x00000f84   0x00000f84   0x0000007c   Code   RO         1084    i.rt_pop_req        RTX_CM3.lib(rt_system.o)
    0x00001000   0x00001000   0x00000020   Code   RO         1085    i.rt_psh_req        RTX_CM3.lib(rt_system.o)
    0x00001020   0x00001020   0x0000005c   Code   RO         1215    i.rt_psq_enq        RTX_CM3.lib(rt_list.o)
    0x0000107c   0x0000107c   0x00000048   Code   RO         1216    i.rt_put_dly        RTX_CM3.lib(rt_list.o)
    0x000010c4   0x000010c4   0x00000036   Code   RO         1217    i.rt_put_prio       RTX_CM3.lib(rt_list.o)
    0x000010fa   0x000010fa   0x00000002   PAD
    0x000010fc   0x000010fc   0x00000014   Code   RO         1218    i.rt_put_rdy_first  RTX_CM3.lib(rt_list.o)
    0x00001110   0x00001110   0x00000034   Code   RO         1219    i.rt_resort_prio    RTX_CM3.lib(rt_list.o)
    0x00001144   0x00001144   0x00000006   Code   RO         1490    i.rt_ret_val        RTX_CM3.lib(hal_cm.o)
    0x0000114a   0x0000114a   0x00000008   Code   RO         1491    i.rt_ret_val2       RTX_CM3.lib(hal_cm.o)
    0x00001152   0x00001152   0x00000028   Code   RO         1220    i.rt_rmv_dly        RTX_CM3.lib(rt_list.o)
    0x0000117a   0x0000117a   0x00000002   PAD
    0x0000117c   0x0000117c   0x00000030   Code   RO         1221    i.rt_rmv_list       RTX_CM3.lib(rt_list.o)
    0x000011ac   0x000011ac   0x00000034   Code   RO         1339    i.rt_sem_psh        RTX_CM3.lib(rt_semaphore.o)
    0x000011e0   0x000011e0   0x00000024   Code   RO         1087    i.rt_stk_check      RTX_CM3.lib(rt_system.o)
    0x00001204   0x00001204   0x00000028   Code   RO          964    i.rt_switch_req     RTX_CM3.lib(rt_task.o)
    0x0000122c   0x0000122c   0x000000cc   Code   RO          965    i.rt_sys_init       RTX_CM3.lib(rt_task.o)
    0x000012f8   0x000012f8   0x00000078   Code   RO          966    i.rt_sys_start      RTX_CM3.lib(rt_task.o)
    0x00001370   0x00001370   0x00000040   Code   RO         1089    i.rt_systick        RTX_CM3.lib(rt_system.o)
    0x000013b0   0x000013b0   0x00000012   Code   RO          391    i.rt_tid2ptcb       RTX_CM3.lib(rt_cmsis.o)
    0x000013c2   0x000013c2   0x00000002   PAD
    0x000013c4   0x000013c4   0x00000034   Code   RO          392    i.rt_timer_insert   RTX_CM3.lib(rt_cmsis.o)
    0x000013f8   0x000013f8   0x00000088   Code   RO          967    i.rt_tsk_create     RTX_CM3.lib(rt_task.o)
    0x00001480   0x00001480   0x0000017c   Code   RO          968    i.rt_tsk_delete     RTX_CM3.lib(rt_task.o)
    0x000015fc   0x000015fc   0x0000007c   Code   RO          970    i.rt_tsk_prio       RTX_CM3.lib(rt_task.o)
    0x00001678   0x00001678   0x00000010   Code   RO          971    i.rt_tsk_self       RTX_CM3.lib(rt_task.o)
    0x00001688   0x00001688   0x00000070   Code   RO          395    i.svcKernelInitialize  RTX_CM3.lib(rt_cmsis.o)
    0x000016f8   0x000016f8   0x00000048   Code   RO          397    i.svcKernelStart    RTX_CM3.lib(rt_cmsis.o)
    0x00001740   0x00001740   0x00000024   Code   RO          400    i.svcMessageCreate  RTX_CM3.lib(rt_cmsis.o)
    0x00001764   0x00001764   0x0000003a   Code   RO          401    i.svcMessageGet     RTX_CM3.lib(rt_cmsis.o)
    0x0000179e   0x0000179e   0x00000002   PAD
    0x000017a0   0x000017a0   0x0000006c   Code   RO          415    i.svcThreadCreate   RTX_CM3.lib(rt_cmsis.o)
    0x0000180c   0x0000180c   0x0000001c   Code   RO          416    i.svcThreadGetId    RTX_CM3.lib(rt_cmsis.o)
    0x00001828   0x00001828   0x00000038   Code   RO          419    i.svcThreadTerminate  RTX_CM3.lib(rt_cmsis.o)
    0x00001860   0x00001860   0x00000018   Code   RO          421    i.svcTimerCall      RTX_CM3.lib(rt_cmsis.o)
    0x00001878   0x00001878   0x0000005c   Code   RO          430    i.sysTimerTick      RTX_CM3.lib(rt_cmsis.o)
    0x000018d4   0x000018d4   0x00000068   Data   RO          147    .constdata          rtx_conf_cm.o
    0x0000193c   0x0000193c   0x00000020   Data   RO         1719    Region$$Table       anon$$obj.o


    Execution Region RW_IRAM1 (Exec base: 0x10000000, Load base: 0x0000195c, Size: 0x00000ed0, Max: 0x00008000, ABSOLUTE)

    Exec Addr    Load Addr    Size         Type   Attr      Idx    E Section Name        Object

    0x10000000   0x0000195c   0x00000004   Data   RW            9    .data               adc_timer.o
    0x10000004   0x00001960   0x00000014   Data   RW          148    .data               rtx_conf_cm.o
    0x10000018   0x00001974   0x00000008   Data   RW          433    .data               RTX_CM3.lib(rt_cmsis.o)
    0x10000020   0x0000197c   0x00000008   Data   RW          973    .data               RTX_CM3.lib(rt_task.o)
    0x10000028   0x00001984   0x00000008   Data   RW         1092    .data               RTX_CM3.lib(rt_system.o)
    0x10000030   0x0000198c   0x00000004   Data   RW         1382    .data               RTX_CM3.lib(rt_time.o)
    0x10000034   0x00001990   0x00000008   Data   RW         1413    .data               RTX_CM3.lib(rt_robin.o)
    0x1000003c   0x00001998   0x00000001   Data   RW         1492    .data               RTX_CM3.lib(hal_cm.o)
    0x1000003d   0x00001999   0x00000003   PAD
    0x10000040        -       0x00000bc8   Zero   RW          146    .bss                rtx_conf_cm.o
    0x10000c08        -       0x00000034   Zero   RW          972    .bss                RTX_CM3.lib(rt_task.o)
    0x10000c3c        -       0x00000030   Zero   RW         1222    .bss                RTX_CM3.lib(rt_list.o)
    0x10000c6c        -       0x00000060   Zero   RW         1550    .bss                c_w.l(libspace.o)
    0x10000ccc   0x00001999   0x00000004   PAD
    0x10000cd0        -       0x00000000   Zero   RW          291    HEAP                startup_lpc17xx.o
    0x10000cd0        -       0x00000200   Zero   RW          290    STACK               startup_lpc17xx.o


==============================================================================

Image component sizes


      Code (inc. data)   RO Data    RW Data    ZI Data      Debug   Object Name

       252         50          0          4          0      50120   adc_timer.o
       126         26        104         20       3016       9167   rtx_conf_cm.o
        64         26        204          0        512       1036   startup_lpc17xx.o
       320         18          0          0          0        593   system_lpc17xx.o

    ----------------------------------------------------------------------
       764        120        340         24       3528      60916   Object Totals
         0          0         32          0          0          0   (incl. Generated)
         2          0          0          0          0          0   (incl. Padding)

    ----------------------------------------------------------------------

      Code (inc. data)   RO Data    RW Data    ZI Data      Debug   Library Member Name

       238         24          0          1          0       3244   hal_cm.o
       304         36          0          0          0        756   hal_cm3.o
      1110        138          0          8          0      32233   rt_cmsis.o
        80          4          0          0          0        649   rt_event.o
       530         34          0          0         48       8157   rt_list.o
       554         10          0          0          0       3889   rt_mailbox.o
       140          0          0          0          0       1889   rt_membox.o
       128          0          0          0          0       2267   rt_memory.o
       336         14          0          0          0       1623   rt_mutex.o
        96         22          0          8          0       1134   rt_robin.o
        52          4          0          0          0        565   rt_semaphore.o
       298         52          0          8          0       6139   rt_system.o
      1216        174          0          8         52       9537   rt_task.o
         0          0          0          4          0        206   rt_time.o
         4          4          0          0          0        196   svc_table.o
         8          0          0          0          0         68   __main.o
         0          0          0          0          0          0   __rtentry.o
        20          0          0          0          0          0   __rtentry2.o
         6          0          0          0          0          0   __rtentry4.o
        52          8          0          0          0          0   __scatter.o
        26          0          0          0          0          0   __scatter_copy.o
        28          0          0          0          0          0   __scatter_zi.o
        18          0          0          0          0         80   exit.o
         6          0          0          0          0        152   heapauxi.o
         0          0          0          0          0          0   indicate_semi.o
         2          0          0          0          0          0   libinit.o
         2          0          0          0          0          0   libinit2.o
         2          0          0          0          0          0   libshutdown.o
         2          0          0          0          0          0   libshutdown2.o
         8          4          0          0         96         68   libspace.o
         2          0          0          0          0          0   rtexit.o
        10          0          0          0          0          0   rtexit2.o
        12          4          0          0          0         68   sys_exit.o
        74          0          0          0          0         80   sys_stackheap_outer.o
         2          0          0          0          0         68   use_no_semi.o

    ----------------------------------------------------------------------
      5388        532          0         40        200      73068   Library Totals
        22          0          0          3          4          0   (incl. Padding)

    ----------------------------------------------------------------------

      Code (inc. data)   RO Data    RW Data    ZI Data      Debug   Library Name

      5086        516          0         37        100      72484   RTX_CM3.lib
       280         16          0          0         96        584   c_w.l

    ----------------------------------------------------------------------
      5388        532          0         40        200      73068   Library Totals

    ----------------------------------------------------------------------

==============================================================================


      Code (inc. data)   RO Data    RW Data    ZI Data      Debug   

      6152        652        340         64       3728     129976   Grand Totals
      6152        652        340         64       3728     129976   ELF Image Totals
      6152        652        340         64          0          0   ROM Totals

==============================================================================

    Total RO  Size (Code + RO Data)                 6492 (   6.34kB)
    Total RW  Size (RW Data + ZI Data)              3792 (   3.70kB)
    Total ROM Size (Code + RO Data + RW Data)       6556 (   6.40kB)

==============================================================================

