<!doctype html public "-//w3c//dtd html 4.0 transitional//en">
<html><head>
<title>Static Call Graph - [.\Objects\final.axf]</title></head>
<body><HR>
<H1>Static Call Graph for image .\Objects\final.axf</H1><HR>
<BR><P>#&#060CALLGRAPH&#062# ARM Linker, 5060750: Last Updated: Sun Feb 27 14:06:19 2022
<BR><P>
<H3>Maximum Stack Usage =          0 bytes + Unknown(Functions without stacksize, Untraceable Function Pointers)</H3><H3>
Call chain for Maximum Stack Depth:</H3>

<P>
<H3>
Functions with no stack information
</H3><UL>
 <LI><a href="#[1]">start</a>
</UL>
</UL>
<P>
<H3>
Function Pointers
</H3><UL>
 <LI><a href="#[1]">start</a> from test00.o(RESET) referenced from test00.o(RESET)
</UL>
<P>
<H3>
Global Symbols
</H3><P>
<H3>
Local Symbols
</H3>
<P><STRONG><a name="[1]"></a>start</STRONG> (Thumb, 0 bytes, Stack size unknown bytes, test00.o(RESET))
<P>
<H3>
Undefined Global Symbols
</H3><HR></body></html>
