


ARM Macro Assembler    Page 1 


    1 00000000 20002000 
                       STACK_TOP
                               EQU              0x20002000
    2 00000000         
    3 00000000                 AREA             RESET,CODE
    4 00000000 20002000        DCD              STACK_TOP
    5 00000004 00000000        DCD              start
    6 00000008                 ENTRY
    7 00000008         start
    8 00000008 F04F 0005       mov              r0,#5
    9 0000000C F04F 0107       mov              r1,#7
   10 00000010 4408            add              r0,r1
   11 00000012         loop
   12 00000012 E7FE            b                loop
   13 00000014                 end
Command Line: --debug --xref --diag_suppress=9931 --cpu=Cortex-M3 --apcs=interw
ork --depend=.\objects\test00.d -o.\objects\test00.o -I.\RTE\_Target_1 -I"D:\Pr
ograms files\Keil\ARM\PACK\Keil\LPC1700_DFP\2.7.1\Device\Include" -I"D:\Program
s files\Keil\ARM\CMSIS\Include" --predefine="__UVISION_VERSION SETA 525" --pred
efine="LPC175x_6x SETA 1" --list=.\listings\test00.lst test00.s



ARM Macro Assembler    Page 1 Alphabetic symbol ordering
Relocatable symbols

RESET 00000000

Symbol: RESET
   Definitions
      At line 3 in file test00.s
   Uses
      None
Comment: RESET unused
loop 00000012

Symbol: loop
   Definitions
      At line 11 in file test00.s
   Uses
      At line 12 in file test00.s
Comment: loop used once
start 00000008

Symbol: start
   Definitions
      At line 7 in file test00.s
   Uses
      At line 5 in file test00.s
Comment: start used once
3 symbols



ARM Macro Assembler    Page 1 Alphabetic symbol ordering
Absolute symbols

STACK_TOP 20002000

Symbol: STACK_TOP
   Definitions
      At line 1 in file test00.s
   Uses
      At line 4 in file test00.s
Comment: STACK_TOP used once
1 symbol
336 symbols in table
