Component: ARM Compiler 5.06 update 2 (build 183) Tool: armlink [4d35b7]

==============================================================================

Section Cross References

    adc_timer.o(i.TIMER0_IRQHandler) refers to adc_timer.o(.data) for i
    adc_timer.o(i.main) refers to _printf_pad.o(.text) for _printf_pre_padding
    adc_timer.o(i.main) refers to _printf_percent.o(.ARM.Collect$$_printf_percent$$00000000) for _printf_percent
    adc_timer.o(i.main) refers to _printf_d.o(.ARM.Collect$$_printf_percent$$00000009) for _printf_d
    adc_timer.o(i.main) refers to _printf_dec.o(.text) for _printf_int_dec
    adc_timer.o(i.main) refers to glcd_lpc1700.o(i.GLCD_Init) for GLCD_Init
    adc_timer.o(i.main) refers to glcd_lpc1700.o(i.GLCD_Clear) for GLCD_Clear
    adc_timer.o(i.main) refers to glcd_lpc1700.o(i.GLCD_SetTextColor) for GLCD_SetTextColor
    adc_timer.o(i.main) refers to glcd_lpc1700.o(i.GLCD_SetBackColor) for GLCD_SetBackColor
    adc_timer.o(i.main) refers to adc_timer.o(i.InitADC) for InitADC
    adc_timer.o(i.main) refers to adc_timer.o(i.init_timer0) for init_timer0
    adc_timer.o(i.main) refers to noretval__2sprintf.o(.text) for __2sprintf
    adc_timer.o(i.main) refers to glcd_lpc1700.o(i.GLCD_DisplayString) for GLCD_DisplayString
    adc_timer.o(i.main) refers to glcd_lpc1700.o(i.GLCD_Bargraph) for GLCD_Bargraph
    adc_timer.o(i.main) refers to adc_timer.o(.data) for i
    adc_timer.o(i.main) refers to adc_timer.o(.bss) for snum
    glcd_lpc1700.o(i.GLCD_Bargraph) refers to glcd_lpc1700.o(i.wr_reg) for wr_reg
    glcd_lpc1700.o(i.GLCD_Bargraph) refers to glcd_lpc1700.o(i.wr_cmd) for wr_cmd
    glcd_lpc1700.o(i.GLCD_Bargraph) refers to glcd_lpc1700.o(i.wr_dat_start) for wr_dat_start
    glcd_lpc1700.o(i.GLCD_Bargraph) refers to glcd_lpc1700.o(i.wr_dat_only) for wr_dat_only
    glcd_lpc1700.o(i.GLCD_Bargraph) refers to glcd_lpc1700.o(i.wr_dat_stop) for wr_dat_stop
    glcd_lpc1700.o(i.GLCD_Bargraph) refers to glcd_lpc1700.o(.data) for driverCode
    glcd_lpc1700.o(i.GLCD_Bitmap) refers to glcd_lpc1700.o(i.wr_reg) for wr_reg
    glcd_lpc1700.o(i.GLCD_Bitmap) refers to glcd_lpc1700.o(i.wr_cmd) for wr_cmd
    glcd_lpc1700.o(i.GLCD_Bitmap) refers to glcd_lpc1700.o(i.wr_dat_start) for wr_dat_start
    glcd_lpc1700.o(i.GLCD_Bitmap) refers to glcd_lpc1700.o(i.wr_dat_only) for wr_dat_only
    glcd_lpc1700.o(i.GLCD_Bitmap) refers to glcd_lpc1700.o(i.wr_dat_stop) for wr_dat_stop
    glcd_lpc1700.o(i.GLCD_Bitmap) refers to glcd_lpc1700.o(.data) for driverCode
    glcd_lpc1700.o(i.GLCD_Bmp) refers to glcd_lpc1700.o(i.wr_reg) for wr_reg
    glcd_lpc1700.o(i.GLCD_Bmp) refers to glcd_lpc1700.o(i.wr_cmd) for wr_cmd
    glcd_lpc1700.o(i.GLCD_Bmp) refers to glcd_lpc1700.o(i.wr_dat_start) for wr_dat_start
    glcd_lpc1700.o(i.GLCD_Bmp) refers to glcd_lpc1700.o(i.wr_dat_only) for wr_dat_only
    glcd_lpc1700.o(i.GLCD_Bmp) refers to glcd_lpc1700.o(i.wr_dat_stop) for wr_dat_stop
    glcd_lpc1700.o(i.GLCD_Bmp) refers to glcd_lpc1700.o(.data) for driverCode
    glcd_lpc1700.o(i.GLCD_Clear) refers to glcd_lpc1700.o(i.GLCD_WindowMax) for GLCD_WindowMax
    glcd_lpc1700.o(i.GLCD_Clear) refers to glcd_lpc1700.o(i.wr_reg) for wr_reg
    glcd_lpc1700.o(i.GLCD_Clear) refers to glcd_lpc1700.o(i.wr_cmd) for wr_cmd
    glcd_lpc1700.o(i.GLCD_Clear) refers to glcd_lpc1700.o(i.wr_dat_start) for wr_dat_start
    glcd_lpc1700.o(i.GLCD_Clear) refers to glcd_lpc1700.o(i.wr_dat_only) for wr_dat_only
    glcd_lpc1700.o(i.GLCD_Clear) refers to glcd_lpc1700.o(i.wr_dat_stop) for wr_dat_stop
    glcd_lpc1700.o(i.GLCD_Clear) refers to glcd_lpc1700.o(.data) for driverCode
    glcd_lpc1700.o(i.GLCD_ClearLn) refers to glcd_lpc1700.o(i.GLCD_WindowMax) for GLCD_WindowMax
    glcd_lpc1700.o(i.GLCD_ClearLn) refers to glcd_lpc1700.o(i.GLCD_DisplayString) for GLCD_DisplayString
    glcd_lpc1700.o(i.GLCD_DisplayChar) refers to glcd_lpc1700.o(i.GLCD_DrawChar) for GLCD_DrawChar
    glcd_lpc1700.o(i.GLCD_DisplayChar) refers to glcd_lpc1700.o(.constdata) for Font_24x16
    glcd_lpc1700.o(i.GLCD_DisplayString) refers to glcd_lpc1700.o(i.GLCD_WindowMax) for GLCD_WindowMax
    glcd_lpc1700.o(i.GLCD_DisplayString) refers to glcd_lpc1700.o(i.GLCD_DisplayChar) for GLCD_DisplayChar
    glcd_lpc1700.o(i.GLCD_DrawChar) refers to glcd_lpc1700.o(i.wr_reg) for wr_reg
    glcd_lpc1700.o(i.GLCD_DrawChar) refers to glcd_lpc1700.o(i.wr_cmd) for wr_cmd
    glcd_lpc1700.o(i.GLCD_DrawChar) refers to glcd_lpc1700.o(i.wr_dat_start) for wr_dat_start
    glcd_lpc1700.o(i.GLCD_DrawChar) refers to glcd_lpc1700.o(i.wr_dat_only) for wr_dat_only
    glcd_lpc1700.o(i.GLCD_DrawChar) refers to glcd_lpc1700.o(i.wr_dat_stop) for wr_dat_stop
    glcd_lpc1700.o(i.GLCD_DrawChar) refers to glcd_lpc1700.o(.data) for driverCode
    glcd_lpc1700.o(i.GLCD_Init) refers to glcd_lpc1700.o(i.delay) for delay
    glcd_lpc1700.o(i.GLCD_Init) refers to glcd_lpc1700.o(i.rd_reg) for rd_reg
    glcd_lpc1700.o(i.GLCD_Init) refers to glcd_lpc1700.o(i.wr_reg) for wr_reg
[...]
    Removing rt_cmsis.o(i.osThreadYield), (24 bytes).
    Removing rt_cmsis.o(i.osTimerCreate), (52 bytes).
    Removing rt_cmsis.o(i.osTimerDelete), (24 bytes).
    Removing rt_cmsis.o(i.osTimerStart), (24 bytes).
    Removing rt_cmsis.o(i.osTimerStop), (24 bytes).
    Removing rt_cmsis.o(i.osWait), (4 bytes).
    Removing rt_cmsis.o(i.os_resume), (12 bytes).
    Removing rt_cmsis.o(i.os_suspend), (12 bytes).
    Removing rt_cmsis.o(i.rt_clr_box), (24 bytes).
    Removing rt_cmsis.o(i.rt_timer_remove), (60 bytes).
    Removing rt_cmsis.o(i.svcDelay), (18 bytes).
    Removing rt_cmsis.o(i.svcKernelRunning), (12 bytes).
    Removing rt_cmsis.o(i.svcKernelSysTick), (56 bytes).
    Removing rt_cmsis.o(i.svcMailCreate), (66 bytes).
    Removing rt_cmsis.o(i.svcMessagePut), (54 bytes).
    Removing rt_cmsis.o(i.svcMutexCreate), (28 bytes).
    Removing rt_cmsis.o(i.svcMutexDelete), (26 bytes).
    Removing rt_cmsis.o(i.svcMutexRelease), (34 bytes).
    Removing rt_cmsis.o(i.svcMutexWait), (54 bytes).
    Removing rt_cmsis.o(i.svcPoolCreate), (40 bytes).
    Removing rt_cmsis.o(i.svcSemaphoreCreate), (36 bytes).
    Removing rt_cmsis.o(i.svcSemaphoreDelete), (26 bytes).
    Removing rt_cmsis.o(i.svcSemaphoreRelease), (40 bytes).
    Removing rt_cmsis.o(i.svcSemaphoreWait), (50 bytes).
    Removing rt_cmsis.o(i.svcSignalClear), (36 bytes).
    Removing rt_cmsis.o(i.svcSignalSet), (36 bytes).
    Removing rt_cmsis.o(i.svcSignalWait), (84 bytes).
    Removing rt_cmsis.o(i.svcThreadGetPriority), (18 bytes).
    Removing rt_cmsis.o(i.svcThreadSetPriority), (46 bytes).
    Removing rt_cmsis.o(i.svcThreadYield), (10 bytes).
    Removing rt_cmsis.o(i.svcTimerCreate), (56 bytes).
    Removing rt_cmsis.o(i.svcTimerDelete), (40 bytes).
    Removing rt_cmsis.o(i.svcTimerStart), (100 bytes).
    Removing rt_cmsis.o(i.svcTimerStop), (36 bytes).
    Removing rt_cmsis.o(i.sysMailAlloc), (88 bytes).
    Removing rt_cmsis.o(i.sysMailFree), (96 bytes).
    Removing rt_cmsis.o(i.sysPoolAlloc), (10 bytes).
    Removing rt_cmsis.o(i.sysPoolFree), (20 bytes).
    Removing rt_cmsis.o(i.sysUserTimerUpdate), (48 bytes).
    Removing rt_cmsis.o(i.sysUserTimerWakeupTime), (20 bytes).
    Removing rt_task.o(i.rt_tsk_pass), (48 bytes).
    Removing rt_mutex.o(i.rt_mut_delete), (176 bytes).
    Removing rt_mutex.o(i.rt_mut_init), (16 bytes).
    Removing rt_system.o(.emb_text), (0 bytes).
    Removing rt_system.o(i.os_tick_ovf), (16 bytes).
    Removing rt_system.o(i.os_tick_val), (20 bytes).
    Removing rt_system.o(i.rt_resume), (136 bytes).
    Removing rt_system.o(i.rt_suspend), (36 bytes).
    Removing rt_system.o(i.rt_tsk_lock), (80 bytes).
    Removing rt_system.o(i.rt_tsk_unlock), (80 bytes).
    Removing rt_event.o(i.isr_evt_set), (40 bytes).
    Removing rt_event.o(i.rt_evt_clr), (28 bytes).
    Removing rt_event.o(i.rt_evt_get), (12 bytes).
    Removing rt_event.o(i.rt_evt_set), (92 bytes).
    Removing rt_event.o(i.rt_evt_wait), (60 bytes).
    Removing rt_list.o(i.rt_get_same_rdy_prio), (36 bytes).
    Removing rt_mailbox.o(i.rt_mbx_send), (152 bytes).
    Removing rt_semaphore.o(i.isr_sem_send), (16 bytes).
    Removing rt_semaphore.o(i.rt_sem_delete), (92 bytes).
    Removing rt_semaphore.o(i.rt_sem_init), (12 bytes).
    Removing rt_semaphore.o(i.rt_sem_send), (42 bytes).
    Removing rt_semaphore.o(i.rt_sem_wait), (64 bytes).
    Removing rt_time.o(i.rt_dly_wait), (6 bytes).
    Removing rt_time.o(i.rt_itv_set), (24 bytes).
    Removing rt_time.o(i.rt_itv_wait), (40 bytes).
    Removing rt_time.o(i.rt_time_get), (12 bytes).
    Removing rt_membox.o(i._calloc_box), (30 bytes).

141 unused section(s) (total 5916 bytes) removed from the image.

==============================================================================

Image Symbol Table

    Local Symbols

    Symbol Name                              Value     Ov Type        Size  Object(Section)

    RESET                                    0x00000000   Section      204  startup_lpc17xx.o(RESET)
    ../clib/angel/boardlib.s                 0x00000000   Number         0  boardinit2.o ABSOLUTE
    ../clib/angel/boardlib.s                 0x00000000   Number         0  boardinit1.o ABSOLUTE
    ../clib/angel/boardlib.s                 0x00000000   Number         0  boardshut.o ABSOLUTE
    ../clib/angel/handlers.s                 0x00000000   Number         0  __scatter_zi.o ABSOLUTE
    ../clib/angel/handlers.s                 0x00000000   Number         0  __scatter_copy.o ABSOLUTE
    ../clib/angel/kernel.s                   0x00000000   Number         0  __rtentry4.o ABSOLUTE
    ../clib/angel/kernel.s                   0x00000000   Number         0  rtexit2.o ABSOLUTE
    ../clib/angel/kernel.s                   0x00000000   Number         0  rtexit.o ABSOLUTE
    ../clib/angel/kernel.s                   0x00000000   Number         0  __rtentry2.o ABSOLUTE
    ../clib/angel/kernel.s                   0x00000000   Number         0  __rtentry.o ABSOLUTE
    ../clib/angel/rt.s                       0x00000000   Number         0  aeabi_ldiv0_sigfpe.o ABSOLUTE
    ../clib/angel/rt.s                       0x00000000   Number         0  rt_raise.o ABSOLUTE
    ../clib/angel/rt.s                       0x00000000   Number         0  aeabi_ldiv0.o ABSOLUTE
    ../clib/angel/rt.s                       0x00000000   Number         0  rt_div0.o ABSOLUTE
    ../clib/angel/scatter.s                  0x00000000   Number         0  __scatter.o ABSOLUTE
    ../clib/angel/startup.s                  0x00000000   Number         0  __main.o ABSOLUTE
    ../clib/angel/sys.s                      0x00000000   Number         0  libspace.o ABSOLUTE
    ../clib/angel/sys.s                      0x00000000   Number         0  sys_stackheap_outer.o ABSOLUTE
    ../clib/angel/sys.s                      0x00000000   Number         0  use_no_semi.o ABSOLUTE
    ../clib/angel/sys.s                      0x00000000   Number         0  indicate_semi.o ABSOLUTE
    ../clib/angel/sysapp.c                   0x00000000   Number         0  sys_wrch.o ABSOLUTE
    ../clib/angel/sysapp.c                   0x00000000   Number         0  sys_exit.o ABSOLUTE
    ../clib/angel/sysapp.c                   0x00000000   Number         0  sys_command.o ABSOLUTE
    ../clib/armsys.c                         0x00000000   Number         0  argv_veneer.o ABSOLUTE
    ../clib/armsys.c                         0x00000000   Number         0  _get_argv_nomalloc.o ABSOLUTE
    ../clib/armsys.c                         0x00000000   Number         0  argv_veneer.o ABSOLUTE
    ../clib/armsys.c                         0x00000000   Number         0  no_argv.o ABSOLUTE
    ../clib/heapalloc.c                      0x00000000   Number         0  hrguard.o ABSOLUTE
    ../clib/heapaux.c                        0x00000000   Number         0  heapauxi.o ABSOLUTE
    ../clib/libinit.s                        0x00000000   Number         0  libshutdown.o ABSOLUTE
    ../clib/libinit.s                        0x00000000   Number         0  libshutdown2.o ABSOLUTE
    ../clib/libinit.s                        0x00000000   Number         0  libinit.o ABSOLUTE
    ../clib/libinit.s                        0x00000000   Number         0  libinit2.o ABSOLUTE
    ../clib/longlong.s                       0x00000000   Number         0  lludivv7m.o ABSOLUTE
    ../clib/misc.s                           0x00000000   Number         0  printf_stubs.o ABSOLUTE
    ../clib/printf.c                         0x00000000   Number         0  __2sprintf.o ABSOLUTE
    ../clib/printf.c                         0x00000000   Number         0  noretval__2sprintf.o ABSOLUTE
    ../clib/printf.c                         0x00000000   Number         0  __printf.o ABSOLUTE
    ../clib/printf.c                         0x00000000   Number         0  __printf_ss_wp.o ABSOLUTE
    ../clib/printf.c                         0x00000000   Number         0  _printf_pad.o ABSOLUTE
    ../clib/printf.c                         0x00000000   Number         0  _printf_dec.o ABSOLUTE
    ../clib/printf.c                         0x00000000   Number         0  __printf_flags.o ABSOLUTE
    ../clib/printf.c                         0x00000000   Number         0  __printf_ss.o ABSOLUTE
    ../clib/printf.c                         0x00000000   Number         0  __printf_wp.o ABSOLUTE
    ../clib/printf.c                         0x00000000   Number         0  __printf_flags_wp.o ABSOLUTE
    ../clib/printf.c                         0x00000000   Number         0  __printf_flags_ss.o ABSOLUTE
    ../clib/printf.c                         0x00000000   Number         0  _printf_intcommon.o ABSOLUTE
    ../clib/printf.c                         0x00000000   Number         0  _printf_char_common.o ABSOLUTE
    ../clib/printf.c                         0x00000000   Number         0  _sputc.o ABSOLUTE
    ../clib/printf.c                         0x00000000   Number         0  __printf_flags_ss_wp.o ABSOLUTE
    ../clib/printf.c                         0x00000000   Number         0  __printf_nopercent.o ABSOLUTE
    ../clib/printf_percent.s                 0x00000000   Number         0  _printf_d.o ABSOLUTE
    ../clib/printf_percent.s                 0x00000000   Number         0  _printf_percent.o ABSOLUTE
    ../clib/printf_percent.s                 0x00000000   Number         0  _printf_percent_end.o ABSOLUTE
    ../clib/signal.c                         0x00000000   Number         0  defsig_rtmem_inner.o ABSOLUTE
    ../clib/signal.c                         0x00000000   Number         0  defsig_fpe_formal.o ABSOLUTE
    ../clib/signal.c                         0x00000000   Number         0  defsig_rtmem_outer.o ABSOLUTE
    ../clib/signal.c                         0x00000000   Number         0  defsig_rtmem_formal.o ABSOLUTE
    ../clib/signal.c                         0x00000000   Number         0  defsig_stak_inner.o ABSOLUTE
    ../clib/signal.c                         0x00000000   Number         0  defsig_cppl_inner.o ABSOLUTE
    ../clib/signal.c                         0x00000000   Number         0  defsig_segv_inner.o ABSOLUTE
    ../clib/signal.c                         0x00000000   Number         0  __raise.o ABSOLUTE
    ../clib/signal.c                         0x00000000   Number         0  defsig_general.o ABSOLUTE
    ../clib/signal.c                         0x00000000   Number         0  defsig_pvfn_inner.o ABSOLUTE
    ../clib/signal.c                         0x00000000   Number         0  defsig_other.o ABSOLUTE
    ../clib/signal.c                         0x00000000   Number         0  defsig_fpe_inner.o ABSOLUTE
    ../clib/signal.c                         0x00000000   Number         0  defsig_exit.o ABSOLUTE
    ../clib/signal.c                         0x00000000   Number         0  defsig_abrt_inner.o ABSOLUTE
    ../clib/signal.c                         0x00000000   Number         0  defsig_rtred_inner.o ABSOLUTE
    ../clib/signal.c                         0x00000000   Number         0  defsig_fpe_outer.o ABSOLUTE
    ../clib/signal.s                         0x00000000   Number         0  defsig.o ABSOLUTE
    ../clib/stdlib.c                         0x00000000   Number         0  exit.o ABSOLUTE
    ../fplib/fpinit.s                        0x00000000   Number         0  fpinit.o ABSOLUTE
    ..\HAL_CM.c                              0x00000000   Number         0  hal_cm.o ABSOLUTE
    ..\\rt_CMSIS.c                           0x00000000   Number         0  rt_cmsis.o ABSOLUTE
    ..\\rt_System.c                          0x00000000   Number         0  rt_system.o ABSOLUTE
    ..\rt_CMSIS.c                            0x00000000   Number         0  rt_cmsis.o ABSOLUTE
    ..\rt_Event.c                            0x00000000   Number         0  rt_event.o ABSOLUTE
    ..\rt_List.c                             0x00000000   Number         0  rt_list.o ABSOLUTE
    ..\rt_Mailbox.c                          0x00000000   Number         0  rt_mailbox.o ABSOLUTE
    ..\rt_MemBox.c                           0x00000000   Number         0  rt_membox.o ABSOLUTE
    ..\rt_Memory.c                           0x00000000   Number         0  rt_memory.o ABSOLUTE
    ..\rt_Mutex.c                            0x00000000   Number         0  rt_mutex.o ABSOLUTE
    ..\rt_Robin.c                            0x00000000   Number         0  rt_robin.o ABSOLUTE
    ..\rt_Semaphore.c                        0x00000000   Number         0  rt_semaphore.o ABSOLUTE
    ..\rt_System.c                           0x00000000   Number         0  rt_system.o ABSOLUTE
    ..\rt_Task.c                             0x00000000   Number         0  rt_task.o ABSOLUTE
    ..\rt_Time.c                             0x00000000   Number         0  rt_time.o ABSOLUTE
    ADC_Timer.c                              0x00000000   Number         0  adc_timer.o ABSOLUTE
    ADC_Timer.c                              0x00000000   Number         0  adc_timer.o ABSOLUTE
    C:\Keil_v5\ARM\PACK\Keil\LPC1700_DFP\2.3.0\Boards\Keil\MCB1700\Common\Joystick_MCB1700.c 0x00000000   Number         0  joystick_mcb1700.o ABSOLUTE
    C:\Keil_v5\ARM\PACK\Keil\LPC1700_DFP\2.3.0\RTE_Driver\GPIO_LPC17xx.c 0x00000000   Number         0  gpio_lpc17xx.o ABSOLUTE
    C:\Keil_v5\ARM\PACK\Keil\LPC1700_DFP\2.3.0\RTE_Driver\PIN_LPC17xx.c 0x00000000   Number         0  pin_lpc17xx.o ABSOLUTE
    C:\\Keil_v5\\ARM\\PACK\\Keil\\LPC1700_DFP\\2.3.0\\Boards\\Keil\\MCB1700\\Common\\Joystick_MCB1700.c 0x00000000   Number         0  joystick_mcb1700.o ABSOLUTE
    C:\\Keil_v5\\ARM\\PACK\\Keil\\LPC1700_DFP\\2.3.0\\RTE_Driver\\GPIO_LPC17xx.c 0x00000000   Number         0  gpio_lpc17xx.o ABSOLUTE
    C:\\Keil_v5\\ARM\\PACK\\Keil\\LPC1700_DFP\\2.3.0\\RTE_Driver\\PIN_LPC17xx.c 0x00000000   Number         0  pin_lpc17xx.o ABSOLUTE
    GLCD_LPC1700.c                           0x00000000   Number         0  glcd_lpc1700.o ABSOLUTE
    GLCD_LPC1700.c                           0x00000000   Number         0  glcd_lpc1700.o ABSOLUTE
    HAL_CM3.c                                0x00000000   Number         0  hal_cm3.o ABSOLUTE
    HAL_CM3.c                                0x00000000   Number         0  hal_cm3.o ABSOLUTE
    RTE\CMSIS\RTX_Conf_CM.c                  0x00000000   Number         0  rtx_conf_cm.o ABSOLUTE
    RTE\Device\LPC1768\startup_LPC17xx.s     0x00000000   Number         0  startup_lpc17xx.o ABSOLUTE
    RTE\Device\LPC1768\system_LPC17xx.c      0x00000000   Number         0  system_lpc17xx.o ABSOLUTE
    RTE\\CMSIS\\RTX_Conf_CM.c                0x00000000   Number         0  rtx_conf_cm.o ABSOLUTE
    RTE\\Device\\LPC1768\\system_LPC17xx.c   0x00000000   Number         0  system_lpc17xx.o ABSOLUTE
    SVC_Table.s                              0x00000000   Number         0  svc_table.o ABSOLUTE
    dc.s                                     0x00000000   Number         0  dc.o ABSOLUTE
    !!!main                                  0x000000cc   Section        8  __main.o(!!!main)
    !!!scatter                               0x000000d4   Section       52  __scatter.o(!!!scatter)
    !!handler_copy                           0x00000108   Section       26  __scatter_copy.o(!!handler_copy)
    !!handler_zi                             0x00000124   Section       28  __scatter_zi.o(!!handler_zi)
    .ARM.Collect$$_printf_percent$$00000000  0x00000140   Section        0  _printf_percent.o(.ARM.Collect$$_printf_percent$$00000000)
    .ARM.Collect$$_printf_percent$$00000009  0x00000140   Section        6  _printf_d.o(.ARM.Collect$$_printf_percent$$00000009)
    .ARM.Collect$$_printf_percent$$00000017  0x00000146   Section        4  _printf_percent_end.o(.ARM.Collect$$_printf_percent$$00000017)
    .ARM.Collect$$libinit$$00000000          0x0000014a   Section        2  libinit.o(.ARM.Collect$$libinit$$00000000)
    .ARM.Collect$$libinit$$00000002          0x0000014c   Section        0  libinit2.o(.ARM.Collect$$libinit$$00000002)
    .ARM.Collect$$libinit$$00000004          0x0000014c   Section        0  libinit2.o(.ARM.Collect$$libinit$$00000004)
    .ARM.Collect$$libinit$$0000000A          0x0000014c   Section        0  libinit2.o(.ARM.Collect$$libinit$$0000000A)
    .ARM.Collect$$libinit$$0000000C          0x0000014c   Section        0  libinit2.o(.ARM.Collect$$libinit$$0000000C)
    .ARM.Collect$$libinit$$0000000E          0x0000014c   Section        0  libinit2.o(.ARM.Collect$$libinit$$0000000E)
    .ARM.Collect$$libinit$$00000011          0x0000014c   Section        0  libinit2.o(.ARM.Collect$$libinit$$00000011)
    .ARM.Collect$$libinit$$00000013          0x0000014c   Section        0  libinit2.o(.ARM.Collect$$libinit$$00000013)
    .ARM.Collect$$libinit$$00000015          0x0000014c   Section        0  libinit2.o(.ARM.Collect$$libinit$$00000015)
    .ARM.Collect$$libinit$$00000017          0x0000014c   Section        0  libinit2.o(.ARM.Collect$$libinit$$00000017)
    .ARM.Collect$$libinit$$00000019          0x0000014c   Section        0  libinit2.o(.ARM.Collect$$libinit$$00000019)
    .ARM.Collect$$libinit$$0000001B          0x0000014c   Section        0  libinit2.o(.ARM.Collect$$libinit$$0000001B)
    .ARM.Collect$$libinit$$0000001D          0x0000014c   Section        0  libinit2.o(.ARM.Collect$$libinit$$0000001D)
    .ARM.Collect$$libinit$$0000001F          0x0000014c   Section        0  libinit2.o(.ARM.Collect$$libinit$$0000001F)
    .ARM.Collect$$libinit$$00000021          0x0000014c   Section        0  libinit2.o(.ARM.Collect$$libinit$$00000021)
    .ARM.Collect$$libinit$$00000023          0x0000014c   Section        0  libinit2.o(.ARM.Collect$$libinit$$00000023)
    .ARM.Collect$$libinit$$00000025          0x0000014c   Section        0  libinit2.o(.ARM.Collect$$libinit$$00000025)
    .ARM.Collect$$libinit$$0000002C          0x0000014c   Section        0  libinit2.o(.ARM.Collect$$libinit$$0000002C)
    .ARM.Collect$$libinit$$0000002E          0x0000014c   Section        0  libinit2.o(.ARM.Collect$$libinit$$0000002E)
    .ARM.Collect$$libinit$$00000030          0x0000014c   Section        0  libinit2.o(.ARM.Collect$$libinit$$00000030)
    .ARM.Collect$$libinit$$00000032          0x0000014c   Section        0  libinit2.o(.ARM.Collect$$libinit$$00000032)
    .ARM.Collect$$libinit$$00000033          0x0000014c   Section        2  libinit2.o(.ARM.Collect$$libinit$$00000033)
    .ARM.Collect$$libshutdown$$00000000      0x0000014e   Section        2  libshutdown.o(.ARM.Collect$$libshutdown$$00000000)
    .ARM.Collect$$libshutdown$$00000002      0x00000150   Section        0  libshutdown2.o(.ARM.Collect$$libshutdown$$00000002)
    .ARM.Collect$$libshutdown$$00000004      0x00000150   Section        0  libshutdown2.o(.ARM.Collect$$libshutdown$$00000004)
    .ARM.Collect$$libshutdown$$00000007      0x00000150   Section        0  libshutdown2.o(.ARM.Collect$$libshutdown$$00000007)
    .ARM.Collect$$libshutdown$$0000000A      0x00000150   Section        0  libshutdown2.o(.ARM.Collect$$libshutdown$$0000000A)
    .ARM.Collect$$libshutdown$$0000000C      0x00000150   Section        0  libshutdown2.o(.ARM.Collect$$libshutdown$$0000000C)
    .ARM.Collect$$libshutdown$$0000000F      0x00000150   Section        0  libshutdown2.o(.ARM.Collect$$libshutdown$$0000000F)
    .ARM.Collect$$libshutdown$$00000010      0x00000150   Section        2  libshutdown2.o(.ARM.Collect$$libshutdown$$00000010)
    .ARM.Collect$$rtentry$$00000000          0x00000152   Section        0  __rtentry.o(.ARM.Collect$$rtentry$$00000000)
    .ARM.Collect$$rtentry$$00000002          0x00000152   Section        0  __rtentry2.o(.ARM.Collect$$rtentry$$00000002)
    .ARM.Collect$$rtentry$$00000004          0x00000152   Section        6  __rtentry4.o(.ARM.Collect$$rtentry$$00000004)
    .ARM.Collect$$rtentry$$00000009          0x00000158   Section        0  __rtentry2.o(.ARM.Collect$$rtentry$$00000009)
    .ARM.Collect$$rtentry$$0000000A          0x00000158   Section        4  __rtentry2.o(.ARM.Collect$$rtentry$$0000000A)
    .ARM.Collect$$rtentry$$0000000B          0x0000015c   Section        8  __rtentry2.o(.ARM.Collect$$rtentry$$0000000B)
    .ARM.Collect$$rtentry$$0000000D          0x00000164   Section        8  __rtentry2.o(.ARM.Collect$$rtentry$$0000000D)
    .ARM.Collect$$rtexit$$00000000           0x0000016c   Section        2  rtexit.o(.ARM.Collect$$rtexit$$00000000)
    .ARM.Collect$$rtexit$$00000002           0x0000016e   Section        0  rtexit2.o(.ARM.Collect$$rtexit$$00000002)
    .ARM.Collect$$rtexit$$00000003           0x0000016e   Section        4  rtexit2.o(.ARM.Collect$$rtexit$$00000003)
    .ARM.Collect$$rtexit$$00000004           0x00000172   Section        6  rtexit2.o(.ARM.Collect$$rtexit$$00000004)
    .emb_text                                0x00000178   Section        4  glcd_lpc1700.o(.emb_text)
    .emb_text                                0x0000017c   Section       28  rtx_conf_cm.o(.emb_text)
    .emb_text                                0x00000198   Section      304  hal_cm3.o(.emb_text)
    .text                                    0x000002c8   Section        8  libspace.o(.text)
    .text                                    0x000002d0   Section        0  noretval__2sprintf.o(.text)
    .text                                    0x000002f8   Section        2  use_no_semi.o(.text)
    .text                                    0x000002fa   Section        0  indicate_semi.o(.text)
    i.os_tick_irqack                         0x000002fa   Section        0  rt_system.o(i.os_tick_irqack)
    .ARM.__at_0x02FC                         0x000002fc   Section        4  startup_lpc17xx.o(.ARM.__at_0x02FC)
    .text                                    0x00000300   Section       60  startup_lpc17xx.o(.text)
    .text                                    0x0000033c   Section        0  _printf_pad.o(.text)
    .text                                    0x0000038c   Section        0  _printf_dec.o(.text)
    .text                                    0x00000404   Section        0  __printf_wp.o(.text)
    .text                                    0x00000512   Section        0  exit.o(.text)
    .text                                    0x00000524   Section        0  heapauxi.o(.text)
    .text                                    0x0000052a   Section        0  _printf_intcommon.o(.text)
    .text                                    0x000005dc   Section        0  _printf_char_common.o(.text)
    _printf_input_char                       0x000005dd   Thumb Code    10  _printf_char_common.o(.text)
    .text                                    0x0000060c   Section        0  _sputc.o(.text)
    .text                                    0x00000618   Section        0  sys_exit.o(.text)
    .text                                    0x00000624   Section       74  sys_stackheap_outer.o(.text)
    SVC_TABLE                                0x00000670   Section        4  svc_table.o(SVC_TABLE)
    i.GLCD_Bargraph                          0x00000674   Section        0  glcd_lpc1700.o(i.GLCD_Bargraph)
    i.GLCD_Clear                             0x00000774   Section        0  glcd_lpc1700.o(i.GLCD_Clear)
    i.GLCD_DisplayChar                       0x000007dc   Section        0  glcd_lpc1700.o(i.GLCD_DisplayChar)
    i.GLCD_DisplayString                     0x0000080c   Section        0  glcd_lpc1700.o(i.GLCD_DisplayString)
    i.GLCD_DrawChar                          0x00000830   Section        0  glcd_lpc1700.o(i.GLCD_DrawChar)
    i.GLCD_Init                              0x00000928   Section        0  glcd_lpc1700.o(i.GLCD_Init)
    i.GLCD_SetBackColor                      0x00001138   Section        0  glcd_lpc1700.o(i.GLCD_SetBackColor)
    i.GLCD_SetTextColor                      0x00001144   Section        0  glcd_lpc1700.o(i.GLCD_SetTextColor)
    i.GLCD_WindowMax                         0x00001150   Section        0  glcd_lpc1700.o(i.GLCD_WindowMax)
    i.InitADC                                0x000011ac   Section        0  adc_timer.o(i.InitADC)
    i.SystemInit                             0x000011e8   Section        0  system_lpc17xx.o(i.SystemInit)
    i.TIMER0_IRQHandler                      0x00001328   Section        0  adc_timer.o(i.TIMER0_IRQHandler)
    i._init_box                              0x00001354   Section        0  rt_membox.o(i._init_box)
    i._is_digit                              0x0000139a   Section        0  __printf_wp.o(i._is_digit)
    i._mutex_acquire                         0x000013a8   Section        0  rtx_conf_cm.o(i._mutex_acquire)
    __tagsym$$used                           0x000013a9   Number         0  rtx_conf_cm.o(i._mutex_acquire)
    i._mutex_release                         0x000013c8   Section        0  rtx_conf_cm.o(i._mutex_release)
    __tagsym$$used                           0x000013c9   Number         0  rtx_conf_cm.o(i._mutex_release)
    i.dbg_init                               0x000013e4   Section        0  hal_cm.o(i.dbg_init)
    i.dbg_task_notify                        0x00001414   Section        0  hal_cm.o(i.dbg_task_notify)
    i.dbg_task_switch                        0x00001434   Section        0  hal_cm.o(i.dbg_task_switch)
    i.delay                                  0x00001444   Section        0  glcd_lpc1700.o(i.delay)
    delay                                    0x00001445   Thumb Code    14  glcd_lpc1700.o(i.delay)
    i.init_timer0                            0x00001454   Section        0  adc_timer.o(i.init_timer0)
    i.isrMessageGet                          0x00001484   Section        0  rt_cmsis.o(i.isrMessageGet)
    i.isrMessagePut                          0x000014ae   Section        0  rt_cmsis.o(i.isrMessagePut)
    i.isr_mbx_receive                        0x000014dc   Section        0  rt_mailbox.o(i.isr_mbx_receive)
    i.isr_mbx_send                           0x0000152e   Section        0  rt_mailbox.o(i.isr_mbx_send)
    i.lcd_send                               0x0000153c   Section        0  glcd_lpc1700.o(i.lcd_send)
    lcd_send                                 0x0000153d   Thumb Code    44  glcd_lpc1700.o(i.lcd_send)
    i.main                                   0x0000156c   Section        0  adc_timer.o(i.main)
    i.osKernelInitialize                     0x000015d4   Section        0  rt_cmsis.o(i.osKernelInitialize)
    i.osKernelStart                          0x000015f8   Section        0  rt_cmsis.o(i.osKernelStart)
    i.osMessageGet                           0x00001664   Section        0  rt_cmsis.o(i.osMessageGet)
    i.osThreadCreate                         0x0000167c   Section        0  rt_cmsis.o(i.osThreadCreate)
    i.osThreadExit                           0x000016ac   Section        0  rt_cmsis.o(i.osThreadExit)
    i.osTimerCall                            0x000016c4   Section        0  rt_cmsis.o(i.osTimerCall)
    i.osTimerThread                          0x000016d0   Section        0  rt_cmsis.o(i.osTimerThread)
    i.os_error                               0x000016fc   Section        0  rtx_conf_cm.o(i.os_error)
    i.os_idle_demon                          0x0000171e   Section        0  rtx_conf_cm.o(i.os_idle_demon)
    i.os_tick_init                           0x00001724   Section        0  rt_system.o(i.os_tick_init)
    i.rd_dat                                 0x0000174c   Section        0  glcd_lpc1700.o(i.rd_dat)
    rd_dat                                   0x0000174d   Thumb Code    98  glcd_lpc1700.o(i.rd_dat)
    i.rd_reg                                 0x000017b4   Section        0  glcd_lpc1700.o(i.rd_reg)
    rd_reg                                   0x000017b5   Thumb Code    38  glcd_lpc1700.o(i.rd_reg)
    i.rt_alloc_box                           0x000017e0   Section        0  rt_membox.o(i.rt_alloc_box)
    i.rt_alloc_mem                           0x000017fa   Section        0  rt_memory.o(i.rt_alloc_mem)
    i.rt_block                               0x00001838   Section        0  rt_task.o(i.rt_block)
    i.rt_chk_robin                           0x00001870   Section        0  rt_robin.o(i.rt_chk_robin)
    i.rt_dec_dly                             0x000018b8   Section        0  rt_list.o(i.rt_dec_dly)
    i.rt_dispatch                            0x00001928   Section        0  rt_task.o(i.rt_dispatch)
    i.rt_evt_psh                             0x0000196c   Section        0  rt_event.o(i.rt_evt_psh)
    i.rt_free_box                            0x000019bc   Section        0  rt_membox.o(i.rt_free_box)
    i.rt_free_mem                            0x000019e8   Section        0  rt_memory.o(i.rt_free_mem)
    i.rt_get_first                           0x00001a10   Section        0  rt_list.o(i.rt_get_first)
    i.rt_id2obj                              0x00001a38   Section        0  rt_cmsis.o(i.rt_id2obj)
    rt_id2obj                                0x00001a39   Thumb Code     8  rt_cmsis.o(i.rt_id2obj)
    i.rt_init_context                        0x00001a40   Section        0  rt_task.o(i.rt_init_context)
    rt_init_context                          0x00001a41   Thumb Code    66  rt_task.o(i.rt_init_context)
    i.rt_init_mem                            0x00001a88   Section        0  rt_memory.o(i.rt_init_mem)
    i.rt_init_robin                          0x00001aa4   Section        0  rt_robin.o(i.rt_init_robin)
    i.rt_init_stack                          0x00001abc   Section        0  hal_cm.o(i.rt_init_stack)
    i.rt_mbx_check                           0x00001b3c   Section        0  rt_mailbox.o(i.rt_mbx_check)
    i.rt_mbx_init                            0x00001b44   Section        0  rt_mailbox.o(i.rt_mbx_init)
    i.rt_mbx_psh                             0x00001b60   Section        0  rt_mailbox.o(i.rt_mbx_psh)
    i.rt_mbx_wait                            0x00001c50   Section        0  rt_mailbox.o(i.rt_mbx_wait)
    i.rt_ms2tick                             0x00001d04   Section        0  rt_cmsis.o(i.rt_ms2tick)
    rt_ms2tick                               0x00001d05   Thumb Code    58  rt_cmsis.o(i.rt_ms2tick)
    i.rt_mut_release                         0x00001d48   Section        0  rt_mutex.o(i.rt_mut_release)
    i.rt_mut_wait                            0x00001e20   Section        0  rt_mutex.o(i.rt_mut_wait)
    i.rt_pop_req                             0x00001e88   Section        0  rt_system.o(i.rt_pop_req)
    i.rt_psh_req                             0x00001f04   Section        0  rt_system.o(i.rt_psh_req)
    i.rt_psq_enq                             0x00001f24   Section        0  rt_list.o(i.rt_psq_enq)
    i.rt_put_dly                             0x00001f80   Section        0  rt_list.o(i.rt_put_dly)
    i.rt_put_prio                            0x00001fc8   Section        0  rt_list.o(i.rt_put_prio)
    i.rt_put_rdy_first                       0x00002000   Section        0  rt_list.o(i.rt_put_rdy_first)
    i.rt_resort_prio                         0x00002014   Section        0  rt_list.o(i.rt_resort_prio)
    i.rt_ret_val                             0x00002048   Section        0  hal_cm.o(i.rt_ret_val)
    i.rt_ret_val2                            0x0000204e   Section        0  hal_cm.o(i.rt_ret_val2)
    i.rt_rmv_dly                             0x00002056   Section        0  rt_list.o(i.rt_rmv_dly)
    i.rt_rmv_list                            0x00002080   Section        0  rt_list.o(i.rt_rmv_list)
    i.rt_sem_psh                             0x000020b0   Section        0  rt_semaphore.o(i.rt_sem_psh)
    i.rt_stk_check                           0x000020e4   Section        0  rt_system.o(i.rt_stk_check)
    i.rt_switch_req                          0x00002108   Section        0  rt_task.o(i.rt_switch_req)
    i.rt_sys_init                            0x00002130   Section        0  rt_task.o(i.rt_sys_init)
    i.rt_sys_start                           0x000021fc   Section        0  rt_task.o(i.rt_sys_start)
    i.rt_systick                             0x00002274   Section        0  rt_system.o(i.rt_systick)
    i.rt_tid2ptcb                            0x000022b4   Section        0  rt_cmsis.o(i.rt_tid2ptcb)
    rt_tid2ptcb                              0x000022b5   Thumb Code    18  rt_cmsis.o(i.rt_tid2ptcb)
    i.rt_timer_insert                        0x000022c8   Section        0  rt_cmsis.o(i.rt_timer_insert)
    rt_timer_insert                          0x000022c9   Thumb Code    48  rt_cmsis.o(i.rt_timer_insert)
    i.rt_tsk_create                          0x000022fc   Section        0  rt_task.o(i.rt_tsk_create)
    i.rt_tsk_delete                          0x00002384   Section        0  rt_task.o(i.rt_tsk_delete)
    i.rt_tsk_prio                            0x00002500   Section        0  rt_task.o(i.rt_tsk_prio)
    i.rt_tsk_self                            0x0000257c   Section        0  rt_task.o(i.rt_tsk_self)
    i.svcKernelInitialize                    0x0000258c   Section        0  rt_cmsis.o(i.svcKernelInitialize)
    i.svcKernelStart                         0x000025fc   Section        0  rt_cmsis.o(i.svcKernelStart)
    i.svcMessageCreate                       0x00002644   Section        0  rt_cmsis.o(i.svcMessageCreate)
    i.svcMessageGet                          0x00002668   Section        0  rt_cmsis.o(i.svcMessageGet)
    i.svcThreadCreate                        0x000026a4   Section        0  rt_cmsis.o(i.svcThreadCreate)
    i.svcThreadGetId                         0x00002714   Section        0  rt_cmsis.o(i.svcThreadGetId)
    i.svcThreadTerminate                     0x00002730   Section        0  rt_cmsis.o(i.svcThreadTerminate)
    i.svcTimerCall                           0x00002768   Section        0  rt_cmsis.o(i.svcTimerCall)
    i.sysTimerTick                           0x00002780   Section        0  rt_cmsis.o(i.sysTimerTick)
    i.wait_delay                             0x000027dc   Section        0  glcd_lpc1700.o(i.wait_delay)
    i.wr_cmd                                 0x000027e8   Section        0  glcd_lpc1700.o(i.wr_cmd)
    wr_cmd                                   0x000027e9   Thumb Code    44  glcd_lpc1700.o(i.wr_cmd)
    i.wr_dat                                 0x00002818   Section        0  glcd_lpc1700.o(i.wr_dat)
    wr_dat                                   0x00002819   Thumb Code    44  glcd_lpc1700.o(i.wr_dat)
    i.wr_dat_only                            0x00002848   Section        0  glcd_lpc1700.o(i.wr_dat_only)
    wr_dat_only                              0x00002849   Thumb Code    32  glcd_lpc1700.o(i.wr_dat_only)
    i.wr_dat_start                           0x0000286c   Section        0  glcd_lpc1700.o(i.wr_dat_start)
    wr_dat_start                             0x0000286d   Thumb Code    10  glcd_lpc1700.o(i.wr_dat_start)
    i.wr_dat_stop                            0x0000287c   Section        0  glcd_lpc1700.o(i.wr_dat_stop)
    wr_dat_stop                              0x0000287d   Thumb Code    10  glcd_lpc1700.o(i.wr_dat_stop)
    i.wr_reg                                 0x0000288c   Section        0  glcd_lpc1700.o(i.wr_reg)
    wr_reg                                   0x0000288d   Thumb Code    36  glcd_lpc1700.o(i.wr_reg)
    .constdata                               0x000028b4   Section     5376  glcd_lpc1700.o(.constdata)
    .constdata                               0x00003db4   Section       86  rtx_conf_cm.o(.constdata)
    __tagsym$$used                           0x00003dd0   Number         0  rtx_conf_cm.o(.constdata)
    __tagsym$$used                           0x00003dd4   Number         0  rtx_conf_cm.o(.constdata)
    __tagsym$$used                           0x00003dd8   Number         0  rtx_conf_cm.o(.constdata)
    __tagsym$$used                           0x00003ddc   Number         0  rtx_conf_cm.o(.constdata)
    .data                                    0x10000000   Section        4  adc_timer.o(.data)
    .data                                    0x10000004   Section        6  glcd_lpc1700.o(.data)
    TextColor                                0x10000004   Data           2  glcd_lpc1700.o(.data)
    BackColor                                0x10000006   Data           2  glcd_lpc1700.o(.data)
    driverCode                               0x10000008   Data           2  glcd_lpc1700.o(.data)
    .data                                    0x1000000c   Section       36  rtx_conf_cm.o(.data)
    nr_mutex                                 0x1000001c   Data           4  rtx_conf_cm.o(.data)
    .data                                    0x10000030   Section        8  rt_cmsis.o(.data)
    .data                                    0x10000038   Section        8  rt_task.o(.data)
    .data                                    0x10000040   Section        8  rt_system.o(.data)
    os_lock                                  0x10000040   Data           1  rt_system.o(.data)
    os_psh_flag                              0x10000041   Data           1  rt_system.o(.data)
    pend_flags                               0x10000042   Data           1  rt_system.o(.data)
    .data                                    0x10000048   Section        4  rt_time.o(.data)
    .data                                    0x1000004c   Section        8  rt_robin.o(.data)
    .data                                    0x10000054   Section        1  hal_cm.o(.data)
    .bss                                     0x10000058   Section       10  adc_timer.o(.bss)
    .bss                                     0x10000068   Section     3016  rtx_conf_cm.o(.bss)
    std_libspace                             0x10000910   Data         672  rtx_conf_cm.o(.bss)
    std_libmutex                             0x10000bb0   Data         128  rtx_conf_cm.o(.bss)
    .bss                                     0x10000c30   Section       52  rt_task.o(.bss)
    .bss                                     0x10000c64   Section       48  rt_list.o(.bss)
    .bss                                     0x10000c94   Section       96  libspace.o(.bss)
    HEAP                                     0x10000cf8   Section        0  startup_lpc17xx.o(HEAP)
    STACK                                    0x10000cf8   Section      512  startup_lpc17xx.o(STACK)
    Heap_Mem                                 0x10000cf8   Data           0  startup_lpc17xx.o(HEAP)
    Stack_Mem                                0x10000cf8   Data         512  startup_lpc17xx.o(STACK)
    __initial_sp                             0x10000ef8   Data           0  startup_lpc17xx.o(STACK)

    Global Symbols

    Symbol Name                              Value     Ov Type        Size  Object(Section)

    BuildAttributes$$THM_ISAv4$P$D$K$B$S$PE$A:L22UL41UL21$X:L11$S22US41US21$IEEE1$IW$USESV6$~STKCKD$USESV7$~SHL$OSPACE$ROPI$EBA8$UX$STANDARDLIB$REQ8$PRES8$EABIv2 0x00000000   Number         0  anon$$obj.o ABSOLUTE
    __ARM_use_no_argv                        0x00000000   Number         0  adc_timer.o ABSOLUTE
    __Vectors                                0x00000000   Data           4  startup_lpc17xx.o(RESET)
    _printf_flags                            0x00000000   Number         0  printf_stubs.o ABSOLUTE
    _printf_return_value                     0x00000000   Number         0  printf_stubs.o ABSOLUTE
    _printf_sizespec                         0x00000000   Number         0  printf_stubs.o ABSOLUTE
    _printf_widthprec                        0x00000000   Number         0  printf_stubs.o ABSOLUTE
    __ARM_exceptions_init                     - Undefined Weak Reference
    __alloca_initialize                       - Undefined Weak Reference
    __arm_preinit_                            - Undefined Weak Reference
    __cpp_initialize__aeabi_                  - Undefined Weak Reference
    __cxa_finalize                            - Undefined Weak Reference
    __rt_locale                               - Undefined Weak Reference
    __sigvec_lookup                           - Undefined Weak Reference
    _atexit_init                              - Undefined Weak Reference
    _call_atexit_fns                          - Undefined Weak Reference
    _clock_init                               - Undefined Weak Reference
    _fp_trap_init                             - Undefined Weak Reference
    _fp_trap_shutdown                         - Undefined Weak Reference
    _get_lc_collate                           - Undefined Weak Reference
    _get_lc_ctype                             - Undefined Weak Reference
    _get_lc_monetary                          - Undefined Weak Reference
    _get_lc_numeric                           - Undefined Weak Reference
    _get_lc_time                              - Undefined Weak Reference
    _getenv_init                              - Undefined Weak Reference
    _handle_redirection                       - Undefined Weak Reference
    _init_alloc                               - Undefined Weak Reference
    _init_user_alloc                          - Undefined Weak Reference
    _initio                                   - Undefined Weak Reference
    _printf_truncate_signed                   - Undefined Weak Reference
    _printf_truncate_unsigned                 - Undefined Weak Reference
    _rand_init                                - Undefined Weak Reference
    _signal_finish                            - Undefined Weak Reference
    _signal_init                              - Undefined Weak Reference
    _terminate_alloc                          - Undefined Weak Reference
    _terminate_user_alloc                     - Undefined Weak Reference
    _terminateio                              - Undefined Weak Reference
    __main                                   0x000000cd   Thumb Code     8  __main.o(!!!main)
    __scatterload                            0x000000d5   Thumb Code     0  __scatter.o(!!!scatter)
    __scatterload_rt2                        0x000000d5   Thumb Code    44  __scatter.o(!!!scatter)
    __scatterload_rt2_thumb_only             0x000000d5   Thumb Code     0  __scatter.o(!!!scatter)
    __scatterload_null                       0x000000e3   Thumb Code     0  __scatter.o(!!!scatter)
    __scatterload_copy                       0x00000109   Thumb Code    26  __scatter_copy.o(!!handler_copy)
    __scatterload_zeroinit                   0x00000125   Thumb Code    28  __scatter_zi.o(!!handler_zi)
    _printf_d                                0x00000141   Thumb Code     0  _printf_d.o(.ARM.Collect$$_printf_percent$$00000009)
    _printf_percent                          0x00000141   Thumb Code     0  _printf_percent.o(.ARM.Collect$$_printf_percent$$00000000)
    _printf_percent_end                      0x00000147   Thumb Code     0  _printf_percent_end.o(.ARM.Collect$$_printf_percent$$00000017)
    __rt_lib_init                            0x0000014b   Thumb Code     0  libinit.o(.ARM.Collect$$libinit$$00000000)
    __rt_lib_init_alloca_1                   0x0000014d   Thumb Code     0  libinit2.o(.ARM.Collect$$libinit$$0000002E)
    __rt_lib_init_argv_1                     0x0000014d   Thumb Code     0  libinit2.o(.ARM.Collect$$libinit$$0000002C)
    __rt_lib_init_atexit_1                   0x0000014d   Thumb Code     0  libinit2.o(.ARM.Collect$$libinit$$0000001B)
    __rt_lib_init_clock_1                    0x0000014d   Thumb Code     0  libinit2.o(.ARM.Collect$$libinit$$00000021)
    __rt_lib_init_cpp_1                      0x0000014d   Thumb Code     0  libinit2.o(.ARM.Collect$$libinit$$00000032)
    __rt_lib_init_exceptions_1               0x0000014d   Thumb Code     0  libinit2.o(.ARM.Collect$$libinit$$00000030)
    __rt_lib_init_fp_1                       0x0000014d   Thumb Code     0  libinit2.o(.ARM.Collect$$libinit$$00000002)
    __rt_lib_init_fp_trap_1                  0x0000014d   Thumb Code     0  libinit2.o(.ARM.Collect$$libinit$$0000001F)
    __rt_lib_init_getenv_1                   0x0000014d   Thumb Code     0  libinit2.o(.ARM.Collect$$libinit$$00000023)
    __rt_lib_init_heap_1                     0x0000014d   Thumb Code     0  libinit2.o(.ARM.Collect$$libinit$$0000000A)
    __rt_lib_init_lc_collate_1               0x0000014d   Thumb Code     0  libinit2.o(.ARM.Collect$$libinit$$00000011)
    __rt_lib_init_lc_ctype_1                 0x0000014d   Thumb Code     0  libinit2.o(.ARM.Collect$$libinit$$00000013)
    __rt_lib_init_lc_monetary_1              0x0000014d   Thumb Code     0  libinit2.o(.ARM.Collect$$libinit$$00000015)
    __rt_lib_init_lc_numeric_1               0x0000014d   Thumb Code     0  libinit2.o(.ARM.Collect$$libinit$$00000017)
    __rt_lib_init_lc_time_1                  0x0000014d   Thumb Code     0  libinit2.o(.ARM.Collect$$libinit$$00000019)
    __rt_lib_init_preinit_1                  0x0000014d   Thumb Code     0  libinit2.o(.ARM.Collect$$libinit$$00000004)
    __rt_lib_init_rand_1                     0x0000014d   Thumb Code     0  libinit2.o(.ARM.Collect$$libinit$$0000000E)
    __rt_lib_init_return                     0x0000014d   Thumb Code     0  libinit2.o(.ARM.Collect$$libinit$$00000033)
    __rt_lib_init_signal_1                   0x0000014d   Thumb Code     0  libinit2.o(.ARM.Collect$$libinit$$0000001D)
    __rt_lib_init_stdio_1                    0x0000014d   Thumb Code     0  libinit2.o(.ARM.Collect$$libinit$$00000025)
    __rt_lib_init_user_alloc_1               0x0000014d   Thumb Code     0  libinit2.o(.ARM.Collect$$libinit$$0000000C)
    __rt_lib_shutdown                        0x0000014f   Thumb Code     0  libshutdown.o(.ARM.Collect$$libshutdown$$00000000)
    __rt_lib_shutdown_cpp_1                  0x00000151   Thumb Code     0  libshutdown2.o(.ARM.Collect$$libshutdown$$00000002)
    __rt_lib_shutdown_fp_trap_1              0x00000151   Thumb Code     0  libshutdown2.o(.ARM.Collect$$libshutdown$$00000007)
    __rt_lib_shutdown_heap_1                 0x00000151   Thumb Code     0  libshutdown2.o(.ARM.Collect$$libshutdown$$0000000F)
    __rt_lib_shutdown_return                 0x00000151   Thumb Code     0  libshutdown2.o(.ARM.Collect$$libshutdown$$00000010)
    __rt_lib_shutdown_signal_1               0x00000151   Thumb Code     0  libshutdown2.o(.ARM.Collect$$libshutdown$$0000000A)
    __rt_lib_shutdown_stdio_1                0x00000151   Thumb Code     0  libshutdown2.o(.ARM.Collect$$libshutdown$$00000004)
    __rt_lib_shutdown_user_alloc_1           0x00000151   Thumb Code     0  libshutdown2.o(.ARM.Collect$$libshutdown$$0000000C)
    __rt_entry                               0x00000153   Thumb Code     0  __rtentry.o(.ARM.Collect$$rtentry$$00000000)
    __rt_entry_presh_1                       0x00000153   Thumb Code     0  __rtentry2.o(.ARM.Collect$$rtentry$$00000002)
    __rt_entry_sh                            0x00000153   Thumb Code     0  __rtentry4.o(.ARM.Collect$$rtentry$$00000004)
    __rt_entry_li                            0x00000159   Thumb Code     0  __rtentry2.o(.ARM.Collect$$rtentry$$0000000A)
    __rt_entry_postsh_1                      0x00000159   Thumb Code     0  __rtentry2.o(.ARM.Collect$$rtentry$$00000009)
    __rt_entry_postli_1                      0x0000015d   Thumb Code     0  __rtentry2.o(.ARM.Collect$$rtentry$$0000000B)
    __rt_entry_main                          0x00000165   Thumb Code     0  __rtentry2.o(.ARM.Collect$$rtentry$$0000000D)
    __rt_exit                                0x0000016d   Thumb Code     0  rtexit.o(.ARM.Collect$$rtexit$$00000000)
    __rt_exit_ls                             0x0000016f   Thumb Code     0  rtexit2.o(.ARM.Collect$$rtexit$$00000003)
    __rt_exit_prels_1                        0x0000016f   Thumb Code     0  rtexit2.o(.ARM.Collect$$rtexit$$00000002)
    __rt_exit_exit                           0x00000173   Thumb Code     0  rtexit2.o(.ARM.Collect$$rtexit$$00000004)
    wait                                     0x00000179   Thumb Code     4  glcd_lpc1700.o(.emb_text)
    _platform_post_lib_init                  0x0000017d   Thumb Code    24  rtx_conf_cm.o(.emb_text)
    rt_set_PSP                               0x00000199   Thumb Code     6  hal_cm3.o(.emb_text)
    rt_get_PSP                               0x0000019f   Thumb Code     6  hal_cm3.o(.emb_text)
    os_set_env                               0x000001a5   Thumb Code    24  hal_cm3.o(.emb_text)
    _alloc_box                               0x000001c1   Thumb Code    28  hal_cm3.o(.emb_text)
    _free_box                                0x000001e1   Thumb Code    28  hal_cm3.o(.emb_text)
    SVC_Handler                              0x00000201   Thumb Code   108  hal_cm3.o(.emb_text)
    PendSV_Handler                           0x00000279   Thumb Code    56  hal_cm3.o(.emb_text)
    SysTick_Handler                          0x000002b5   Thumb Code     8  hal_cm3.o(.emb_text)
    OS_Tick_Handler                          0x000002bd   Thumb Code    12  hal_cm3.o(.emb_text)
    __user_libspace                          0x000002c9   Thumb Code     8  libspace.o(.text)
    __user_perproc_libspace                  0x000002c9   Thumb Code     0  libspace.o(.text)
    __2sprintf                               0x000002d1   Thumb Code    34  noretval__2sprintf.o(.text)
    __I$use$semihosting                      0x000002f9   Thumb Code     0  use_no_semi.o(.text)
    __use_no_semihosting_swi                 0x000002f9   Thumb Code     2  use_no_semi.o(.text)
    __semihosting_library_function           0x000002fb   Thumb Code     0  indicate_semi.o(.text)
    os_tick_irqack                           0x000002fb   Thumb Code     2  rt_system.o(i.os_tick_irqack)
    Reset_Handler                            0x00000301   Thumb Code     8  startup_lpc17xx.o(.text)
    NMI_Handler                              0x00000309   Thumb Code     2  startup_lpc17xx.o(.text)
    HardFault_Handler                        0x0000030b   Thumb Code     2  startup_lpc17xx.o(.text)
    MemManage_Handler                        0x0000030d   Thumb Code     2  startup_lpc17xx.o(.text)
    BusFault_Handler                         0x0000030f   Thumb Code     2  startup_lpc17xx.o(.text)
    UsageFault_Handler                       0x00000311   Thumb Code     2  startup_lpc17xx.o(.text)
    DebugMon_Handler                         0x00000315   Thumb Code     2  startup_lpc17xx.o(.text)
    ADC_IRQHandler                           0x0000031b   Thumb Code     0  startup_lpc17xx.o(.text)
    BOD_IRQHandler                           0x0000031b   Thumb Code     0  startup_lpc17xx.o(.text)
    CANActivity_IRQHandler                   0x0000031b   Thumb Code     0  startup_lpc17xx.o(.text)
    CAN_IRQHandler                           0x0000031b   Thumb Code     0  startup_lpc17xx.o(.text)
    DMA_IRQHandler                           0x0000031b   Thumb Code     0  startup_lpc17xx.o(.text)
    EINT0_IRQHandler                         0x0000031b   Thumb Code     0  startup_lpc17xx.o(.text)
    EINT1_IRQHandler                         0x0000031b   Thumb Code     0  startup_lpc17xx.o(.text)
    EINT2_IRQHandler                         0x0000031b   Thumb Code     0  startup_lpc17xx.o(.text)
    EINT3_IRQHandler                         0x0000031b   Thumb Code     0  startup_lpc17xx.o(.text)
    ENET_IRQHandler                          0x0000031b   Thumb Code     0  startup_lpc17xx.o(.text)
    I2C0_IRQHandler                          0x0000031b   Thumb Code     0  startup_lpc17xx.o(.text)
    I2C1_IRQHandler                          0x0000031b   Thumb Code     0  startup_lpc17xx.o(.text)
    I2C2_IRQHandler                          0x0000031b   Thumb Code     0  startup_lpc17xx.o(.text)
    I2S_IRQHandler                           0x0000031b   Thumb Code     0  startup_lpc17xx.o(.text)
    MCPWM_IRQHandler                         0x0000031b   Thumb Code     0  startup_lpc17xx.o(.text)
    PLL0_IRQHandler                          0x0000031b   Thumb Code     0  startup_lpc17xx.o(.text)
    PLL1_IRQHandler                          0x0000031b   Thumb Code     0  startup_lpc17xx.o(.text)
    PWM1_IRQHandler                          0x0000031b   Thumb Code     0  startup_lpc17xx.o(.text)
    QEI_IRQHandler                           0x0000031b   Thumb Code     0  startup_lpc17xx.o(.text)
    RIT_IRQHandler                           0x0000031b   Thumb Code     0  startup_lpc17xx.o(.text)
    RTC_IRQHandler                           0x0000031b   Thumb Code     0  startup_lpc17xx.o(.text)
    SPI_IRQHandler                           0x0000031b   Thumb Code     0  startup_lpc17xx.o(.text)
    SSP0_IRQHandler                          0x0000031b   Thumb Code     0  startup_lpc17xx.o(.text)
    SSP1_IRQHandler                          0x0000031b   Thumb Code     0  startup_lpc17xx.o(.text)
    TIMER1_IRQHandler                        0x0000031b   Thumb Code     0  startup_lpc17xx.o(.text)
    TIMER2_IRQHandler                        0x0000031b   Thumb Code     0  startup_lpc17xx.o(.text)
    TIMER3_IRQHandler                        0x0000031b   Thumb Code     0  startup_lpc17xx.o(.text)
    UART0_IRQHandler                         0x0000031b   Thumb Code     0  startup_lpc17xx.o(.text)
    UART1_IRQHandler                         0x0000031b   Thumb Code     0  startup_lpc17xx.o(.text)
    UART2_IRQHandler                         0x0000031b   Thumb Code     0  startup_lpc17xx.o(.text)
    UART3_IRQHandler                         0x0000031b   Thumb Code     0  startup_lpc17xx.o(.text)
    USBActivity_IRQHandler                   0x0000031b   Thumb Code     0  startup_lpc17xx.o(.text)
    USB_IRQHandler                           0x0000031b   Thumb Code     0  startup_lpc17xx.o(.text)
    WDT_IRQHandler                           0x0000031b   Thumb Code     0  startup_lpc17xx.o(.text)
    __user_initial_stackheap                 0x0000031d   Thumb Code     0  startup_lpc17xx.o(.text)
    _printf_pre_padding                      0x0000033d   Thumb Code    44  _printf_pad.o(.text)
    _printf_post_padding                     0x00000369   Thumb Code    34  _printf_pad.o(.text)
    _printf_int_dec                          0x0000038d   Thumb Code   104  _printf_dec.o(.text)
    __printf                                 0x00000405   Thumb Code   270  __printf_wp.o(.text)
    __RL_RTX_VER                             0x00000480   Number         0  rt_system.o ABSOLUTE
    exit                                     0x00000513   Thumb Code    18  exit.o(.text)
    __use_two_region_memory                  0x00000525   Thumb Code     2  heapauxi.o(.text)
    __rt_heap_escrow$2region                 0x00000527   Thumb Code     2  heapauxi.o(.text)
    __rt_heap_expand$2region                 0x00000529   Thumb Code     2  heapauxi.o(.text)
    _printf_int_common                       0x0000052b   Thumb Code   178  _printf_intcommon.o(.text)
    _printf_char_common                      0x000005e7   Thumb Code    32  _printf_char_common.o(.text)
    _sputc                                   0x0000060d   Thumb Code    10  _sputc.o(.text)
    _sys_exit                                0x00000619   Thumb Code     8  sys_exit.o(.text)
    __user_setup_stackheap                   0x00000625   Thumb Code    74  sys_stackheap_outer.o(.text)
    SVC_Count                                0x00000670   Data           4  svc_table.o(SVC_TABLE)
    GLCD_Bargraph                            0x00000675   Thumb Code   246  glcd_lpc1700.o(i.GLCD_Bargraph)
    SVC_Table                                0x00000674   Data           0  svc_table.o(SVC_TABLE)
    GLCD_Clear                               0x00000775   Thumb Code    96  glcd_lpc1700.o(i.GLCD_Clear)
    GLCD_DisplayChar                         0x000007dd   Thumb Code    42  glcd_lpc1700.o(i.GLCD_DisplayChar)
    GLCD_DisplayString                       0x0000080d   Thumb Code    36  glcd_lpc1700.o(i.GLCD_DisplayString)
    GLCD_DrawChar                            0x00000831   Thumb Code   232  glcd_lpc1700.o(i.GLCD_DrawChar)
    GLCD_Init                                0x00000929   Thumb Code  2060  glcd_lpc1700.o(i.GLCD_Init)
    GLCD_SetBackColor                        0x00001139   Thumb Code     6  glcd_lpc1700.o(i.GLCD_SetBackColor)
    GLCD_SetTextColor                        0x00001145   Thumb Code     6  glcd_lpc1700.o(i.GLCD_SetTextColor)
    GLCD_WindowMax                           0x00001151   Thumb Code    88  glcd_lpc1700.o(i.GLCD_WindowMax)
    InitADC                                  0x000011ad   Thumb Code    42  adc_timer.o(i.InitADC)
    SystemInit                               0x000011e9   Thumb Code   302  system_lpc17xx.o(i.SystemInit)
    TIMER0_IRQHandler                        0x00001329   Thumb Code    34  adc_timer.o(i.TIMER0_IRQHandler)
    _init_box                                0x00001355   Thumb Code    70  rt_membox.o(i._init_box)
    _is_digit                                0x0000139b   Thumb Code    14  __printf_wp.o(i._is_digit)
    _mutex_acquire                           0x000013a9   Thumb Code    22  rtx_conf_cm.o(i._mutex_acquire)
    _mutex_release                           0x000013c9   Thumb Code    18  rtx_conf_cm.o(i._mutex_release)
    dbg_init                                 0x000013e5   Thumb Code    34  hal_cm.o(i.dbg_init)
    dbg_task_notify                          0x00001415   Thumb Code    32  hal_cm.o(i.dbg_task_notify)
    dbg_task_switch                          0x00001435   Thumb Code    16  hal_cm.o(i.dbg_task_switch)
    init_timer0                              0x00001455   Thumb Code    44  adc_timer.o(i.init_timer0)
    isrMessageGet                            0x00001485   Thumb Code    42  rt_cmsis.o(i.isrMessageGet)
    isrMessagePut                            0x000014af   Thumb Code    44  rt_cmsis.o(i.isrMessagePut)
    isr_mbx_receive                          0x000014dd   Thumb Code    82  rt_mailbox.o(i.isr_mbx_receive)
    isr_mbx_send                             0x0000152f   Thumb Code    14  rt_mailbox.o(i.isr_mbx_send)
    main                                     0x0000156d   Thumb Code    90  adc_timer.o(i.main)
    osKernelInitialize                       0x000015d5   Thumb Code    30  rt_cmsis.o(i.osKernelInitialize)
    osKernelStart                            0x000015f9   Thumb Code    98  rt_cmsis.o(i.osKernelStart)
    osMessageGet                             0x00001665   Thumb Code    18  rt_cmsis.o(i.osMessageGet)
    osThreadCreate                           0x0000167d   Thumb Code    38  rt_cmsis.o(i.osThreadCreate)
    osThreadExit                             0x000016ad   Thumb Code    14  rt_cmsis.o(i.osThreadExit)
    osTimerCall                              0x000016c5   Thumb Code     8  rt_cmsis.o(i.osTimerCall)
    osTimerThread                            0x000016d1   Thumb Code    38  rt_cmsis.o(i.osTimerThread)
    os_error                                 0x000016fd   Thumb Code    34  rtx_conf_cm.o(i.os_error)
    os_idle_demon                            0x0000171f   Thumb Code     4  rtx_conf_cm.o(i.os_idle_demon)
    os_tick_init                             0x00001725   Thumb Code    32  rt_system.o(i.os_tick_init)
    rt_alloc_box                             0x000017e1   Thumb Code    26  rt_membox.o(i.rt_alloc_box)
    rt_alloc_mem                             0x000017fb   Thumb Code    62  rt_memory.o(i.rt_alloc_mem)
    rt_block                                 0x00001839   Thumb Code    48  rt_task.o(i.rt_block)
    rt_chk_robin                             0x00001871   Thumb Code    60  rt_robin.o(i.rt_chk_robin)
    rt_dec_dly                               0x000018b9   Thumb Code   102  rt_list.o(i.rt_dec_dly)
    rt_dispatch                              0x00001929   Thumb Code    60  rt_task.o(i.rt_dispatch)
    rt_evt_psh                               0x0000196d   Thumb Code    76  rt_event.o(i.rt_evt_psh)
    rt_free_box                              0x000019bd   Thumb Code    44  rt_membox.o(i.rt_free_box)
    rt_free_mem                              0x000019e9   Thumb Code    40  rt_memory.o(i.rt_free_mem)
    rt_get_first                             0x00001a11   Thumb Code    40  rt_list.o(i.rt_get_first)
    rt_init_mem                              0x00001a89   Thumb Code    26  rt_memory.o(i.rt_init_mem)
    rt_init_robin                            0x00001aa5   Thumb Code    14  rt_robin.o(i.rt_init_robin)
    rt_init_stack                            0x00001abd   Thumb Code   118  hal_cm.o(i.rt_init_stack)
    rt_mbx_check                             0x00001b3d   Thumb Code     8  rt_mailbox.o(i.rt_mbx_check)
    rt_mbx_init                              0x00001b45   Thumb Code    26  rt_mailbox.o(i.rt_mbx_init)
    rt_mbx_psh                               0x00001b61   Thumb Code   236  rt_mailbox.o(i.rt_mbx_psh)
    rt_mbx_wait                              0x00001c51   Thumb Code   174  rt_mailbox.o(i.rt_mbx_wait)
    rt_mut_release                           0x00001d49   Thumb Code   208  rt_mutex.o(i.rt_mut_release)
    rt_mut_wait                              0x00001e21   Thumb Code   100  rt_mutex.o(i.rt_mut_wait)
    rt_pop_req                               0x00001e89   Thumb Code   112  rt_system.o(i.rt_pop_req)
    rt_psh_req                               0x00001f05   Thumb Code    22  rt_system.o(i.rt_psh_req)
    rt_psq_enq                               0x00001f25   Thumb Code    88  rt_list.o(i.rt_psq_enq)
    rt_put_dly                               0x00001f81   Thumb Code    68  rt_list.o(i.rt_put_dly)
    rt_put_prio                              0x00001fc9   Thumb Code    54  rt_list.o(i.rt_put_prio)
    rt_put_rdy_first                         0x00002001   Thumb Code    14  rt_list.o(i.rt_put_rdy_first)
    rt_resort_prio                           0x00002015   Thumb Code    46  rt_list.o(i.rt_resort_prio)
    rt_ret_val                               0x00002049   Thumb Code     6  hal_cm.o(i.rt_ret_val)
    rt_ret_val2                              0x0000204f   Thumb Code     8  hal_cm.o(i.rt_ret_val2)
    rt_rmv_dly                               0x00002057   Thumb Code    40  rt_list.o(i.rt_rmv_dly)
    rt_rmv_list                              0x00002081   Thumb Code    44  rt_list.o(i.rt_rmv_list)
    rt_sem_psh                               0x000020b1   Thumb Code    48  rt_semaphore.o(i.rt_sem_psh)
    rt_stk_check                             0x000020e5   Thumb Code    28  rt_system.o(i.rt_stk_check)
    rt_switch_req                            0x00002109   Thumb Code    30  rt_task.o(i.rt_switch_req)
    rt_sys_init                              0x00002131   Thumb Code   138  rt_task.o(i.rt_sys_init)
    rt_sys_start                             0x000021fd   Thumb Code   110  rt_task.o(i.rt_sys_start)
    rt_systick                               0x00002275   Thumb Code    50  rt_system.o(i.rt_systick)
    rt_tsk_create                            0x000022fd   Thumb Code   118  rt_task.o(i.rt_tsk_create)
    rt_tsk_delete                            0x00002385   Thumb Code   352  rt_task.o(i.rt_tsk_delete)
    rt_tsk_prio                              0x00002501   Thumb Code   108  rt_task.o(i.rt_tsk_prio)
    rt_tsk_self                              0x0000257d   Thumb Code    12  rt_task.o(i.rt_tsk_self)
    svcKernelInitialize                      0x0000258d   Thumb Code    80  rt_cmsis.o(i.svcKernelInitialize)
    svcKernelStart                           0x000025fd   Thumb Code    62  rt_cmsis.o(i.svcKernelStart)
    svcMessageCreate                         0x00002645   Thumb Code    36  rt_cmsis.o(i.svcMessageCreate)
    svcMessageGet                            0x00002669   Thumb Code    58  rt_cmsis.o(i.svcMessageGet)
    svcThreadCreate                          0x000026a5   Thumb Code   100  rt_cmsis.o(i.svcThreadCreate)
    svcThreadGetId                           0x00002715   Thumb Code    22  rt_cmsis.o(i.svcThreadGetId)
    svcThreadTerminate                       0x00002731   Thumb Code    50  rt_cmsis.o(i.svcThreadTerminate)
    svcTimerCall                             0x00002769   Thumb Code    24  rt_cmsis.o(i.svcTimerCall)
    sysTimerTick                             0x00002781   Thumb Code    84  rt_cmsis.o(i.sysTimerTick)
    wait_delay                               0x000027dd   Thumb Code    12  glcd_lpc1700.o(i.wait_delay)
    Font_24x16                               0x000028b4   Data        5376  glcd_lpc1700.o(.constdata)
    os_maxtaskrun                            0x00003db4   Data           2  rtx_conf_cm.o(.constdata)
    os_stackinfo                             0x00003db8   Data           4  rtx_conf_cm.o(.constdata)
    os_rrobin                                0x00003dbc   Data           4  rtx_conf_cm.o(.constdata)
    os_tickfreq                              0x00003dc0   Data           4  rtx_conf_cm.o(.constdata)
    os_tickus_i                              0x00003dc4   Data           2  rtx_conf_cm.o(.constdata)
    os_tickus_f                              0x00003dc6   Data           2  rtx_conf_cm.o(.constdata)
    os_trv                                   0x00003dc8   Data           4  rtx_conf_cm.o(.constdata)
    os_flags                                 0x00003dcc   Data           1  rtx_conf_cm.o(.constdata)
    CMSIS_RTOS_API_Version                   0x00003dd0   Data           4  rtx_conf_cm.o(.constdata)
    CMSIS_RTOS_RTX_Version                   0x00003dd4   Data           4  rtx_conf_cm.o(.constdata)
    os_clockrate                             0x00003dd8   Data           4  rtx_conf_cm.o(.constdata)
    os_timernum                              0x00003ddc   Data           4  rtx_conf_cm.o(.constdata)
    mp_tcb_size                              0x00003de0   Data           2  rtx_conf_cm.o(.constdata)
    mp_stk_size                              0x00003de4   Data           4  rtx_conf_cm.o(.constdata)
    os_stack_sz                              0x00003de8   Data           4  rtx_conf_cm.o(.constdata)
    os_fifo_size                             0x00003dec   Data           1  rtx_conf_cm.o(.constdata)
    os_thread_def_osTimerThread              0x00003df0   Data          16  rtx_conf_cm.o(.constdata)
    os_messageQ_def_osTimerMessageQ          0x00003e00   Data           8  rtx_conf_cm.o(.constdata)
    mp_tmr_size                              0x00003e08   Data           2  rtx_conf_cm.o(.constdata)
    Region$$Table$$Base                      0x00003e0c   Number         0  anon$$obj.o(Region$$Table)
    Region$$Table$$Limit                     0x00003e2c   Number         0  anon$$obj.o(Region$$Table)
    i                                        0x10000000   Data           4  adc_timer.o(.data)
    osThreadId_osTimerThread                 0x1000000c   Data           4  rtx_conf_cm.o(.data)
    osMessageQId_osTimerMessageQ             0x10000010   Data           4  rtx_conf_cm.o(.data)
    os_tmr                                   0x10000014   Data           4  rtx_conf_cm.o(.data)
    m_tmr                                    0x10000018   Data           4  rtx_conf_cm.o(.data)
    os_thread_def_main                       0x10000020   Data          16  rtx_conf_cm.o(.data)
    os_initialized                           0x10000030   Data           1  rt_cmsis.o(.data)
    os_running                               0x10000031   Data           1  rt_cmsis.o(.data)
    os_timer_head                            0x10000034   Data           4  rt_cmsis.o(.data)
    os_tsk                                   0x10000038   Data           8  rt_task.o(.data)
    os_tick_irqn                             0x10000044   Data           4  rt_system.o(.data)
    os_time                                  0x10000048   Data           4  rt_time.o(.data)
    os_robin                                 0x1000004c   Data           8  rt_robin.o(.data)
    dbg_msg                                  0x10000054   Data           1  hal_cm.o(.data)
    snum                                     0x10000058   Data          10  adc_timer.o(.bss)
    mp_tcb                                   0x10000068   Data         376  rtx_conf_cm.o(.bss)
    mp_stk                                   0x100001e0   Data        1216  rtx_conf_cm.o(.bss)
    os_stack_mem                             0x100006a0   Data         432  rtx_conf_cm.o(.bss)
    os_fifo                                  0x10000850   Data         132  rtx_conf_cm.o(.bss)
    os_active_TCB                            0x100008d4   Data          28  rtx_conf_cm.o(.bss)
    os_messageQ_q_osTimerMessageQ            0x100008f0   Data          32  rtx_conf_cm.o(.bss)
    os_idle_TCB                              0x10000c30   Data          52  rt_task.o(.bss)
    os_rdy                                   0x10000c64   Data          24  rt_list.o(.bss)
    os_dly                                   0x10000c7c   Data          24  rt_list.o(.bss)
    __libspace_start                         0x10000c94   Data          96  libspace.o(.bss)
    __temporary_stack_top$libspace           0x10000cf4   Data           0  libspace.o(.bss)



==============================================================================

Memory Map of the image

  Image Entry point : 0x000000cd

  Load Region LR_IROM1 (Base: 0x00000000, Size: 0x00003e84, Max: 0x00080000, ABSOLUTE)

    Execution Region ER_IROM1 (Base: 0x00000000, Size: 0x00003e2c, Max: 0x00080000, ABSOLUTE)

    Base Addr    Size         Type   Attr      Idx    E Section Name        Object

    0x00000000   0x000000cc   Data   RO          463    RESET               startup_lpc17xx.o
    0x000000cc   0x00000008   Code   RO         1761  * !!!main             c_w.l(__main.o)
    0x000000d4   0x00000034   Code   RO         1931    !!!scatter          c_w.l(__scatter.o)
    0x00000108   0x0000001a   Code   RO         1933    !!handler_copy      c_w.l(__scatter_copy.o)
    0x00000122   0x00000002   PAD
    0x00000124   0x0000001c   Code   RO         1935    !!handler_zi        c_w.l(__scatter_zi.o)
    0x00000140   0x00000000   Code   RO         1756    .ARM.Collect$$_printf_percent$$00000000  c_w.l(_printf_percent.o)
    0x00000140   0x00000006   Code   RO         1755    .ARM.Collect$$_printf_percent$$00000009  c_w.l(_printf_d.o)
    0x00000146   0x00000004   Code   RO         1776    .ARM.Collect$$_printf_percent$$00000017  c_w.l(_printf_percent_end.o)
    0x0000014a   0x00000002   Code   RO         1817    .ARM.Collect$$libinit$$00000000  c_w.l(libinit.o)
    0x0000014c   0x00000000   Code   RO         1829    .ARM.Collect$$libinit$$00000002  c_w.l(libinit2.o)
    0x0000014c   0x00000000   Code   RO         1831    .ARM.Collect$$libinit$$00000004  c_w.l(libinit2.o)
    0x0000014c   0x00000000   Code   RO         1834    .ARM.Collect$$libinit$$0000000A  c_w.l(libinit2.o)
    0x0000014c   0x00000000   Code   RO         1836    .ARM.Collect$$libinit$$0000000C  c_w.l(libinit2.o)
    0x0000014c   0x00000000   Code   RO         1838    .ARM.Collect$$libinit$$0000000E  c_w.l(libinit2.o)
    0x0000014c   0x00000000   Code   RO         1841    .ARM.Collect$$libinit$$00000011  c_w.l(libinit2.o)
    0x0000014c   0x00000000   Code   RO         1843    .ARM.Collect$$libinit$$00000013  c_w.l(libinit2.o)
    0x0000014c   0x00000000   Code   RO         1845    .ARM.Collect$$libinit$$00000015  c_w.l(libinit2.o)
    0x0000014c   0x00000000   Code   RO         1847    .ARM.Collect$$libinit$$00000017  c_w.l(libinit2.o)
    0x0000014c   0x00000000   Code   RO         1849    .ARM.Collect$$libinit$$00000019  c_w.l(libinit2.o)
    0x0000014c   0x00000000   Code   RO         1851    .ARM.Collect$$libinit$$0000001B  c_w.l(libinit2.o)
    0x0000014c   0x00000000   Code   RO         1853    .ARM.Collect$$libinit$$0000001D  c_w.l(libinit2.o)
    0x0000014c   0x00000000   Code   RO         1855    .ARM.Collect$$libinit$$0000001F  c_w.l(libinit2.o)
    0x0000014c   0x00000000   Code   RO         1857    .ARM.Collect$$libinit$$00000021  c_w.l(libinit2.o)
    0x0000014c   0x00000000   Code   RO         1859    .ARM.Collect$$libinit$$00000023  c_w.l(libinit2.o)
    0x0000014c   0x00000000   Code   RO         1861    .ARM.Collect$$libinit$$00000025  c_w.l(libinit2.o)
    0x0000014c   0x00000000   Code   RO         1865    .ARM.Collect$$libinit$$0000002C  c_w.l(libinit2.o)
    0x0000014c   0x00000000   Code   RO         1867    .ARM.Collect$$libinit$$0000002E  c_w.l(libinit2.o)
    0x0000014c   0x00000000   Code   RO         1869    .ARM.Collect$$libinit$$00000030  c_w.l(libinit2.o)
    0x0000014c   0x00000000   Code   RO         1871    .ARM.Collect$$libinit$$00000032  c_w.l(libinit2.o)
    0x0000014c   0x00000002   Code   RO         1872    .ARM.Collect$$libinit$$00000033  c_w.l(libinit2.o)
    0x0000014e   0x00000002   Code   RO         1818    .ARM.Collect$$libshutdown$$00000000  c_w.l(libshutdown.o)
    0x00000150   0x00000000   Code   RO         1874    .ARM.Collect$$libshutdown$$00000002  c_w.l(libshutdown2.o)
    0x00000150   0x00000000   Code   RO         1876    .ARM.Collect$$libshutdown$$00000004  c_w.l(libshutdown2.o)
    0x00000150   0x00000000   Code   RO         1879    .ARM.Collect$$libshutdown$$00000007  c_w.l(libshutdown2.o)
    0x00000150   0x00000000   Code   RO         1882    .ARM.Collect$$libshutdown$$0000000A  c_w.l(libshutdown2.o)
    0x00000150   0x00000000   Code   RO         1884    .ARM.Collect$$libshutdown$$0000000C  c_w.l(libshutdown2.o)
    0x00000150   0x00000000   Code   RO         1887    .ARM.Collect$$libshutdown$$0000000F  c_w.l(libshutdown2.o)
    0x00000150   0x00000002   Code   RO         1888    .ARM.Collect$$libshutdown$$00000010  c_w.l(libshutdown2.o)
    0x00000152   0x00000000   Code   RO         1763    .ARM.Collect$$rtentry$$00000000  c_w.l(__rtentry.o)
    0x00000152   0x00000000   Code   RO         1778    .ARM.Collect$$rtentry$$00000002  c_w.l(__rtentry2.o)
    0x00000152   0x00000006   Code   RO         1790    .ARM.Collect$$rtentry$$00000004  c_w.l(__rtentry4.o)
    0x00000158   0x00000000   Code   RO         1780    .ARM.Collect$$rtentry$$00000009  c_w.l(__rtentry2.o)
    0x00000158   0x00000004   Code   RO         1781    .ARM.Collect$$rtentry$$0000000A  c_w.l(__rtentry2.o)
    0x0000015c   0x00000008   Code   RO         1782    .ARM.Collect$$rtentry$$0000000B  c_w.l(__rtentry2.o)
    0x00000164   0x00000008   Code   RO         1784    .ARM.Collect$$rtentry$$0000000D  c_w.l(__rtentry2.o)
    0x0000016c   0x00000002   Code   RO         1764    .ARM.Collect$$rtexit$$00000000  c_w.l(rtexit.o)
    0x0000016e   0x00000000   Code   RO         1793    .ARM.Collect$$rtexit$$00000002  c_w.l(rtexit2.o)
    0x0000016e   0x00000004   Code   RO         1794    .ARM.Collect$$rtexit$$00000003  c_w.l(rtexit2.o)
    0x00000172   0x00000006   Code   RO         1795    .ARM.Collect$$rtexit$$00000004  c_w.l(rtexit2.o)
    0x00000178   0x00000004   Code   RO           85    .emb_text           glcd_lpc1700.o
    0x0000017c   0x0000001c   Code   RO          310    .emb_text           rtx_conf_cm.o
    0x00000198   0x00000130   Code   RO         1705    .emb_text           RTX_CM3.lib(hal_cm3.o)
    0x000002c8   0x00000008   Code   RO         1720    .text               c_w.l(libspace.o)
    0x000002d0   0x00000028   Code   RO         1727    .text               c_w.l(noretval__2sprintf.o)
    0x000002f8   0x00000002   Code   RO         1819    .text               c_w.l(use_no_semi.o)
    0x000002fa   0x00000000   Code   RO         1821    .text               c_w.l(indicate_semi.o)
    0x000002fa   0x00000002   Code   RO         1252    i.os_tick_irqack    RTX_CM3.lib(rt_system.o)
    0x000002fc   0x00000004   Code   RO          464    .ARM.__at_0x02FC    startup_lpc17xx.o
    0x00000300   0x0000003c   Code   RO          465    .text               startup_lpc17xx.o
    0x0000033c   0x0000004e   Code   RO         1731    .text               c_w.l(_printf_pad.o)
    0x0000038a   0x00000002   PAD
    0x0000038c   0x00000078   Code   RO         1733    .text               c_w.l(_printf_dec.o)
    0x00000404   0x0000010e   Code   RO         1743    .text               c_w.l(__printf_wp.o)
    0x00000512   0x00000012   Code   RO         1757    .text               c_w.l(exit.o)
    0x00000524   0x00000006   Code   RO         1759    .text               c_w.l(heapauxi.o)
    0x0000052a   0x000000b2   Code   RO         1770    .text               c_w.l(_printf_intcommon.o)
    0x000005dc   0x00000030   Code   RO         1772    .text               c_w.l(_printf_char_common.o)
    0x0000060c   0x0000000a   Code   RO         1774    .text               c_w.l(_sputc.o)
    0x00000616   0x00000002   PAD
    0x00000618   0x0000000c   Code   RO         1803    .text               c_w.l(sys_exit.o)
    0x00000624   0x0000004a   Code   RO         1805    .text               c_w.l(sys_stackheap_outer.o)
    0x0000066e   0x00000002   PAD
    0x00000670   0x00000004   Code   RO         1715    SVC_TABLE           RTX_CM3.lib(svc_table.o)
    0x00000674   0x00000100   Code   RO           86    i.GLCD_Bargraph     glcd_lpc1700.o
    0x00000774   0x00000068   Code   RO           89    i.GLCD_Clear        glcd_lpc1700.o
    0x000007dc   0x00000030   Code   RO           91    i.GLCD_DisplayChar  glcd_lpc1700.o
    0x0000080c   0x00000024   Code   RO           92    i.GLCD_DisplayString  glcd_lpc1700.o
    0x00000830   0x000000f8   Code   RO           93    i.GLCD_DrawChar     glcd_lpc1700.o
    0x00000928   0x00000810   Code   RO           94    i.GLCD_Init         glcd_lpc1700.o
    0x00001138   0x0000000c   Code   RO           96    i.GLCD_SetBackColor  glcd_lpc1700.o
    0x00001144   0x0000000c   Code   RO           97    i.GLCD_SetTextColor  glcd_lpc1700.o
    0x00001150   0x0000005c   Code   RO           98    i.GLCD_WindowMax    glcd_lpc1700.o
    0x000011ac   0x0000003c   Code   RO            4    i.InitADC           adc_timer.o
    0x000011e8   0x00000140   Code   RO          475    i.SystemInit        system_lpc17xx.o
    0x00001328   0x0000002c   Code   RO            5    i.TIMER0_IRQHandler  adc_timer.o
    0x00001354   0x00000046   Code   RO         1604    i._init_box         RTX_CM3.lib(rt_membox.o)
    0x0000139a   0x0000000e   Code   RO         1745    i._is_digit         c_w.l(__printf_wp.o)
    0x000013a8   0x00000020   Code   RO          312    i._mutex_acquire    rtx_conf_cm.o
    0x000013c8   0x0000001c   Code   RO          314    i._mutex_release    rtx_conf_cm.o
    0x000013e4   0x00000030   Code   RO         1657    i.dbg_init          RTX_CM3.lib(hal_cm.o)
    0x00001414   0x00000020   Code   RO         1658    i.dbg_task_notify   RTX_CM3.lib(hal_cm.o)
    0x00001434   0x00000010   Code   RO         1659    i.dbg_task_switch   RTX_CM3.lib(hal_cm.o)
    0x00001444   0x0000000e   Code   RO           99    i.delay             glcd_lpc1700.o
    0x00001452   0x00000002   PAD
    0x00001454   0x00000030   Code   RO            6    i.init_timer0       adc_timer.o
    0x00001484   0x0000002a   Code   RO          510    i.isrMessageGet     RTX_CM3.lib(rt_cmsis.o)
    0x000014ae   0x0000002c   Code   RO          511    i.isrMessagePut     RTX_CM3.lib(rt_cmsis.o)
    0x000014da   0x00000002   PAD
    0x000014dc   0x00000052   Code   RO         1459    i.isr_mbx_receive   RTX_CM3.lib(rt_mailbox.o)
    0x0000152e   0x0000000e   Code   RO         1460    i.isr_mbx_send      RTX_CM3.lib(rt_mailbox.o)
    0x0000153c   0x00000030   Code   RO          100    i.lcd_send          glcd_lpc1700.o
    0x0000156c   0x00000068   Code   RO            7    i.main              adc_timer.o
    0x000015d4   0x00000024   Code   RO          515    i.osKernelInitialize  RTX_CM3.lib(rt_cmsis.o)
    0x000015f8   0x0000006c   Code   RO          517    i.osKernelStart     RTX_CM3.lib(rt_cmsis.o)
    0x00001664   0x00000018   Code   RO          526    i.osMessageGet      RTX_CM3.lib(rt_cmsis.o)
    0x0000167c   0x00000030   Code   RO          543    i.osThreadCreate    RTX_CM3.lib(rt_cmsis.o)
    0x000016ac   0x00000018   Code   RO          544    i.osThreadExit      RTX_CM3.lib(rt_cmsis.o)
    0x000016c4   0x0000000c   Code   RO          550    i.osTimerCall       RTX_CM3.lib(rt_cmsis.o)
    0x000016d0   0x0000002c   Code   RO          555    i.osTimerThread     RTX_CM3.lib(rt_cmsis.o)
    0x000016fc   0x00000022   Code   RO          315    i.os_error          rtx_conf_cm.o
    0x0000171e   0x00000004   Code   RO          316    i.os_idle_demon     rtx_conf_cm.o
    0x00001722   0x00000002   PAD
    0x00001724   0x00000028   Code   RO         1251    i.os_tick_init      RTX_CM3.lib(rt_system.o)
    0x0000174c   0x00000068   Code   RO          101    i.rd_dat            glcd_lpc1700.o
    0x000017b4   0x0000002c   Code   RO          102    i.rd_reg            glcd_lpc1700.o
    0x000017e0   0x0000001a   Code   RO         1605    i.rt_alloc_box      RTX_CM3.lib(rt_membox.o)
    0x000017fa   0x0000003e   Code   RO         1633    i.rt_alloc_mem      RTX_CM3.lib(rt_memory.o)
    0x00001838   0x00000038   Code   RO         1132    i.rt_block          RTX_CM3.lib(rt_task.o)
    0x00001870   0x00000048   Code   RO         1582    i.rt_chk_robin      RTX_CM3.lib(rt_robin.o)
    0x000018b8   0x00000070   Code   RO         1383    i.rt_dec_dly        RTX_CM3.lib(rt_list.o)
    0x00001928   0x00000044   Code   RO         1133    i.rt_dispatch       RTX_CM3.lib(rt_task.o)
    0x0000196c   0x00000050   Code   RO         1344    i.rt_evt_psh        RTX_CM3.lib(rt_event.o)
    0x000019bc   0x0000002c   Code   RO         1606    i.rt_free_box       RTX_CM3.lib(rt_membox.o)
    0x000019e8   0x00000028   Code   RO         1634    i.rt_free_mem       RTX_CM3.lib(rt_memory.o)
    0x00001a10   0x00000028   Code   RO         1384    i.rt_get_first      RTX_CM3.lib(rt_list.o)
    0x00001a38   0x00000008   Code   RO          560    i.rt_id2obj         RTX_CM3.lib(rt_cmsis.o)
    0x00001a40   0x00000048   Code   RO         1134    i.rt_init_context   RTX_CM3.lib(rt_task.o)
    0x00001a88   0x0000001a   Code   RO         1635    i.rt_init_mem       RTX_CM3.lib(rt_memory.o)
    0x00001aa2   0x00000002   PAD
    0x00001aa4   0x00000018   Code   RO         1583    i.rt_init_robin     RTX_CM3.lib(rt_robin.o)
    0x00001abc   0x00000080   Code   RO         1660    i.rt_init_stack     RTX_CM3.lib(hal_cm.o)
    0x00001b3c   0x00000008   Code   RO         1461    i.rt_mbx_check      RTX_CM3.lib(rt_mailbox.o)
    0x00001b44   0x0000001a   Code   RO         1462    i.rt_mbx_init       RTX_CM3.lib(rt_mailbox.o)
    0x00001b5e   0x00000002   PAD
    0x00001b60   0x000000f0   Code   RO         1463    i.rt_mbx_psh        RTX_CM3.lib(rt_mailbox.o)
    0x00001c50   0x000000b4   Code   RO         1465    i.rt_mbx_wait       RTX_CM3.lib(rt_mailbox.o)
    0x00001d04   0x00000044   Code   RO          561    i.rt_ms2tick        RTX_CM3.lib(rt_cmsis.o)
    0x00001d48   0x000000d8   Code   RO         1218    i.rt_mut_release    RTX_CM3.lib(rt_mutex.o)
    0x00001e20   0x00000068   Code   RO         1219    i.rt_mut_wait       RTX_CM3.lib(rt_mutex.o)
    0x00001e88   0x0000007c   Code   RO         1255    i.rt_pop_req        RTX_CM3.lib(rt_system.o)
    0x00001f04   0x00000020   Code   RO         1256    i.rt_psh_req        RTX_CM3.lib(rt_system.o)
    0x00001f24   0x0000005c   Code   RO         1386    i.rt_psq_enq        RTX_CM3.lib(rt_list.o)
    0x00001f80   0x00000048   Code   RO         1387    i.rt_put_dly        RTX_CM3.lib(rt_list.o)
    0x00001fc8   0x00000036   Code   RO         1388    i.rt_put_prio       RTX_CM3.lib(rt_list.o)
    0x00001ffe   0x00000002   PAD
    0x00002000   0x00000014   Code   RO         1389    i.rt_put_rdy_first  RTX_CM3.lib(rt_list.o)
    0x00002014   0x00000034   Code   RO         1390    i.rt_resort_prio    RTX_CM3.lib(rt_list.o)
    0x00002048   0x00000006   Code   RO         1661    i.rt_ret_val        RTX_CM3.lib(hal_cm.o)
    0x0000204e   0x00000008   Code   RO         1662    i.rt_ret_val2       RTX_CM3.lib(hal_cm.o)
    0x00002056   0x00000028   Code   RO         1391    i.rt_rmv_dly        RTX_CM3.lib(rt_list.o)
    0x0000207e   0x00000002   PAD
    0x00002080   0x00000030   Code   RO         1392    i.rt_rmv_list       RTX_CM3.lib(rt_list.o)
    0x000020b0   0x00000034   Code   RO         1510    i.rt_sem_psh        RTX_CM3.lib(rt_semaphore.o)
    0x000020e4   0x00000024   Code   RO         1258    i.rt_stk_check      RTX_CM3.lib(rt_system.o)
    0x00002108   0x00000028   Code   RO         1135    i.rt_switch_req     RTX_CM3.lib(rt_task.o)
    0x00002130   0x000000cc   Code   RO         1136    i.rt_sys_init       RTX_CM3.lib(rt_task.o)
    0x000021fc   0x00000078   Code   RO         1137    i.rt_sys_start      RTX_CM3.lib(rt_task.o)
    0x00002274   0x00000040   Code   RO         1260    i.rt_systick        RTX_CM3.lib(rt_system.o)
    0x000022b4   0x00000012   Code   RO          562    i.rt_tid2ptcb       RTX_CM3.lib(rt_cmsis.o)
    0x000022c6   0x00000002   PAD
    0x000022c8   0x00000034   Code   RO          563    i.rt_timer_insert   RTX_CM3.lib(rt_cmsis.o)
    0x000022fc   0x00000088   Code   RO         1138    i.rt_tsk_create     RTX_CM3.lib(rt_task.o)
    0x00002384   0x0000017c   Code   RO         1139    i.rt_tsk_delete     RTX_CM3.lib(rt_task.o)
    0x00002500   0x0000007c   Code   RO         1141    i.rt_tsk_prio       RTX_CM3.lib(rt_task.o)
    0x0000257c   0x00000010   Code   RO         1142    i.rt_tsk_self       RTX_CM3.lib(rt_task.o)
    0x0000258c   0x00000070   Code   RO          566    i.svcKernelInitialize  RTX_CM3.lib(rt_cmsis.o)
    0x000025fc   0x00000048   Code   RO          568    i.svcKernelStart    RTX_CM3.lib(rt_cmsis.o)
    0x00002644   0x00000024   Code   RO          571    i.svcMessageCreate  RTX_CM3.lib(rt_cmsis.o)
    0x00002668   0x0000003a   Code   RO          572    i.svcMessageGet     RTX_CM3.lib(rt_cmsis.o)
    0x000026a2   0x00000002   PAD
    0x000026a4   0x00000070   Code   RO          586    i.svcThreadCreate   RTX_CM3.lib(rt_cmsis.o)
    0x00002714   0x0000001c   Code   RO          587    i.svcThreadGetId    RTX_CM3.lib(rt_cmsis.o)
    0x00002730   0x00000038   Code   RO          590    i.svcThreadTerminate  RTX_CM3.lib(rt_cmsis.o)
    0x00002768   0x00000018   Code   RO          592    i.svcTimerCall      RTX_CM3.lib(rt_cmsis.o)
    0x00002780   0x0000005c   Code   RO          601    i.sysTimerTick      RTX_CM3.lib(rt_cmsis.o)
    0x000027dc   0x0000000c   Code   RO          103    i.wait_delay        glcd_lpc1700.o
    0x000027e8   0x00000030   Code   RO          104    i.wr_cmd            glcd_lpc1700.o
    0x00002818   0x00000030   Code   RO          105    i.wr_dat            glcd_lpc1700.o
    0x00002848   0x00000024   Code   RO          106    i.wr_dat_only       glcd_lpc1700.o
    0x0000286c   0x00000010   Code   RO          107    i.wr_dat_start      glcd_lpc1700.o
    0x0000287c   0x00000010   Code   RO          108    i.wr_dat_stop       glcd_lpc1700.o
    0x0000288c   0x00000028   Code   RO          109    i.wr_reg            glcd_lpc1700.o
    0x000028b4   0x00001500   Data   RO          110    .constdata          glcd_lpc1700.o
    0x00003db4   0x00000056   Data   RO          318    .constdata          rtx_conf_cm.o
    0x00003e0a   0x00000002   PAD
    0x00003e0c   0x00000020   Data   RO         1929    Region$$Table       anon$$obj.o


    Execution Region RW_IRAM1 (Base: 0x10000000, Size: 0x00000ef8, Max: 0x00008000, ABSOLUTE)

    Base Addr    Size         Type   Attr      Idx    E Section Name        Object

    0x10000000   0x00000004   Data   RW            9    .data               adc_timer.o
    0x10000004   0x00000006   Data   RW          111    .data               glcd_lpc1700.o
    0x1000000a   0x00000002   PAD
    0x1000000c   0x00000024   Data   RW          319    .data               rtx_conf_cm.o
    0x10000030   0x00000008   Data   RW          604    .data               RTX_CM3.lib(rt_cmsis.o)
    0x10000038   0x00000008   Data   RW         1144    .data               RTX_CM3.lib(rt_task.o)
    0x10000040   0x00000008   Data   RW         1263    .data               RTX_CM3.lib(rt_system.o)
    0x10000048   0x00000004   Data   RW         1553    .data               RTX_CM3.lib(rt_time.o)
    0x1000004c   0x00000008   Data   RW         1584    .data               RTX_CM3.lib(rt_robin.o)
    0x10000054   0x00000001   Data   RW         1663    .data               RTX_CM3.lib(hal_cm.o)
    0x10000055   0x00000003   PAD
    0x10000058   0x0000000a   Zero   RW            8    .bss                adc_timer.o
    0x10000062   0x00000006   PAD
    0x10000068   0x00000bc8   Zero   RW          317    .bss                rtx_conf_cm.o
    0x10000c30   0x00000034   Zero   RW         1143    .bss                RTX_CM3.lib(rt_task.o)
    0x10000c64   0x00000030   Zero   RW         1393    .bss                RTX_CM3.lib(rt_list.o)
    0x10000c94   0x00000060   Zero   RW         1721    .bss                c_w.l(libspace.o)
    0x10000cf4   0x00000004   PAD
    0x10000cf8   0x00000000   Zero   RW          462    HEAP                startup_lpc17xx.o
    0x10000cf8   0x00000200   Zero   RW          461    STACK               startup_lpc17xx.o


==============================================================================

Image component sizes


      Code (inc. data)   RO Data    RW Data    ZI Data      Debug   Object Name

       256         46          0          4         10      47587   adc_timer.o
      3302        112       5376          6          0      13672   glcd_lpc1700.o
       126         26         86         36       3016       9111   rtx_conf_cm.o
        64         26        204          0        512       1040   startup_lpc17xx.o
       320         18          0          0          0        593   system_lpc17xx.o

    ----------------------------------------------------------------------
      4072        228       5700         48       3544      72003   Object Totals
         0          0         32          0          0          0   (incl. Generated)
         4          0          2          2          6          0   (incl. Padding)

    ----------------------------------------------------------------------

      Code (inc. data)   RO Data    RW Data    ZI Data      Debug   Library Member Name

       238         24          0          1          0       3256   hal_cm.o
       304         36          0          0          0        760   hal_cm3.o
      1118        140          0          8          0      31165   rt_cmsis.o
        80          4          0          0          0        653   rt_event.o
       530         34          0          0         48       8165   rt_list.o
       550         10          0          0          0       3897   rt_mailbox.o
       140          0          0          0          0       1901   rt_membox.o
       128          0          0          0          0       2275   rt_memory.o
       320         12          0          0          0       1603   rt_mutex.o
        96         22          0          8          0       1134   rt_robin.o
        52          4          0          0          0        565   rt_semaphore.o
       298         52          0          8          0       6151   rt_system.o
      1216        174          0          8         52       9545   rt_task.o
         0          0          0          4          0        206   rt_time.o
         4          4          0          0          0        200   svc_table.o
         8          0          0          0          0         68   __main.o
       284          0          0          0          0        156   __printf_wp.o
         0          0          0          0          0          0   __rtentry.o
        20          0          0          0          0          0   __rtentry2.o
         6          0          0          0          0          0   __rtentry4.o
        52          8          0          0          0          0   __scatter.o
        26          0          0          0          0          0   __scatter_copy.o
        28          0          0          0          0          0   __scatter_zi.o
        48          6          0          0          0         96   _printf_char_common.o
         6          0          0          0          0          0   _printf_d.o
       120         16          0          0          0         92   _printf_dec.o
       178          0          0          0          0         88   _printf_intcommon.o
        78          0          0          0          0        108   _printf_pad.o
         0          0          0          0          0          0   _printf_percent.o
         4          0          0          0          0          0   _printf_percent_end.o
        10          0          0          0          0         68   _sputc.o
        18          0          0          0          0         80   exit.o
         6          0          0          0          0        152   heapauxi.o
         0          0          0          0          0          0   indicate_semi.o
         2          0          0          0          0          0   libinit.o
         2          0          0          0          0          0   libinit2.o
         2          0          0          0          0          0   libshutdown.o
         2          0          0          0          0          0   libshutdown2.o
         8          4          0          0         96         68   libspace.o
        40          6          0          0          0         84   noretval__2sprintf.o
         2          0          0          0          0          0   rtexit.o
        10          0          0          0          0          0   rtexit2.o
        12          4          0          0          0         68   sys_exit.o
        74          0          0          0          0         80   sys_stackheap_outer.o
         2          0          0          0          0         68   use_no_semi.o

    ----------------------------------------------------------------------
      6144        560          0         40        200      72752   Library Totals
        22          0          0          3          4          0   (incl. Padding)

    ----------------------------------------------------------------------

      Code (inc. data)   RO Data    RW Data    ZI Data      Debug   Library Name

      5074        516          0         37        100      71476   RTX_CM3.lib
      1048         44          0          0         96       1276   c_w.l

    ----------------------------------------------------------------------
      6144        560          0         40        200      72752   Library Totals

    ----------------------------------------------------------------------

==============================================================================


      Code (inc. data)   RO Data    RW Data    ZI Data      Debug   

     10216        788       5700         88       3744     139291   Grand Totals
     10216        788       5700         88       3744     139291   ELF Image Totals
     10216        788       5700         88          0          0   ROM Totals

==============================================================================

    Total RO  Size (Code + RO Data)                15916 (  15.54kB)
    Total RW  Size (RW Data + ZI Data)              3832 (   3.74kB)
    Total ROM Size (Code + RO Data + RW Data)      16004 (  15.63kB)

==============================================================================

