<html>
<body>
<pre>
<h1>µVision Build Log</h1>
<h2>Tool Versions:</h2>
IDE-Version: µVision V5.20.0.0
Copyright (C) 2016 ARM Ltd and ARM Germany GmbH. All rights reserved.
License Information: abbas laki, bavar, LIC=P6FVE-51NBD-ZCDJY-IGJ39-TJ5C2-JU6L6
 
Tool Versions:
Toolchain:       MDK-ARM Professional  Version: 5.20
Toolchain Path:  C:\Keil_v5\ARM\ARMCC\Bin
C Compiler:      Armcc.exe V5.06 update 2 (build 183)
Assembler:       Armasm.exe V5.06 update 2 (build 183)
Linker/Locator:  ArmLink.exe V5.06 update 2 (build 183)
Library Manager: ArmAr.exe V5.06 update 2 (build 183)
Hex Converter:   FromElf.exe V5.06 update 2 (build 183)
CPU DLL:         SARMCM3.DLL V5.20
Dialog DLL:      DARMP1.DLL V1.26.0.0
Target DLL:      Segger\JL2CM3.dll V2.99.20.0
Dialog DLL:      TARMP1.DLL V1.25.0.0
 
<h2>Project:</h2>
E:\Sajjad\Lessons\MicroLPC1768\LPC1768\Example\ADC_ShowonBar\Blinky.uvprojx
Project File Date:  05/09/2018

<h2>Output:</h2>
*** Using Compiler 'V5.06 update 2 (build 183)', folder: 'C:\Keil_v5\ARM\ARMCC\Bin'
Rebuild target 'LPC1768 Flash'
assembling startup_LPC17xx.s...
compiling system_LPC17xx.c...
compiling core_cm3.c...
compiling Blinky.c...
Blinky.c(31): warning:  #61-D: integer operation result is out of range
        
PC_PINCON->PINSEL3= (0x3 << 30); // select ad5 as input of a2d
Blinky.c(31): warning:  #68-D: integer conversion resulted in a change of sign
        
PC_PINCON->PINSEL3= (0x3 << 30); // select ad5 as input of a2d
Blinky.c(42): warning:  #223-D: function "sprintf" declared implicitly
        sprintf (snum,"%4d",i);
Blinky.c(44): warning:  #167-D: argument of type "char *" is incompatible with parameter of type "unsigned char *"
        GLCD_DisplayString (1,1,snum);
Blinky.c: 4 warnings, 0 errors
compiling IRQ.c...
compiling GLCD_LPC1700.c...
compiling Bg_16bpp_t.c...
compiling Bg_16bpp_l.c...
compiling Bg_16bpp_r.c...
compiling Bg_16bpp_b.c...
compiling ARM_Ani_16bpp.c...
linking...
Program Size: Code=5120 RO-data=5612 RW-data=20 ZI-data=516  
FromELF: creating hex file...
".\Flash\Blinky.axf" - 0 Error(s), 4 Warning(s).

<h2>Software Packages used:</h2>

Package Vendor: ARM
                http://www.keil.com/pack/ARM.CMSIS.4.5.0.pack
                ARM::CMSIS:CORE:4.3.0
                CMSIS (Cortex Microcontroller Software Interface Standard)
   * Component: CORE Version: 4.3.0

<h2>Collection of Component include folders:</h2>
  E:\Sajjad\Lessons\MicroLPC1768\LPC1768\Example\ADC_ShowonBar\RTE
  C:\Keil_v5\ARM\PACK\ARM\CMSIS\4.5.0\CMSIS\Include
  C:\Keil_v5\ARM\PACK\Keil\LPC1700_DFP\2.3.0\Device\Include

<h2>Collection of Component Files used:</h2>

   * Component: ARM::CMSIS:CORE:4.3.0
Build Time Elapsed:  00:00:03
</pre>
</body>
</html>
