


ARM Macro Assembler    Page 1 


    1 00000000                 AREA             RESET , DATA , READONLY
    2 00000000 10008000        DCD              0x10008000  ;
    3 00000004 00000000        DCD              Reset_Handler ; 
    4 00000008         
    5 00000008                 AREA             MYCODE , CODE , READONLY
    6 00000000         
    7 00000000         ENTRY
    8 00000000         Reset_Handler
    9 00000000         ;   mov r0,#8
   10 00000000 F06F 0102       mov              r1,#-3
   11 00000004 EA4F 0141       lsl              r1,#1
   12 00000008 F06F 0202       mov              r2,#-3
   13 0000000C EA4F 0252       lsr              r2,#1
   14 00000010 F06F 0302       mov              r3,#-3
   15 00000014 EA4F 0363       asr              r3,#1
   16 00000018         
   17 00000018         
   18 00000018         
   19 00000018 F04F 0009       mov              r0,#10-1
   20 0000001C 490B            ldr              r1, =NumberInROM
   21 0000001E 4C0C            ldr              r4, =NumberInRAM
   22 00000020 F991 2000       ldrsb            r2 , [r1]   ; read first data f
                                                            rom flash
   23 00000024 780B            ldrb             r3 , [r1]   ; read first data f
                                                            rom flash
   24 00000026         
   25 00000026         TestNextByte
   26 00000026 F101 0101       add              r1,#1
   27 0000002A F991 3000       ldrsb            r3 , [r1]   ;
   28 0000002E 6023            str              r3,[r4]
   29 00000030 F104 0404       add              r4,#4
   30 00000034 429A            cmp              r2,r3
   31 00000036 DA00            bge              NoExchange
   32 00000038 461A            mov              r2,r3
   33 0000003A         
   34 0000003A         NoExchange
   35 0000003A 3801            subs             r0,#1
   36 0000003C D1F3            bne              TestNextByte
   37 0000003E         
   38 0000003E         
   39 0000003E         loop
   40 0000003E E7FE            b                loop
   41 00000040         
   42 00000040 FD 2D D3 
              6F B0 1D 
              17 DE B2 
              25       NumberInROM
                               DCB              -3,45,-45,111,176,29,23,-34,-78
,0x25
   43 0000004A 00 00 00000000 
              00000000         AREA             MYData , DATA , READWRITE
   44 00000000                 COMMON           NumberInRAM ,12 ,4
   45 00000000                 end
Command Line: --debug --xref --diag_suppress=9931 --cpu=Cortex-M3 --apcs=interw
ork --depend=.\objects\test00.d -o.\objects\test00.o -I.\RTE\_Target_1 -I"D:\Pr
ograms files\Keil\ARM\PACK\Keil\LPC1700_DFP\2.7.1\Device\Include" -I"D:\Program
s files\Keil\ARM\CMSIS\Include" --predefine="__UVISION_VERSION SETA 525" --pred
efine="LPC175x_6x SETA 1" --list=.\listings\test00.lst test00.s



ARM Macro Assembler    Page 1 Alphabetic symbol ordering
Relocatable symbols

RESET 00000000

Symbol: RESET
   Definitions
      At line 1 in file test00.s
   Uses
      None
Comment: RESET unused
1 symbol



ARM Macro Assembler    Page 1 Alphabetic symbol ordering
Relocatable symbols

ENTRY 00000000

Symbol: ENTRY
   Definitions
      At line 7 in file test00.s
   Uses
      None
Comment: ENTRY unused
MYCODE 00000000

Symbol: MYCODE
   Definitions
      At line 5 in file test00.s
   Uses
      None
Comment: MYCODE unused
NoExchange 0000003A

Symbol: NoExchange
   Definitions
      At line 34 in file test00.s
   Uses
      At line 31 in file test00.s
Comment: NoExchange used once
NumberInROM 00000040

Symbol: NumberInROM
   Definitions
      At line 42 in file test00.s
   Uses
      At line 20 in file test00.s
Comment: NumberInROM used once
Reset_Handler 00000000

Symbol: Reset_Handler
   Definitions
      At line 8 in file test00.s
   Uses
      At line 3 in file test00.s
Comment: Reset_Handler used once
TestNextByte 00000026

Symbol: TestNextByte
   Definitions
      At line 25 in file test00.s
   Uses
      At line 36 in file test00.s
Comment: TestNextByte used once
loop 0000003E

Symbol: loop
   Definitions
      At line 39 in file test00.s
   Uses
      At line 40 in file test00.s
Comment: loop used once
7 symbols



ARM Macro Assembler    Page 1 Alphabetic symbol ordering
Relocatable symbols

MYData 00000000

Symbol: MYData
   Definitions
      At line 43 in file test00.s
   Uses
      None
Comment: MYData unused
1 symbol



ARM Macro Assembler    Page 1 Alphabetic symbol ordering
External symbols

NumberInRAM 00000000

Symbol: NumberInRAM
   Definitions
      At line 44 in file test00.s
   Uses
      At line 21 in file test00.s
Comment: NumberInRAM used once
1 symbol
344 symbols in table
