<html>
<body>
<pre>
<h1>µVision Build Log</h1>
<h2>Tool Versions:</h2>
IDE-Version: µVision V5.20.0.0
Copyright (C) 2016 ARM Ltd and ARM Germany GmbH. All rights reserved.
License Information: abbas laki, bavar, LIC=P6FVE-51NBD-ZCDJY-IGJ39-TJ5C2-JU6L6
 
Tool Versions:
Toolchain:       MDK-ARM Professional  Version: 5.20
Toolchain Path:  C:\Keil_v5\ARM\ARMCC\Bin
C Compiler:      Armcc.exe V5.06 update 2 (build 183)
Assembler:       Armasm.exe V5.06 update 2 (build 183)
Linker/Locator:  ArmLink.exe V5.06 update 2 (build 183)
Library Manager: ArmAr.exe V5.06 update 2 (build 183)
Hex Converter:   FromElf.exe V5.06 update 2 (build 183)
CPU DLL:         SARMCM3.DLL V5.20
Dialog DLL:      DARMP1.DLL V1.26.0.0
Target DLL:      UL2CM3.DLL V1.157.18.0
Dialog DLL:      TARMP1.DLL V1.25.0.0
 
<h2>Project:</h2>
E:\Sajjad\Lessons\MicroLPC1768\LPC1768\Example\ADC_Add3Ch\ADC_Add3ch_outDAC_Timer.uvprojx
Project File Date:  12/28/2019

<h2>Output:</h2>
*** Using Compiler 'V5.06 update 2 (build 183)', folder: 'C:\Keil_v5\ARM\ARMCC\Bin'
Rebuild target 'Target 1'
compiling ADC_Add3ch_outDAC_Timer.c...
ADC_Add3ch_outDAC_Timer.c(9): warning:  #61-D: integer operation result is out of range
        
PC_PINCON->PINSEL3= (0x3 << 30); // select ad5 as input of a2d port1.31
ADC_Add3ch_outDAC_Timer.c(9): warning:  #68-D: integer conversion resulted in a change of sign
        
PC_PINCON->PINSEL3= (0x3 << 30); // select ad5 as input of a2d port1.31
ADC_Add3ch_outDAC_Timer.c(31): warning:  #61-D: integer operation result is out of range
                        while ( 
PC_ADC->ADGDR && (1<<31) ==0);
ADC_Add3ch_outDAC_Timer.c: 3 warnings, 0 errors
assembling startup_LPC17xx.s...
compiling system_LPC17xx.c...
linking...
Program Size: Code=960 RO-data=236 RW-data=12 ZI-data=612  
".\Objects\ADC_Add3ch_outDAC_Timer.axf" - 0 Error(s), 3 Warning(s).

<h2>Software Packages used:</h2>

Package Vendor: ARM
                http://www.keil.com/pack/ARM.CMSIS.4.5.0.pack
                ARM::CMSIS:CORE:4.3.0
                CMSIS (Cortex Microcontroller Software Interface Standard)
   * Component: CORE Version: 4.3.0

Package Vendor: Keil
                http://www.keil.com/pack/Keil.LPC1700_DFP.2.3.0.pack
                Keil::Device:Startup:1.0.0
                NXP LPC1700 Series Device Support, Drivers and Examples for MCB1700 and LPC1788-32
   * Component: Startup Version: 1.0.0

<h2>Collection of Component include folders:</h2>
  E:\Sajjad\Lessons\MicroLPC1768\LPC1768\Example\ADC_Add3Ch\RTE
  E:\Sajjad\Lessons\MicroLPC1768\LPC1768\Example\ADC_Add3Ch\RTE\Device\LPC1768
  C:\Keil_v5\ARM\PACK\ARM\CMSIS\4.5.0\CMSIS\Include
  C:\Keil_v5\ARM\PACK\Keil\LPC1700_DFP\2.3.0\Device\Include

<h2>Collection of Component Files used:</h2>

   * Component: ARM::CMSIS:CORE:4.3.0

   * Component: Keil::Device:Startup:1.0.0
      Include file:  Device\Include\LPC17xx.h
      Source file:   Device\Source\ARM\startup_LPC17xx.s
      Source file:   Device\Source\system_LPC17xx.c
      Include file:  RTE_Driver\Config\RTE_Device.h
Build Time Elapsed:  00:00:00
</pre>
</body>
</html>
